src/components/AttendanceTimeline.tsx(32,49): error TS2339: Property 'clockInTime' does not exist on type 'unknown'.
src/components/AttendanceTimeline.tsx(34,54): error TS2339: Property 'hasClockedIn' does not exist on type 'unknown'.
src/components/BudgetDisplay.tsx(114,12): error TS2741: Property 'route' is missing in type '{ utilisedData: number[]; maxBudget: number[]; }' but required in type '{ utilisedData: any; maxBudget: any; route: any; }'.
src/components/BudgetDisplay.tsx(153,8): error TS2739: Type '{ financialData: any[]; }' is missing the following properties from type '{ financialData: any; isLoading: any; variant: any; hideTitle: any; noInvoice?: boolean; noFilter?: boolean; annaualExpense?: boolean; showInvoice?: boolean; newTitle: any; }': isLoading, variant, hideTitle, newTitle
src/components/Card.tsx(39,7): error TS2322: Type '{ rest: { scale: number; }; hover: { scale: number; transition: { duration: number; ease: string; }; }; }' is not assignable to type 'Variants'.
  Property 'hover' is incompatible with index signature.
    Type '{ scale: number; transition: { duration: number; ease: string; }; }' is not assignable to type 'Variant'.
      Type '{ scale: number; transition: { duration: number; ease: string; }; }' is not assignable to type 'TargetAndTransition'.
        Type '{ scale: number; transition: { duration: number; ease: string; }; }' is not assignable to type '{ transition?: Transition<any>; transitionEnd?: ResolvedValues$1; }'.
          Types of property 'transition' are incompatible.
            Type '{ duration: number; ease: string; }' is not assignable to type 'Transition<any>'.
              Type '{ duration: number; ease: string; }' is not assignable to type 'TransitionWithValueOverrides<any>'.
                Type '{ duration: number; ease: string; }' is not assignable to type 'ValueAnimationTransition<any>'.
                  Types of property 'ease' are incompatible.
                    Type 'string' is not assignable to type 'Easing | Easing[]'.
src/components/ClockInOutAttendance.tsx(98,49): error TS2339: Property 'clockInTime' does not exist on type 'unknown'.
src/components/ClockInOutAttendance.tsx(99,54): error TS2339: Property 'hasClockedIn' does not exist on type 'unknown'.
src/components/ClockInOutAttendance.tsx(100,50): error TS2339: Property 'clockOutTime' does not exist on type 'unknown'.
src/components/ClockInOutAttendance.tsx(102,58): error TS2339: Property 'breaks' does not exist on type 'unknown'.
src/components/ClockInOutAttendance.tsx(161,5): error TS2448: Block-scoped variable 'calculateTotalHoursServer' used before its declaration.
src/components/ClockInOutAttendance.tsx(270,30): error TS2554: Expected 3-4 arguments, but got 1.
src/components/ClockInOutAttendance.tsx(366,29): error TS2362: The left-hand side of an arithmetic operation must be of type 'any', 'number', 'bigint' or an enum type.
src/components/ClockInOutAttendance.tsx(366,45): error TS2363: The right-hand side of an arithmetic operation must be of type 'any', 'number', 'bigint' or an enum type.
src/components/ClockInOutAttendance.tsx(369,27): error TS2362: The left-hand side of an arithmetic operation must be of type 'any', 'number', 'bigint' or an enum type.
src/components/ClockInOutAttendance.tsx(369,47): error TS2363: The right-hand side of an arithmetic operation must be of type 'any', 'number', 'bigint' or an enum type.
src/components/ClockInOutAttendance.tsx(380,25): error TS2362: The left-hand side of an arithmetic operation must be of type 'any', 'number', 'bigint' or an enum type.
src/components/ClockInOutAttendance.tsx(380,45): error TS2363: The right-hand side of an arithmetic operation must be of type 'any', 'number', 'bigint' or an enum type.
src/components/ClockInOutAttendance.tsx(415,25): error TS2362: The left-hand side of an arithmetic operation must be of type 'any', 'number', 'bigint' or an enum type.
src/components/ClockInOutAttendance.tsx(415,45): error TS2363: The right-hand side of an arithmetic operation must be of type 'any', 'number', 'bigint' or an enum type.
src/components/ClockInOutAttendance.tsx(420,31): error TS2362: The left-hand side of an arithmetic operation must be of type 'any', 'number', 'bigint' or an enum type.
src/components/ClockInOutAttendance.tsx(420,50): error TS2363: The right-hand side of an arithmetic operation must be of type 'any', 'number', 'bigint' or an enum type.
src/components/graphs/AreaGraph.tsx(200,7): error TS2353: Object literal may only specify known properties, and 'scrollable' does not exist in type 'ApexChart'.
src/components/graphs/BarGraph.tsx(151,13): error TS2769: No overload matches this call.
  Overload 1 of 2, '(props: Props): ReactApexChart', gave the following error.
    Type 'Record<string, any>[]' is not assignable to type 'ApexAxisChartSeries | ApexNonAxisChartSeries'.
      Type 'Record<string, any>[]' is not assignable to type 'ApexAxisChartSeries'.
        Property 'data' is missing in type 'Record<string, any>' but required in type '{ name?: string; type?: string; color?: string; group?: string; hidden?: boolean; zIndex?: number; data: number[] | { x: any; y: any; fill?: ApexFill; fillColor?: string; strokeColor?: string; meta?: any; goals?: { ...; }[]; barHeightOffset?: number; columnWidthOffset?: number; }[] | [...][] | [...][] | number[][]; }'.
  Overload 2 of 2, '(props: Props, context: any): ReactApexChart', gave the following error.
    Type 'Record<string, any>[]' is not assignable to type 'ApexAxisChartSeries | ApexNonAxisChartSeries'.
      Type 'Record<string, any>[]' is not assignable to type 'ApexAxisChartSeries'.
        Property 'data' is missing in type 'Record<string, any>' but required in type '{ name?: string; type?: string; color?: string; group?: string; hidden?: boolean; zIndex?: number; data: number[] | { x: any; y: any; fill?: ApexFill; fillColor?: string; strokeColor?: string; meta?: any; goals?: { ...; }[]; barHeightOffset?: number; columnWidthOffset?: number; }[] | [...][] | [...][] | number[][]; }'.
src/components/graphs/BudgetGraph.tsx(114,14): error TS2769: No overload matches this call.
  Overload 1 of 2, '(props: Props): ReactApexChart', gave the following error.
    Type '{ chart: { type: string; toolbar: { show: boolean; }; stacked: boolean; fontFamily: string; events: { dataPointSelection: () => void | Promise<void>; }; }; plotOptions: { bar: { horizontal: boolean; columnWidth: string; borderRadius: number; borderRadiusWhenStacked: string; borderRadiusApplication: string; }; }; ......' is not assignable to type 'ApexOptions'.
      The types of 'chart.type' are incompatible between these types.
        Type 'string' is not assignable to type '"area" | "line" | "bar" | "pie" | "donut" | "radialBar" | "scatter" | "bubble" | "heatmap" | "candlestick" | "boxPlot" | "radar" | "polarArea" | "rangeBar" | "rangeArea" | "treemap"'.
  Overload 2 of 2, '(props: Props, context: any): ReactApexChart', gave the following error.
    Type '{ chart: { type: string; toolbar: { show: boolean; }; stacked: boolean; fontFamily: string; events: { dataPointSelection: () => void | Promise<void>; }; }; plotOptions: { bar: { horizontal: boolean; columnWidth: string; borderRadius: number; borderRadiusWhenStacked: string; borderRadiusApplication: string; }; }; ......' is not assignable to type 'ApexOptions'.
      The types of 'chart.type' are incompatible between these types.
        Type 'string' is not assignable to type '"area" | "line" | "bar" | "pie" | "donut" | "radialBar" | "scatter" | "bubble" | "heatmap" | "candlestick" | "boxPlot" | "radar" | "polarArea" | "rangeBar" | "rangeArea" | "treemap"'.
src/components/graphs/DateBasedGraph.tsx(39,37): error TS2554: Expected 0 arguments, but got 1.
src/components/graphs/DateBasedGraph.tsx(48,25): error TS2345: Argument of type 'string' is not assignable to parameter of type 'number'.
src/components/graphs/DateBasedGraph.tsx(50,14): error TS2362: The left-hand side of an arithmetic operation must be of type 'any', 'number', 'bigint' or an enum type.
src/components/graphs/DateBasedGraph.tsx(50,25): error TS2363: The right-hand side of an arithmetic operation must be of type 'any', 'number', 'bigint' or an enum type.
src/components/graphs/DateBasedGraph.tsx(113,6): error TS2740: Type '{ title: string; data: { group: any; name: string; data: any[]; }[]; options: { chart: { type: string; toolbar: { show: boolean; }; fontFamily: string; events: { dataPointSelection: (event: any, chartCtx: any, config: any) => void; }; }; ... 4 more ...; tooltip: { ...; }; }; titleAmount: string; onYearChange: (fyLab...' is missing the following properties from type '{ options: any; data: any; dataPoint: any; title: any; titleAmount: any; chartId: any; TitleAmountGreen: any; TitleAmountRed: any; responsiveResize?: boolean; secondParam?: boolean; chartHeight: any; currentYear: any; onYearChange: any; dateKey: any; }': dataPoint, chartId, TitleAmountGreen, TitleAmountRed, and 3 more.
src/components/graphs/DonutChart.tsx(106,9): error TS2769: No overload matches this call.
  Overload 1 of 2, '(props: Props): ReactApexChart', gave the following error.
    Type '{ chart: { type: string; animations: { enabled: boolean; }; fontFamily: string; events: { dataPointSelection: (event: any, chartContext: any, config: any) => void; }; }; colors: any; labels: any; legend: { ...; }; dataLabels: { ...; }; tooltip: { ...; }; plotOptions: { ...; }; }' is not assignable to type 'ApexOptions'.
      The types of 'chart.type' are incompatible between these types.
        Type 'string' is not assignable to type '"area" | "line" | "bar" | "pie" | "donut" | "radialBar" | "scatter" | "bubble" | "heatmap" | "candlestick" | "boxPlot" | "radar" | "polarArea" | "rangeBar" | "rangeArea" | "treemap"'.
  Overload 2 of 2, '(props: Props, context: any): ReactApexChart', gave the following error.
    Type '{ chart: { type: string; animations: { enabled: boolean; }; fontFamily: string; events: { dataPointSelection: (event: any, chartContext: any, config: any) => void; }; }; colors: any; labels: any; legend: { ...; }; dataLabels: { ...; }; tooltip: { ...; }; plotOptions: { ...; }; }' is not assignable to type 'ApexOptions'.
      The types of 'chart.type' are incompatible between these types.
        Type 'string' is not assignable to type '"area" | "line" | "bar" | "pie" | "donut" | "radialBar" | "scatter" | "bubble" | "heatmap" | "candlestick" | "boxPlot" | "radar" | "polarArea" | "rangeBar" | "rangeArea" | "treemap"'.
src/components/graphs/FyBarGraph.tsx(61,21): error TS2345: Argument of type 'unknown' is not assignable to parameter of type 'SetStateAction<string>'.
src/components/graphs/FyBarGraph.tsx(173,47): error TS2345: Argument of type 'unknown' is not assignable to parameter of type 'SetStateAction<string>'.
src/components/graphs/FyBarGraph.tsx(182,47): error TS2345: Argument of type 'unknown' is not assignable to parameter of type 'SetStateAction<string>'.
src/components/graphs/FyBarGraphCount.tsx(60,21): error TS2345: Argument of type 'unknown' is not assignable to parameter of type 'SetStateAction<string>'.
src/components/graphs/FyBarGraphCount.tsx(165,11): error TS2769: No overload matches this call.
  Overload 1 of 2, '(props: Props): ReactApexChart', gave the following error.
    Type '{ chart: { type: string; stacked: boolean; height: number; toolbar: { show: boolean; }; fontFamily: string; }; plotOptions: { bar: { borderRadius: number; horizontal: boolean; columnWidth: string; }; }; ... 5 more ...; colors: string[]; }' is not assignable to type 'ApexOptions'.
      The types of 'chart.type' are incompatible between these types.
        Type 'string' is not assignable to type '"area" | "line" | "bar" | "pie" | "donut" | "radialBar" | "scatter" | "bubble" | "heatmap" | "candlestick" | "boxPlot" | "radar" | "polarArea" | "rangeBar" | "rangeArea" | "treemap"'.
  Overload 2 of 2, '(props: Props, context: any): ReactApexChart', gave the following error.
    Type '{ chart: { type: string; stacked: boolean; height: number; toolbar: { show: boolean; }; fontFamily: string; }; plotOptions: { bar: { borderRadius: number; horizontal: boolean; columnWidth: string; }; }; ... 5 more ...; colors: string[]; }' is not assignable to type 'ApexOptions'.
      The types of 'chart.type' are incompatible between these types.
        Type 'string' is not assignable to type '"area" | "line" | "bar" | "pie" | "donut" | "radialBar" | "scatter" | "bubble" | "heatmap" | "candlestick" | "boxPlot" | "radar" | "polarArea" | "rangeBar" | "rangeArea" | "treemap"'.
src/components/graphs/FyBarGraphCount.tsx(174,47): error TS2345: Argument of type 'unknown' is not assignable to parameter of type 'SetStateAction<string>'.
src/components/graphs/FyBarGraphCount.tsx(181,47): error TS2345: Argument of type 'unknown' is not assignable to parameter of type 'SetStateAction<string>'.
src/components/graphs/FyBarGraphPercentage.tsx(59,21): error TS2345: Argument of type 'unknown' is not assignable to parameter of type 'SetStateAction<string>'.
src/components/graphs/FyBarGraphPercentage.tsx(209,59): error TS2365: Operator '+' cannot be applied to types 'unknown' and 'unknown'.
src/components/graphs/FyBarGraphPercentage.tsx(214,11): error TS2769: No overload matches this call.
  Overload 1 of 2, '(props: Props): ReactApexChart', gave the following error.
    Type '{ chart: { type: string; stacked: boolean; height: number; toolbar: { show: boolean; }; fontFamily: string; }; plotOptions: { bar: { borderRadius: number; horizontal: boolean; columnWidth: string; }; }; ... 5 more ...; colors: string[]; }' is not assignable to type 'ApexOptions'.
      The types of 'chart.type' are incompatible between these types.
        Type 'string' is not assignable to type '"area" | "line" | "bar" | "pie" | "donut" | "radialBar" | "scatter" | "bubble" | "heatmap" | "candlestick" | "boxPlot" | "radar" | "polarArea" | "rangeBar" | "rangeArea" | "treemap"'.
  Overload 2 of 2, '(props: Props, context: any): ReactApexChart', gave the following error.
    Type '{ chart: { type: string; stacked: boolean; height: number; toolbar: { show: boolean; }; fontFamily: string; }; plotOptions: { bar: { borderRadius: number; horizontal: boolean; columnWidth: string; }; }; ... 5 more ...; colors: string[]; }' is not assignable to type 'ApexOptions'.
      The types of 'chart.type' are incompatible between these types.
        Type 'string' is not assignable to type '"area" | "line" | "bar" | "pie" | "donut" | "radialBar" | "scatter" | "bubble" | "heatmap" | "candlestick" | "boxPlot" | "radar" | "polarArea" | "rangeBar" | "rangeArea" | "treemap"'.
src/components/graphs/FyBarGraphPercentage.tsx(224,47): error TS2345: Argument of type 'unknown' is not assignable to parameter of type 'SetStateAction<string>'.
src/components/graphs/FyBarGraphPercentage.tsx(233,47): error TS2345: Argument of type 'unknown' is not assignable to parameter of type 'SetStateAction<string>'.
src/components/graphs/FyMonthBarGraph.tsx(46,60): error TS2345: Argument of type 'unknown' is not assignable to parameter of type 'SetStateAction<string>'.
src/components/graphs/FyMonthBarGraph.tsx(58,17): error TS2362: The left-hand side of an arithmetic operation must be of type 'any', 'number', 'bigint' or an enum type.
src/components/graphs/FyMonthBarGraph.tsx(58,38): error TS2363: The right-hand side of an arithmetic operation must be of type 'any', 'number', 'bigint' or an enum type.
src/components/graphs/FyMonthBarGraph.tsx(167,11): error TS2769: No overload matches this call.
  Overload 1 of 2, '(props: Props): ReactApexChart', gave the following error.
    Type '{ chart: { type: string; height: number; toolbar: { show: boolean; }; fontFamily: string; }; plotOptions: { bar: { borderRadius: number; columnWidth: string; dataLabels: { position: string; }; }; }; dataLabels: { ...; }; xaxis: { ...; }; yaxis: { ...; }; tooltip: { ...; }; colors: string[]; }' is not assignable to type 'ApexOptions'.
      The types of 'chart.type' are incompatible between these types.
        Type 'string' is not assignable to type '"area" | "line" | "bar" | "pie" | "donut" | "radialBar" | "scatter" | "bubble" | "heatmap" | "candlestick" | "boxPlot" | "radar" | "polarArea" | "rangeBar" | "rangeArea" | "treemap"'.
  Overload 2 of 2, '(props: Props, context: any): ReactApexChart', gave the following error.
    Type '{ chart: { type: string; height: number; toolbar: { show: boolean; }; fontFamily: string; }; plotOptions: { bar: { borderRadius: number; columnWidth: string; dataLabels: { position: string; }; }; }; dataLabels: { ...; }; xaxis: { ...; }; yaxis: { ...; }; tooltip: { ...; }; colors: string[]; }' is not assignable to type 'ApexOptions'.
      The types of 'chart.type' are incompatible between these types.
        Type 'string' is not assignable to type '"area" | "line" | "bar" | "pie" | "donut" | "radialBar" | "scatter" | "bubble" | "heatmap" | "candlestick" | "boxPlot" | "radar" | "polarArea" | "rangeBar" | "rangeArea" | "treemap"'.
src/components/graphs/FyMonthBarGraph.tsx(179,49): error TS2345: Argument of type 'unknown' is not assignable to parameter of type 'SetStateAction<string>'.
src/components/graphs/FyMonthBarGraph.tsx(185,49): error TS2345: Argument of type 'unknown' is not assignable to parameter of type 'SetStateAction<string>'.
src/components/graphs/HrExpenseGraph.tsx(106,14): error TS2769: No overload matches this call.
  Overload 1 of 2, '(props: Props): ReactApexChart', gave the following error.
    Type '{ chart: { type: string; toolbar: { show: boolean; }; stacked: boolean; fontFamily: string; events: { dataPointSelection: () => void | Promise<void>; }; }; plotOptions: { bar: { horizontal: boolean; columnWidth: string; borderRadius: number; borderRadiusWhenStacked: string; borderRadiusApplication: string; }; }; ......' is not assignable to type 'ApexOptions'.
      The types of 'chart.type' are incompatible between these types.
        Type 'string' is not assignable to type '"area" | "line" | "bar" | "pie" | "donut" | "radialBar" | "scatter" | "bubble" | "heatmap" | "candlestick" | "boxPlot" | "radar" | "polarArea" | "rangeBar" | "rangeArea" | "treemap"'.
  Overload 2 of 2, '(props: Props, context: any): ReactApexChart', gave the following error.
    Type '{ chart: { type: string; toolbar: { show: boolean; }; stacked: boolean; fontFamily: string; events: { dataPointSelection: () => void | Promise<void>; }; }; plotOptions: { bar: { horizontal: boolean; columnWidth: string; borderRadius: number; borderRadiusWhenStacked: string; borderRadiusApplication: string; }; }; ......' is not assignable to type 'ApexOptions'.
      The types of 'chart.type' are incompatible between these types.
        Type 'string' is not assignable to type '"area" | "line" | "bar" | "pie" | "donut" | "radialBar" | "scatter" | "bubble" | "heatmap" | "candlestick" | "boxPlot" | "radar" | "polarArea" | "rangeBar" | "rangeArea" | "treemap"'.
src/components/graphs/ScatterGraph.tsx(134,9): error TS2769: No overload matches this call.
  Overload 1 of 2, '(props: Props): ReactApexChart', gave the following error.
    Type '{ chart: { type: string; fontFamily: string; zoom: { enabled: boolean; type: string; }; }; xaxis: { title: { text: string; }; }; yaxis: { min: number; max: number; tickAmount: number; labels: { formatter: (value: any) => string; }; title: { ...; }; }; markers: { ...; }; legend: { ...; }; tooltip: { ...; }; }' is not assignable to type 'ApexOptions'.
      The types of 'chart.type' are incompatible between these types.
        Type 'string' is not assignable to type '"area" | "line" | "bar" | "pie" | "donut" | "radialBar" | "scatter" | "bubble" | "heatmap" | "candlestick" | "boxPlot" | "radar" | "polarArea" | "rangeBar" | "rangeArea" | "treemap"'.
  Overload 2 of 2, '(props: Props, context: any): ReactApexChart', gave the following error.
    Type '{ chart: { type: string; fontFamily: string; zoom: { enabled: boolean; type: string; }; }; xaxis: { title: { text: string; }; }; yaxis: { min: number; max: number; tickAmount: number; labels: { formatter: (value: any) => string; }; title: { ...; }; }; markers: { ...; }; legend: { ...; }; tooltip: { ...; }; }' is not assignable to type 'ApexOptions'.
      The types of 'chart.type' are incompatible between these types.
        Type 'string' is not assignable to type '"area" | "line" | "bar" | "pie" | "donut" | "radialBar" | "scatter" | "bubble" | "heatmap" | "candlestick" | "boxPlot" | "radar" | "polarArea" | "rangeBar" | "rangeArea" | "treemap"'.
src/components/graphs/YearlyGraph.tsx(139,13): error TS2322: Type 'boolean' is not assignable to type '{ title: string; data: string | number; }'.
src/components/Header.tsx(68,23): error TS2339: Property 'url' does not exist on type 'unknown'.
src/components/Header.tsx(138,42): error TS2339: Property 'url' does not exist on type 'unknown'.
src/components/Header.tsx(139,53): error TS2339: Property 'url' does not exist on type 'unknown'.
src/components/Header.tsx(141,33): error TS2339: Property 'charAt' does not exist on type 'unknown'.
src/components/Header.tsx(148,36): error TS2339: Property 'split' does not exist on type 'unknown'.
src/components/HrDashboardGraph/PayRollExpenseGraph.tsx(91,10): error TS2741: Property 'route' is missing in type '{ title: string; data: { name: string; data: number[]; }[]; options: { chart: { type: string; stacked: boolean; }; plotOptions: { bar: { horizontal: boolean; columnWidth: string; borderRadius: number; }; }; colors: string[]; ... 4 more ...; legend: { ...; }; }; }' but required in type '{ title: any; data: any; options: any; route: any; }'.
src/components/HrDashboardGraph/PayRollExpenseGraph.tsx(101,10): error TS2741: Property 'route' is missing in type '{ icon: Element; title: string; }' but required in type 'CardProps'.
src/components/HrDashboardGraph/PayRollExpenseGraph.tsx(102,10): error TS2741: Property 'route' is missing in type '{ icon: Element; title: string; }' but required in type 'CardProps'.
src/components/HrDashboardGraph/PayRollExpenseGraph.tsx(103,10): error TS2741: Property 'route' is missing in type '{ icon: Element; title: string; }' but required in type 'CardProps'.
src/components/HrDashboardGraph/PayRollExpenseGraph.tsx(104,10): error TS2741: Property 'route' is missing in type '{ icon: Element; title: string; }' but required in type 'CardProps'.
src/components/HrDashboardGraph/PayRollExpenseGraph.tsx(105,10): error TS2741: Property 'route' is missing in type '{ icon: Element; title: string; }' but required in type 'CardProps'.
src/components/HrDashboardGraph/PayRollExpenseGraph.tsx(106,10): error TS2741: Property 'route' is missing in type '{ icon: Element; title: string; }' but required in type 'CardProps'.
src/components/HrDashboardGraph/PayRollExpenseGraph.tsx(126,13): error TS2322: Type 'number' is not assignable to type 'Record<string, any>'.
src/components/HrDashboardGraph/PayRollExpenseGraph.tsx(127,13): error TS2322: Type 'number' is not assignable to type 'Record<string, any>'.
src/components/HrDashboardGraph/PayRollExpenseGraph.tsx(128,13): error TS2322: Type 'number' is not assignable to type 'Record<string, any>'.
src/components/HrDashboardGraph/PayRollExpenseGraph.tsx(129,13): error TS2322: Type 'number' is not assignable to type 'Record<string, any>'.
src/components/HrDashboardGraph/PayRollExpenseGraph.tsx(130,13): error TS2322: Type 'number' is not assignable to type 'Record<string, any>'.
src/components/HrDashboardGraph/PayRollExpenseGraph.tsx(131,13): error TS2322: Type 'number' is not assignable to type 'Record<string, any>'.
src/components/HrDashboardGraph/PayRollExpenseGraph.tsx(132,13): error TS2322: Type 'number' is not assignable to type 'Record<string, any>'.
src/components/HrDashboardGraph/PayRollExpenseGraph.tsx(133,13): error TS2322: Type 'number' is not assignable to type 'Record<string, any>'.
src/components/HrDashboardGraph/PayRollExpenseGraph.tsx(134,13): error TS2322: Type 'number' is not assignable to type 'Record<string, any>'.
src/components/HrDashboardGraph/PayRollExpenseGraph.tsx(135,13): error TS2322: Type 'number' is not assignable to type 'Record<string, any>'.
src/components/HrDashboardGraph/PayRollExpenseGraph.tsx(136,13): error TS2322: Type 'number' is not assignable to type 'Record<string, any>'.
src/components/HrDashboardGraph/PayRollExpenseGraph.tsx(137,13): error TS2322: Type 'number' is not assignable to type 'Record<string, any>'.
src/components/HRReports/HrReports.tsx(101,11): error TS2322: Type '({ headerCheckboxSelection: boolean; checkboxSelection: boolean; headerName: string; width: number; field?: undefined; flex?: undefined; } | { field: string; headerName: string; flex: number; headerCheckboxSelection?: undefined; checkboxSelection?: undefined; width?: undefined; })[]' is not assignable to type 'ColumnDef[]'.
  Type '{ headerCheckboxSelection: boolean; checkboxSelection: boolean; headerName: string; width: number; field?: undefined; flex?: undefined; } | { field: string; headerName: string; flex: number; headerCheckboxSelection?: undefined; checkboxSelection?: undefined; width?: undefined; }' is not assignable to type 'ColumnDef'.
    Type '{ headerCheckboxSelection: boolean; checkboxSelection: boolean; headerName: string; width: number; field?: undefined; flex?: undefined; }' is not assignable to type 'ColumnDef'.
      Property 'field' is optional in type '{ headerCheckboxSelection: boolean; checkboxSelection: boolean; headerName: string; width: number; field?: undefined; flex?: undefined; }' but required in type 'ColumnDef'.
src/components/Optimization/LazyDashboardWidget.tsx(7,15): error TS2554: Expected 1 arguments, but got 0.
src/components/Optimization/LazyDashboardWidget.tsx(17,30): error TS2345: Argument of type 'unknown' is not assignable to parameter of type 'Element'.
  Type '{}' is missing the following properties from type 'Element': attributes, classList, className, clientHeight, and 183 more.
src/components/Optimization/LazyDashboardWidget.tsx(22,10): error TS2322: Type 'RefObject<unknown>' is not assignable to type 'Ref<HTMLDivElement>'.
  Type 'RefObject<unknown>' is not assignable to type 'RefObject<HTMLDivElement>'.
    Type '{}' is missing the following properties from type 'HTMLDivElement': align, addEventListener, removeEventListener, accessKey, and 319 more.
src/components/Pages/AnnualExpense.tsx(28,39): error TS2339: Property 'some' does not exist on type 'unknown'.
src/components/Pages/AnnualExpense.tsx(83,37): error TS2559: Type 'string[]' has no properties in common with type 'InvalidateQueryFilters<readonly unknown[]>'.
src/components/Pages/AnnualExpense.tsx(246,8): error TS2739: Type '{ financialData: any[]; annaualExpense: true; }' is missing the following properties from type '{ financialData: any; isLoading: any; variant: any; hideTitle: any; noInvoice?: boolean; noFilter?: boolean; annaualExpense?: boolean; showInvoice?: boolean; newTitle: any; }': isLoading, variant, hideTitle, newTitle
src/components/Pages/AnnualExpense.tsx(299,79): error TS2769: No overload matches this call.
  Overload 2 of 3, '(props: { component: ElementType<any, keyof IntrinsicElements>; } & MenuItemOwnProps & Omit<ButtonBaseOwnProps, "classes"> & CommonProps & Omit<...>): Element', gave the following error.
    Type 'unknown' is not assignable to type 'Key'.
  Overload 2 of 3, '(props: { component: ElementType<any, keyof IntrinsicElements>; } & MenuItemOwnProps & Omit<ButtonBaseOwnProps, "classes"> & CommonProps & Omit<...>): Element', gave the following error.
    Type 'unknown' is not assignable to type 'ReactNode'.
src/components/Pages/BudgetPage.tsx(30,39): error TS2339: Property 'some' does not exist on type 'unknown'.
src/components/Pages/BudgetPage.tsx(101,13): error TS2698: Spread types may only be created from object types.
src/components/Pages/BudgetPage.tsx(111,39): error TS2559: Type 'string[]' has no properties in common with type 'InvalidateQueryFilters<readonly unknown[]>'.
src/components/Pages/BudgetPage.tsx(114,27): error TS2339: Property 'response' does not exist on type 'Error'.
src/components/Pages/BudgetPage.tsx(162,37): error TS2339: Property 'tableData' does not exist on type 'unknown'.
src/components/Pages/BudgetPage.tsx(171,17): error TS2339: Property 'tableData' does not exist on type 'unknown'.
src/components/Pages/BudgetPage.tsx(175,9): error TS2698: Spread types may only be created from object types.
src/components/Pages/BudgetPage.tsx(176,31): error TS2339: Property 'projectedAmount' does not exist on type 'unknown'.
src/components/Pages/BudgetPage.tsx(177,22): error TS2339: Property 'amount' does not exist on type 'unknown'.
src/components/Pages/BudgetPage.tsx(179,19): error TS2339: Property 'tableData' does not exist on type 'unknown'.
src/components/Pages/BudgetPage.tsx(370,8): error TS2739: Type '{ financialData: any[]; noInvoice: false; }' is missing the following properties from type '{ financialData: any; isLoading: any; variant: any; hideTitle: any; noInvoice?: boolean; noFilter?: boolean; annaualExpense?: boolean; showInvoice?: boolean; newTitle: any; }': isLoading, variant, hideTitle, newTitle
src/components/Pages/BudgetPage.tsx(453,26): error TS2769: No overload matches this call.
  Overload 2 of 3, '(props: { component: ElementType<any, keyof IntrinsicElements>; } & MenuItemOwnProps & Omit<ButtonBaseOwnProps, "classes"> & CommonProps & Omit<...>): Element', gave the following error.
    Type 'unknown' is not assignable to type 'Key'.
  Overload 2 of 3, '(props: { component: ElementType<any, keyof IntrinsicElements>; } & MenuItemOwnProps & Omit<ButtonBaseOwnProps, "classes"> & CommonProps & Omit<...>): Element', gave the following error.
    Type 'unknown' is not assignable to type 'ReactNode'.
src/components/Pages/BulkUpload.tsx(58,26): error TS2339: Property 'file' does not exist on type 'void'.
src/components/Pages/BulkUpload.tsx(58,32): error TS2339: Property 'documentName' does not exist on type 'void'.
src/components/Pages/BulkUpload.tsx(75,26): error TS2339: Property 'response' does not exist on type 'Error'.
src/components/Pages/BulkUpload.tsx(173,63): error TS2345: Argument of type '{ file: any; documentName: string; }' is not assignable to parameter of type 'void'.
src/components/Pages/MonthlyInvoiceCommon.tsx(108,12): error TS2740: Type '{ data: any[]; dropdownColumns: string[]; columns: ({ headerName: string; field: string; width: number; sort: string; flex?: undefined; cellRenderer?: undefined; } | { headerName: string; field: string; flex: number; width?: undefined; sort?: undefined; cellRenderer?: undefined; } | { ...; })[]; ... 4 more ...; tabl...' is missing the following properties from type '{ data?: any[]; columns?: any[]; dateColumn: any; formatTime?: boolean; formatDate?: boolean; tableHeight: any; tableTitle: any; buttonTitle: any; handleSubmit: any; checkbox: any; checkAll: any; key: any; exportData: any; ... 7 more ...; totalKey?: string; }': buttonTitle, handleSubmit, checkbox, checkAll, and 6 more.
src/components/Pages/PaymentScheduleCommon.tsx(99,26): error TS2322: Type '{ children: Element[]; column: true; }' is not assignable to type 'IntrinsicAttributes & FormGroupProps'.
  Property 'column' does not exist on type 'IntrinsicAttributes & FormGroupProps'.
src/components/Pages/PolicyUpload.tsx(57,26): error TS2339: Property 'policy' does not exist on type 'void'.
src/components/Pages/PolicyUpload.tsx(57,34): error TS2339: Property 'documentName' does not exist on type 'void'.
src/components/Pages/PolicyUpload.tsx(122,15): error TS2345: Argument of type '{ documentId: any; }' is not assignable to parameter of type 'void'.
src/components/Pages/PolicyUpload.tsx(123,32): error TS2339: Property '_id' does not exist on type 'any[]'.
src/components/Pages/PolicyUpload.tsx(132,35): error TS2339: Property '_id' does not exist on type 'any[]'.
src/components/Pages/PolicyUpload.tsx(225,12): error TS2740: Type '{ key: number; dateColumn: string; columns: ({ field: string; headerName: string; width: number; flex?: undefined; cellRenderer?: undefined; } | { field: string; headerName: string; flex: number; cellRenderer: (params: any) => Element; width?: undefined; } | { ...; } | { ...; })[]; ... 4 more ...; tableTitle: string...' is missing the following properties from type '{ data?: any[]; columns?: any[]; dateColumn: any; formatTime?: boolean; formatDate?: boolean; tableHeight: any; tableTitle: any; buttonTitle: any; handleSubmit: any; checkbox: any; checkAll: any; key: any; exportData: any; ... 7 more ...; totalKey?: string; }': tableHeight, checkbox, checkAll, exportData, and 4 more.
src/components/Pages/PolicyUpload.tsx(251,58): error TS2345: Argument of type '{ documentName: string; sop: any; }' is not assignable to parameter of type 'void'.
src/components/Pages/PolicyUpload.tsx(277,17): error TS2322: Type '"policy"' is not assignable to type '"documentName" | "sop" | `sop.${string}`'.
src/components/Pages/PolicyUpload.tsx(303,25): error TS2345: Argument of type '{ newName: string; documentId: any; }' is not assignable to parameter of type 'void'.
src/components/Pages/PolicyUpload.tsx(305,44): error TS2339: Property '_id' does not exist on type 'any[]'.
src/components/Pages/PolicyUpload.tsx(343,40): error TS2339: Property 'name' does not exist on type 'any[]'.
src/components/Pages/Reimbursement.tsx(169,40): error TS2769: No overload matches this call.
  Overload 1 of 3, '(name: string, value: string | Blob): void', gave the following error.
    Argument of type 'boolean' is not assignable to parameter of type 'string | Blob'.
  Overload 2 of 3, '(name: string, value: string): void', gave the following error.
    Argument of type 'boolean' is not assignable to parameter of type 'string'.
  Overload 3 of 3, '(name: string, blobValue: Blob, filename?: string): void', gave the following error.
    Argument of type 'boolean' is not assignable to parameter of type 'Blob'.
src/components/Pages/Reimbursement.tsx(170,36): error TS2769: No overload matches this call.
  Overload 1 of 3, '(name: string, value: string | Blob): void', gave the following error.
    Argument of type 'boolean' is not assignable to parameter of type 'string | Blob'.
  Overload 2 of 3, '(name: string, value: string): void', gave the following error.
    Argument of type 'boolean' is not assignable to parameter of type 'string'.
  Overload 3 of 3, '(name: string, blobValue: Blob, filename?: string): void', gave the following error.
    Argument of type 'boolean' is not assignable to parameter of type 'Blob'.
src/components/Pages/Reimbursement.tsx(171,42): error TS2769: No overload matches this call.
  Overload 1 of 3, '(name: string, value: string | Blob): void', gave the following error.
    Argument of type 'boolean' is not assignable to parameter of type 'string | Blob'.
  Overload 2 of 3, '(name: string, value: string): void', gave the following error.
    Argument of type 'boolean' is not assignable to parameter of type 'string'.
  Overload 3 of 3, '(name: string, blobValue: Blob, filename?: string): void', gave the following error.
    Argument of type 'boolean' is not assignable to parameter of type 'Blob'.
src/components/Pages/Reimbursement.tsx(172,39): error TS2769: No overload matches this call.
  Overload 1 of 3, '(name: string, value: string | Blob): void', gave the following error.
    Argument of type 'boolean' is not assignable to parameter of type 'string | Blob'.
  Overload 2 of 3, '(name: string, value: string): void', gave the following error.
    Argument of type 'boolean' is not assignable to parameter of type 'string'.
  Overload 3 of 3, '(name: string, blobValue: Blob, filename?: string): void', gave the following error.
    Argument of type 'boolean' is not assignable to parameter of type 'Blob'.
src/components/Pages/Reimbursement.tsx(173,35): error TS2769: No overload matches this call.
  Overload 1 of 3, '(name: string, value: string | Blob): void', gave the following error.
    Argument of type 'boolean' is not assignable to parameter of type 'string | Blob'.
  Overload 2 of 3, '(name: string, value: string): void', gave the following error.
    Argument of type 'boolean' is not assignable to parameter of type 'string'.
  Overload 3 of 3, '(name: string, blobValue: Blob, filename?: string): void', gave the following error.
    Argument of type 'boolean' is not assignable to parameter of type 'Blob'.
src/components/Pages/Reimbursement.tsx(178,42): error TS2339: Property 'invoiceFile' does not exist on type '{ department: string; srNo: string; expanseName: string; expanseType: string; unitId: string; location: string; invoiceAttached: boolean; preApproved: boolean; emergencyApproval: boolean; budgetApproval: boolean; ... 4 more ...; gstIn: string; }'.
src/components/Pages/Reimbursement.tsx(179,41): error TS2339: Property 'invoiceFile' does not exist on type '{ department: string; srNo: string; expanseName: string; expanseType: string; unitId: string; location: string; invoiceAttached: boolean; preApproved: boolean; emergencyApproval: boolean; budgetApproval: boolean; ... 4 more ...; gstIn: string; }'.
src/components/Pages/Reimbursement.tsx(190,44): error TS2339: Property 'invoiceFile' does not exist on type '{ department: string; srNo: string; expanseName: string; expanseType: string; unitId: string; location: string; invoiceAttached: boolean; preApproved: boolean; emergencyApproval: boolean; budgetApproval: boolean; ... 4 more ...; gstIn: string; }'.
src/components/Pages/Reimbursement.tsx(191,43): error TS2339: Property 'invoiceFile' does not exist on type '{ department: string; srNo: string; expanseName: string; expanseType: string; unitId: string; location: string; invoiceAttached: boolean; preApproved: boolean; emergencyApproval: boolean; budgetApproval: boolean; ... 4 more ...; gstIn: string; }'.
src/components/Pages/Reimbursement.tsx(195,16): error TS2339: Property 'voucherFile' does not exist on type '{ department: string; srNo: string; expanseName: string; expanseType: string; unitId: string; location: string; invoiceAttached: boolean; preApproved: boolean; emergencyApproval: boolean; budgetApproval: boolean; ... 4 more ...; gstIn: string; }'.
src/components/Pages/Reimbursement.tsx(196,41): error TS2339: Property 'voucherFile' does not exist on type '{ department: string; srNo: string; expanseName: string; expanseType: string; unitId: string; location: string; invoiceAttached: boolean; preApproved: boolean; emergencyApproval: boolean; budgetApproval: boolean; ... 4 more ...; gstIn: string; }'.
src/components/Pages/Reimbursement.tsx(197,21): error TS2345: Argument of type 'FormData' is not assignable to parameter of type 'void'.
src/components/Pages/Reimbursement.tsx(217,23): error TS2345: Argument of type 'FormData' is not assignable to parameter of type 'void'.
src/components/Pages/Reimbursement.tsx(225,19): error TS2345: Argument of type 'FormData' is not assignable to parameter of type 'void'.
src/components/Pages/Reimbursement.tsx(248,25): error TS2339: Property 'response' does not exist on type 'Error'.
src/components/Pages/Reimbursement.tsx(274,18): error TS2345: Argument of type '"voucherFile"' is not assignable to parameter of type '"location" | "srNo" | "department" | "expanseName" | "expanseType" | "unitId" | "invoiceAttached" | "preApproved" | "emergencyApproval" | "budgetApproval" | "l1Approval" | ... 6 more ... | `particulars.${number}.${string}`'.
src/components/Pages/Reimbursement.tsx(317,26): error TS2769: No overload matches this call.
  Overload 2 of 3, '(props: { component: ElementType<any, keyof IntrinsicElements>; } & MenuItemOwnProps & Omit<ButtonBaseOwnProps, "classes"> & CommonProps & Omit<...>): Element', gave the following error.
    Type 'unknown' is not assignable to type 'Key'.
  Overload 2 of 3, '(props: { component: ElementType<any, keyof IntrinsicElements>; } & MenuItemOwnProps & Omit<ButtonBaseOwnProps, "classes"> & CommonProps & Omit<...>): Element', gave the following error.
    Type 'unknown' is not assignable to type 'ReactNode'.
src/components/Pages/Reimbursement.tsx(454,17): error TS2820: Type '"particularName"' is not assignable to type '"location" | "srNo" | "department" | "expanseName" | "expanseType" | "unitId" | "invoiceAttached" | "preApproved" | "emergencyApproval" | "budgetApproval" | "l1Approval" | ... 6 more ... | `particulars.${number}.${string}`'. Did you mean '"particulars"'?
src/components/Pages/Reimbursement.tsx(472,17): error TS2322: Type '"particularAmount"' is not assignable to type '"location" | "srNo" | "department" | "expanseName" | "expanseType" | "unitId" | "invoiceAttached" | "preApproved" | "emergencyApproval" | "budgetApproval" | "l1Approval" | ... 6 more ... | `particulars.${number}.${string}`'.
src/components/Pages/Reimbursement.tsx(497,29): error TS2339: Property 'particularName' does not exist on type '{ department: string; srNo: string; expanseName: string; expanseType: string; unitId: string; location: string; invoiceAttached: boolean; preApproved: boolean; emergencyApproval: boolean; budgetApproval: boolean; ... 4 more ...; gstIn: string; }'.
src/components/Pages/Reimbursement.tsx(497,45): error TS2339: Property 'particularAmount' does not exist on type '{ department: string; srNo: string; expanseName: string; expanseType: string; unitId: string; location: string; invoiceAttached: boolean; preApproved: boolean; emergencyApproval: boolean; budgetApproval: boolean; ... 4 more ...; gstIn: string; }'.
src/components/Pages/Reimbursement.tsx(509,30): error TS2345: Argument of type '"particularName"' is not assignable to parameter of type '"location" | "srNo" | "department" | "expanseName" | "expanseType" | "unitId" | "invoiceAttached" | "preApproved" | "emergencyApproval" | "budgetApproval" | "l1Approval" | ... 6 more ... | `particulars.${number}.${string}`'.
src/components/Pages/Reimbursement.tsx(510,30): error TS2345: Argument of type '"particularAmount"' is not assignable to parameter of type '"location" | "srNo" | "department" | "expanseName" | "expanseType" | "unitId" | "invoiceAttached" | "preApproved" | "emergencyApproval" | "budgetApproval" | "l1Approval" | ... 6 more ... | `particulars.${number}.${string}`'.
src/components/Pages/Reimbursement.tsx(615,15): error TS2322: Type '"invoiceFile"' is not assignable to type '"location" | "srNo" | "department" | "expanseName" | "expanseType" | "unitId" | "invoiceAttached" | "preApproved" | "emergencyApproval" | "budgetApproval" | "l1Approval" | ... 6 more ... | `particulars.${number}.${string}`'.
src/components/Pages/Reimbursement.tsx(630,19): error TS2322: Type '{ allowedExtensions: string[]; value: any; onChange: (...event: any[]) => void; previewType: "pdf"; disabled: boolean; error: boolean; helperText: string; }' is not assignable to type 'IntrinsicAttributes & UploadFileInputProps'.
  Property 'error' does not exist on type 'IntrinsicAttributes & UploadFileInputProps'.
src/components/Pages/Reimbursement.tsx(652,17): error TS2322: Type 'string' is not assignable to type '"location" | "srNo" | "department" | "expanseName" | "expanseType" | "unitId" | "invoiceAttached" | "preApproved" | "emergencyApproval" | "budgetApproval" | "l1Approval" | ... 6 more ... | `particulars.${number}.${string}`'.
src/components/Pages/Reimbursement.tsx(799,55): error TS2339: Property 'invoiceDate' does not exist on type '{ department: string; srNo: string; expanseName: string; expanseType: string; unitId: string; location: string; invoiceAttached: boolean; preApproved: boolean; emergencyApproval: boolean; budgetApproval: boolean; ... 4 more ...; gstIn: string; }'.
src/components/Pages/Reimbursement.tsx(810,55): error TS2339: Property 'deliveryDate' does not exist on type '{ department: string; srNo: string; expanseName: string; expanseType: string; unitId: string; location: string; invoiceAttached: boolean; preApproved: boolean; emergencyApproval: boolean; budgetApproval: boolean; ... 4 more ...; gstIn: string; }'.
src/components/Pages/SopUpload.tsx(64,26): error TS2339: Property 'sop' does not exist on type 'void'.
src/components/Pages/SopUpload.tsx(64,31): error TS2339: Property 'documentName' does not exist on type 'void'.
src/components/Pages/SopUpload.tsx(116,36): error TS2339: Property '_id' does not exist on type 'any[]'.
src/components/Pages/SopUpload.tsx(143,15): error TS2345: Argument of type '{ documentId: any; }' is not assignable to parameter of type 'void'.
src/components/Pages/SopUpload.tsx(144,32): error TS2339: Property '_id' does not exist on type 'any[]'.
src/components/Pages/SopUpload.tsx(227,12): error TS2740: Type '{ dateColumn: string; key: any; columns: ({ field: string; headerName: string; width: number; flex?: undefined; cellRenderer?: undefined; } | { field: string; headerName: string; flex: number; cellRenderer: (params: any) => Element; width?: undefined; } | { ...; } | { ...; })[]; ... 4 more ...; tableTitle: string; }' is missing the following properties from type '{ data?: any[]; columns?: any[]; dateColumn: any; formatTime?: boolean; formatDate?: boolean; tableHeight: any; tableTitle: any; buttonTitle: any; handleSubmit: any; checkbox: any; checkAll: any; key: any; exportData: any; ... 7 more ...; totalKey?: string; }': tableHeight, checkbox, checkAll, exportData, and 4 more.
src/components/Pages/SopUpload.tsx(253,58): error TS2345: Argument of type '{ documentName: string; sop: any; }' is not assignable to parameter of type 'void'.
src/components/Pages/SopUpload.tsx(304,25): error TS2345: Argument of type '{ newName: string; documentId: any; }' is not assignable to parameter of type 'void'.
src/components/Pages/SopUpload.tsx(306,44): error TS2339: Property '_id' does not exist on type 'any[]'.
src/components/Pages/SopUpload.tsx(344,40): error TS2339: Property 'name' does not exist on type 'any[]'.
src/components/Pages/TeamMemberDetails.tsx(200,22): error TS2345: Argument of type '{ weeklyScheduleId: any; substitute: any; fromDate: any; toDate: any; }' is not assignable to parameter of type 'void'.
src/components/Pages/TeamMemberDetails.tsx(329,23): error TS2322: Type 'string | FieldError | Merge<FieldError, FieldErrorsImpl<any>>' is not assignable to type 'ReactNode'.
  Type 'FieldError' is not assignable to type 'ReactNode'.
    Type 'FieldError' is missing the following properties from type 'ReactPortal': children, props, key
src/components/Pages/TeamMemberDetails.tsx(352,23): error TS2322: Type 'string | FieldError | Merge<FieldError, FieldErrorsImpl<any>>' is not assignable to type 'ReactNode'.
  Type 'FieldError' is not assignable to type 'ReactNode'.
    Type 'FieldError' is missing the following properties from type 'ReactPortal': children, props, key
src/components/Pages/TeamMembersSchedule.tsx(212,16): error TS2345: Argument of type 'Date' is not assignable to parameter of type 'number'.
src/components/Pages/TeamMembersSchedule.tsx(213,16): error TS2345: Argument of type 'Date' is not assignable to parameter of type 'number'.
src/components/Pages/TeamMembersSchedule.tsx(233,18): error TS2345: Argument of type 'Date' is not assignable to parameter of type 'number'.
src/components/Pages/TeamMembersSchedule.tsx(234,18): error TS2345: Argument of type 'Date' is not assignable to parameter of type 'number'.
src/components/Pages/TeamMembersSchedule.tsx(253,22): error TS2345: Argument of type 'Date' is not assignable to parameter of type 'number'.
src/components/Pages/TeamMembersSchedule.tsx(254,22): error TS2345: Argument of type 'Date' is not assignable to parameter of type 'number'.
src/components/Pages/TeamMembersSchedule.tsx(298,13): error TS2698: Spread types may only be created from object types.
src/components/Pages/TeamMembersSchedule.tsx(334,19): error TS2345: Argument of type '{ unitId: any; location: any; departmentName: any; employeeId: any; }' is not assignable to parameter of type 'void'.
src/components/Pages/TeamMembersSchedule.tsx(465,31): error TS2322: Type '"#1E3D73"' is not assignable to type 'OverridableStringUnion<"error" | "primary" | "secondary" | "info" | "success" | "warning" | "inherit", CircularProgressPropsColorOverrides>'.
src/components/Pages/TeamMembersSchedule.tsx(500,44): error TS2339: Property 'unitId' does not exist on type 'FieldErrors<{ employee: string; location: string; startDate: Date; endDate: Date; }>'.
src/components/Pages/TeamMembersSchedule.tsx(568,35): error TS2362: The left-hand side of an arithmetic operation must be of type 'any', 'number', 'bigint' or an enum type.
src/components/Pages/TeamMembersSchedule.tsx(568,59): error TS2363: The right-hand side of an arithmetic operation must be of type 'any', 'number', 'bigint' or an enum type.
src/components/Pages/TeamMembersSchedule.tsx(784,17): error TS2322: Type '"employee"' is not assignable to type '"location" | "empId" | "unitId"'.
src/components/Pages/VendorTable.tsx(129,11): error TS2322: Type '({ headerName: string; valueGetter: (params: any) => any; width: number; field?: undefined; flex?: undefined; cellRenderer?: undefined; } | { field: string; headerName: string; width: number; valueGetter?: undefined; flex?: undefined; cellRenderer?: undefined; } | { ...; } | { ...; })[]' is not assignable to type 'ColumnDef[]'.
  Type '{ headerName: string; valueGetter: (params: any) => any; width: number; field?: undefined; flex?: undefined; cellRenderer?: undefined; } | { field: string; headerName: string; width: number; valueGetter?: undefined; flex?: undefined; cellRenderer?: undefined; } | { ...; } | { ...; }' is not assignable to type 'ColumnDef'.
    Type '{ headerName: string; valueGetter: (params: any) => any; width: number; field?: undefined; flex?: undefined; cellRenderer?: undefined; }' is not assignable to type 'ColumnDef'.
      Property 'field' is optional in type '{ headerName: string; valueGetter: (params: any) => any; width: number; field?: undefined; flex?: undefined; cellRenderer?: undefined; }' but required in type 'ColumnDef'.
src/components/Permissions/Permissions.tsx(11,52): error TS2339: Property 'permissions' does not exist on type 'unknown'.
src/components/Tables/AllocatedBudget.tsx(66,27): error TS2345: Argument of type 'FormData' is not assignable to parameter of type 'void'.
src/components/Tables/AllocatedBudget.tsx(72,32): error TS2339: Property 'get' does not exist on type 'void'.
src/components/Tables/AllocatedBudget.tsx(73,18): error TS2339: Property 'delete' does not exist on type 'void'.
src/components/Tables/AllocatedBudget.tsx(129,31): error TS2345: Argument of type 'Date' is not assignable to parameter of type 'number'.
src/components/Tables/AllocatedBudget.tsx(130,25): error TS2362: The left-hand side of an arithmetic operation must be of type 'any', 'number', 'bigint' or an enum type.
src/components/Tables/AllocatedBudget.tsx(130,29): error TS2363: The right-hand side of an arithmetic operation must be of type 'any', 'number', 'bigint' or an enum type.
src/components/Tables/DateWiseTable.tsx(42,9): error TS2362: The left-hand side of an arithmetic operation must be of type 'any', 'number', 'bigint' or an enum type.
src/components/Tables/DateWiseTable.tsx(42,15): error TS2769: No overload matches this call.
  Overload 1 of 3, '(date?: string | number | Date | Dayjs, format?: OptionType, strict?: boolean): Dayjs', gave the following error.
    Argument of type 'unknown' is not assignable to parameter of type 'string | number | Date | Dayjs'.
  Overload 2 of 3, '(date?: string | number | Date | Dayjs, format?: OptionType, locale?: string, strict?: boolean): Dayjs', gave the following error.
    Argument of type 'unknown' is not assignable to parameter of type 'string | number | Date | Dayjs'.
src/components/Tables/DateWiseTable.tsx(42,43): error TS2363: The right-hand side of an arithmetic operation must be of type 'any', 'number', 'bigint' or an enum type.
src/components/Tables/DateWiseTable.tsx(42,49): error TS2769: No overload matches this call.
  Overload 1 of 3, '(date?: string | number | Date | Dayjs, format?: OptionType, strict?: boolean): Dayjs', gave the following error.
    Argument of type 'unknown' is not assignable to parameter of type 'string | number | Date | Dayjs'.
  Overload 2 of 3, '(date?: string | number | Date | Dayjs, format?: OptionType, locale?: string, strict?: boolean): Dayjs', gave the following error.
    Argument of type 'unknown' is not assignable to parameter of type 'string | number | Date | Dayjs'.
src/components/Tables/DateWiseTable.tsx(55,13): error TS2769: No overload matches this call.
  Overload 1 of 3, '(date?: string | number | Date | Dayjs, format?: OptionType, strict?: boolean): Dayjs', gave the following error.
    Argument of type 'unknown' is not assignable to parameter of type 'string | number | Date | Dayjs'.
  Overload 2 of 3, '(date?: string | number | Date | Dayjs, format?: OptionType, locale?: string, strict?: boolean): Dayjs', gave the following error.
    Argument of type 'unknown' is not assignable to parameter of type 'string | number | Date | Dayjs'.
src/components/Tables/DateWiseTable.tsx(125,17): error TS2322: Type 'unknown' is not assignable to type 'ReactNode'.
src/components/Tables/MonthWiseAgTable.tsx(23,14): error TS2362: The left-hand side of an arithmetic operation must be of type 'any', 'number', 'bigint' or an enum type.
src/components/Tables/MonthWiseAgTable.tsx(23,22): error TS2363: The right-hand side of an arithmetic operation must be of type 'any', 'number', 'bigint' or an enum type.
src/components/Tables/MonthWiseTable.tsx(43,14): error TS2362: The left-hand side of an arithmetic operation must be of type 'any', 'number', 'bigint' or an enum type.
src/components/Tables/MonthWiseTable.tsx(43,20): error TS2769: No overload matches this call.
  Overload 1 of 3, '(date?: string | number | Date | Dayjs, format?: OptionType, strict?: boolean): Dayjs', gave the following error.
    Argument of type 'unknown' is not assignable to parameter of type 'string | number | Date | Dayjs'.
  Overload 2 of 3, '(date?: string | number | Date | Dayjs, format?: OptionType, locale?: string, strict?: boolean): Dayjs', gave the following error.
    Argument of type 'unknown' is not assignable to parameter of type 'string | number | Date | Dayjs'.
src/components/Tables/MonthWiseTable.tsx(43,46): error TS2363: The right-hand side of an arithmetic operation must be of type 'any', 'number', 'bigint' or an enum type.
src/components/Tables/MonthWiseTable.tsx(43,52): error TS2769: No overload matches this call.
  Overload 1 of 3, '(date?: string | number | Date | Dayjs, format?: OptionType, strict?: boolean): Dayjs', gave the following error.
    Argument of type 'unknown' is not assignable to parameter of type 'string | number | Date | Dayjs'.
  Overload 2 of 3, '(date?: string | number | Date | Dayjs, format?: OptionType, locale?: string, strict?: boolean): Dayjs', gave the following error.
    Argument of type 'unknown' is not assignable to parameter of type 'string | number | Date | Dayjs'.
src/components/Tables/MonthWiseTable.tsx(124,15): error TS2322: Type 'unknown' is not assignable to type 'ReactNode'.
src/components/vendor/ViewVendor.tsx(37,44): error TS2339: Property 'vendorMongoId' does not exist on type 'void'.
src/components/vendor/ViewVendor.tsx(39,11): error TS2698: Spread types may only be created from object types.
src/components/vendor/ViewVendor.tsx(50,24): error TS2339: Property 'response' does not exist on type 'Error'.
src/components/vendor/ViewVendor.tsx(119,18): error TS2345: Argument of type '{ vendorMongoId: any; }' is not assignable to parameter of type 'void'.
src/components/ViewDetailsModal.tsx(23,55): error TS2322: Type 'unknown' is not assignable to type 'ReactNode'.
src/forms/ProfileDetail.tsx(83,13): error TS2322: Type '{ name: string; label: string; inputFormat: string; disabled: boolean; slotProps: { textField: { size: "small"; }; }; value: any; onChange: (newValue: any) => any; renderInput: (params: any) => Element; }' is not assignable to type 'IntrinsicAttributes & DesktopDatePickerProps<any, false> & RefAttributes<HTMLDivElement>'.
  Property 'inputFormat' does not exist on type 'IntrinsicAttributes & DesktopDatePickerProps<any, false> & RefAttributes<HTMLDivElement>'.
src/hooks/usePageDepartment.ts(57,47): error TS2339: Property 'some' does not exist on type 'unknown'.
src/hooks/usePageDepartment.ts(80,43): error TS2339: Property 'find' does not exist on type 'unknown'.
src/hooks/useTopDepartment.ts(5,3): error TS2339: Property 'onNotTop' does not exist on type '{ additionalTopUserIds?: undefined[]; additionalTopDepartmentIds?: undefined[]; }'.
src/hooks/useTopDepartment.ts(31,47): error TS2339: Property 'map' does not exist on type 'unknown'.
src/layouts/MainLayout.tsx(26,63): error TS2339: Property 'permissions' does not exist on type 'unknown'.
src/layouts/MainLayout.tsx(28,76): error TS2339: Property 'route' does not exist on type '{ value: string; type: string; } | { value: string; type: string; } | { value: string; type: string; } | { value: string; type: string; } | { value: string; type: string; route: string; } | { value: string; type: string; route: string; } | ... 310 more ... | { ...; }'.
  Property 'route' does not exist on type '{ value: string; type: string; }'.
src/layouts/MainLayout.tsx(30,30): error TS2339: Property 'route' does not exist on type '{ value: string; type: string; } | { value: string; type: string; } | { value: string; type: string; } | { value: string; type: string; } | { value: string; type: string; route: string; } | { value: string; type: string; route: string; } | ... 310 more ... | { ...; }'.
  Property 'route' does not exist on type '{ value: string; type: string; }'.
src/pages/Access/ModulePermissions.tsx(55,25): error TS2339: Property 'response' does not exist on type 'Error'.
src/pages/Assets/AssetsCategory/AssetModal.tsx(58,30): error TS2769: No overload matches this call.
  Overload 1 of 4, '(names: readonly ("status" | "image" | "name" | "description" | "department" | "category" | `image.${string}`)[], defaultValue?: { department?: string; name?: string; description?: string; image?: any; category?: string; status?: string; }): readonly any[]', gave the following error.
    Argument of type 'string' is not assignable to parameter of type 'readonly ("status" | "image" | "name" | "description" | "department" | "category" | `image.${string}`)[]'.
  Overload 2 of 4, '(name: "status" | "image" | "name" | "description" | "department" | "category" | `image.${string}`, defaultValue?: any): any', gave the following error.
    Argument of type '"assetImage"' is not assignable to parameter of type '"status" | "image" | "name" | "description" | "department" | "category" | `image.${string}`'.
  Overload 3 of 4, '(callback: WatchObserver<{ department: string; name: string; description: string; image: any; category: string; status: string; }>, defaultValues?: { department?: string; name?: string; description?: string; image?: any; category?: string; status?: string; }): Subscription', gave the following error.
    Argument of type 'string' is not assignable to parameter of type 'WatchObserver<{ department: string; name: string; description: string; image: any; category: string; status: string; }>'.
src/pages/Assets/AssetsCategory/AssetModal.tsx(59,26): error TS2769: No overload matches this call.
  Overload 1 of 4, '(names: readonly ("status" | "image" | "name" | "description" | "department" | "category" | `image.${string}`)[], defaultValue?: { department?: string; name?: string; description?: string; image?: any; category?: string; status?: string; }): readonly any[]', gave the following error.
    Argument of type 'string' is not assignable to parameter of type 'readonly ("status" | "image" | "name" | "description" | "department" | "category" | `image.${string}`)[]'.
  Overload 2 of 4, '(name: "status" | "image" | "name" | "description" | "department" | "category" | `image.${string}`, defaultValue?: any): any', gave the following error.
    Argument of type '"quantity"' is not assignable to parameter of type '"status" | "image" | "name" | "description" | "department" | "category" | `image.${string}`'.
  Overload 3 of 4, '(callback: WatchObserver<{ department: string; name: string; description: string; image: any; category: string; status: string; }>, defaultValues?: { department?: string; name?: string; description?: string; image?: any; category?: string; status?: string; }): Subscription', gave the following error.
    Argument of type 'string' is not assignable to parameter of type 'WatchObserver<{ department: string; name: string; description: string; image: any; category: string; status: string; }>'.
src/pages/Assets/AssetsCategory/AssetModal.tsx(60,23): error TS2769: No overload matches this call.
  Overload 1 of 4, '(names: readonly ("status" | "image" | "name" | "description" | "department" | "category" | `image.${string}`)[], defaultValue?: { department?: string; name?: string; description?: string; image?: any; category?: string; status?: string; }): readonly any[]', gave the following error.
    Argument of type 'string' is not assignable to parameter of type 'readonly ("status" | "image" | "name" | "description" | "department" | "category" | `image.${string}`)[]'.
  Overload 2 of 4, '(name: "status" | "image" | "name" | "description" | "department" | "category" | `image.${string}`, defaultValue?: any): any', gave the following error.
    Argument of type '"price"' is not assignable to parameter of type '"status" | "image" | "name" | "description" | "department" | "category" | `image.${string}`'.
  Overload 3 of 4, '(callback: WatchObserver<{ department: string; name: string; description: string; image: any; category: string; status: string; }>, defaultValues?: { department?: string; name?: string; description?: string; image?: any; category?: string; status?: string; }): Subscription', gave the following error.
    Argument of type 'string' is not assignable to parameter of type 'WatchObserver<{ department: string; name: string; description: string; image: any; category: string; status: string; }>'.
src/pages/Assets/AssetsCategory/AssetModal.tsx(61,42): error TS2362: The left-hand side of an arithmetic operation must be of type 'any', 'number', 'bigint' or an enum type.
src/pages/Assets/AssetsCategory/AssetModal.tsx(61,53): error TS2363: The right-hand side of an arithmetic operation must be of type 'any', 'number', 'bigint' or an enum type.
src/pages/Assets/AssetsCategory/AssetModal.tsx(70,20): error TS2345: Argument of type '"purchaseDate"' is not assignable to parameter of type '"status" | "image" | "name" | "description" | "department" | "category" | `image.${string}`'.
src/pages/Assets/AssetsCategory/AssetModal.tsx(72,20): error TS2345: Argument of type 'string' is not assignable to parameter of type '"status" | "image" | "name" | "description" | "department" | "category" | `image.${string}`'.
src/pages/Assets/AssetsCategory/AssetsCategories.tsx(25,53): error TS2339: Property 'assets' does not exist on type 'unknown'.
src/pages/Assets/AssetsCategory/AssetsCategories.tsx(55,33): error TS2339: Property 'categoryName' does not exist on type 'void'.
src/pages/Assets/AssetsCategory/AssetsCategories.tsx(67,24): error TS2339: Property 'response' does not exist on type 'Error'.
src/pages/Assets/AssetsCategory/AssetsCategories.tsx(85,24): error TS2339: Property 'response' does not exist on type 'Error'.
src/pages/Assets/AssetsCategory/AssetsCategories.tsx(119,45): error TS2339: Property 'categoryName' does not exist on type 'any[]'.
src/pages/Assets/AssetsCategory/AssetsCategories.tsx(120,39): error TS2339: Property 'isActive' does not exist on type 'any[]'.
src/pages/Assets/AssetsCategory/AssetsCategories.tsx(243,19): error TS2322: Type 'string | FieldError | Merge<FieldError, FieldErrorsImpl<any>>' is not assignable to type 'ReactNode'.
  Type 'FieldError' is not assignable to type 'ReactNode'.
    Type 'FieldError' is missing the following properties from type 'ReactPortal': children, props, key
src/pages/Assets/AssetsCategory/AssetsCategories.tsx(260,49): error TS2339: Property '_id' does not exist on type 'any[]'.
src/pages/Assets/AssetsCategory/AssetsCategories.tsx(263,28): error TS2345: Argument of type '{ assetCategoryId: any; status: boolean; categoryName: string; }' is not assignable to parameter of type 'void'.
src/pages/Assets/AssetsCategory/AssetsCategories.tsx(281,19): error TS2322: Type 'string | FieldError | Merge<FieldError, FieldErrorsImpl<any>>' is not assignable to type 'ReactNode'.
  Type 'FieldError' is not assignable to type 'ReactNode'.
    Type 'FieldError' is missing the following properties from type 'ReactPortal': children, props, key
src/pages/Assets/AssetsCategory/AssetsCategories.tsx(297,19): error TS2322: Type 'string | FieldError | Merge<FieldError, FieldErrorsImpl<any>>' is not assignable to type 'ReactNode'.
  Type 'FieldError' is not assignable to type 'ReactNode'.
    Type 'FieldError' is missing the following properties from type 'ReactPortal': children, props, key
src/pages/Assets/AssetsCategory/AssetsCategories.tsx(320,38): error TS2339: Property 'categoryName' does not exist on type 'any[]'.
src/pages/Assets/AssetsCategory/AssetsCategories.tsx(324,38): error TS2339: Property 'subCategories' does not exist on type 'any[]'.
src/pages/Assets/AssetsCategory/AssetsCategories.tsx(324,72): error TS2339: Property 'subCategories' does not exist on type 'any[]'.
src/pages/Assets/AssetsCategory/AssetsCategories.tsx(328,38): error TS2339: Property 'department' does not exist on type 'any[]'.
src/pages/Assets/AssetsCategory/AssetsSubCategories.tsx(32,53): error TS2339: Property 'assets' does not exist on type 'unknown'.
src/pages/Assets/AssetsCategory/AssetsSubCategories.tsx(68,11): error TS2698: Spread types may only be created from object types.
src/pages/Assets/AssetsCategory/AssetsSubCategories.tsx(68,47): error TS2339: Property 'subCategoryName' does not exist on type 'void'.
src/pages/Assets/AssetsCategory/AssetsSubCategories.tsx(79,24): error TS2339: Property 'response' does not exist on type 'Error'.
src/pages/Assets/AssetsCategory/AssetsSubCategories.tsx(127,24): error TS2339: Property 'response' does not exist on type 'Error'.
src/pages/Assets/AssetsCategory/AssetsSubCategories.tsx(154,48): error TS2339: Property 'subCategoryName' does not exist on type 'any[]'.
src/pages/Assets/AssetsCategory/AssetsSubCategories.tsx(155,39): error TS2339: Property 'isActive' does not exist on type 'any[]'.
src/pages/Assets/AssetsCategory/AssetsSubCategories.tsx(315,52): error TS2339: Property '_id' does not exist on type 'any[]'.
src/pages/Assets/AssetsCategory/AssetsSubCategories.tsx(318,31): error TS2345: Argument of type '{ assetSubCategoryId: any; status: boolean; subCategoryName: string; assetCategoryId: string; }' is not assignable to parameter of type 'void'.
src/pages/Assets/AssetsCategory/AssetsSubCategories.tsx(371,38): error TS2339: Property 'subCategoryName' does not exist on type 'any[]'.
src/pages/Assets/AssetsCategory/AssetsSubCategories.tsx(375,38): error TS2339: Property 'categoryName' does not exist on type 'any[]'.
src/pages/Assets/AssetsCategory/ListOfAssets.tsx(41,53): error TS2339: Property 'assets' does not exist on type 'unknown'.
src/pages/Assets/AssetsCategory/ListOfAssets.tsx(167,42): error TS2339: Property 'categoryId' does not exist on type 'void'.
src/pages/Assets/AssetsCategory/ListOfAssets.tsx(168,45): error TS2339: Property 'subCategoryId' does not exist on type 'void'.
src/pages/Assets/AssetsCategory/ListOfAssets.tsx(169,40): error TS2339: Property 'vendorId' does not exist on type 'void'.
src/pages/Assets/AssetsCategory/ListOfAssets.tsx(170,36): error TS2339: Property 'name' does not exist on type 'void'.
src/pages/Assets/AssetsCategory/ListOfAssets.tsx(171,41): error TS2339: Property 'isDamaged' does not exist on type 'void'.
src/pages/Assets/AssetsCategory/ListOfAssets.tsx(172,50): error TS2339: Property 'isUnderMaintenance' does not exist on type 'void'.
src/pages/Assets/AssetsCategory/ListOfAssets.tsx(173,38): error TS2339: Property 'status' does not exist on type 'void'.
src/pages/Assets/AssetsCategory/ListOfAssets.tsx(174,44): error TS2339: Property 'purchaseDate' does not exist on type 'void'.
src/pages/Assets/AssetsCategory/ListOfAssets.tsx(175,35): error TS2769: No overload matches this call.
  Overload 1 of 3, '(name: string, value: string | Blob): void', gave the following error.
    Argument of type 'number' is not assignable to parameter of type 'string | Blob'.
  Overload 2 of 3, '(name: string, value: string): void', gave the following error.
    Argument of type 'number' is not assignable to parameter of type 'string'.
  Overload 3 of 3, '(name: string, blobValue: Blob, filename?: string): void', gave the following error.
    Argument of type 'number' is not assignable to parameter of type 'Blob'.
src/pages/Assets/AssetsCategory/ListOfAssets.tsx(175,47): error TS2339: Property 'quantity' does not exist on type 'void'.
src/pages/Assets/AssetsCategory/ListOfAssets.tsx(176,32): error TS2769: No overload matches this call.
  Overload 1 of 3, '(name: string, value: string | Blob): void', gave the following error.
    Argument of type 'number' is not assignable to parameter of type 'string | Blob'.
  Overload 2 of 3, '(name: string, value: string): void', gave the following error.
    Argument of type 'number' is not assignable to parameter of type 'string'.
  Overload 3 of 3, '(name: string, blobValue: Blob, filename?: string): void', gave the following error.
    Argument of type 'number' is not assignable to parameter of type 'Blob'.
src/pages/Assets/AssetsCategory/ListOfAssets.tsx(176,44): error TS2339: Property 'price' does not exist on type 'void'.
src/pages/Assets/AssetsCategory/ListOfAssets.tsx(177,37): error TS2339: Property 'brand' does not exist on type 'void'.
src/pages/Assets/AssetsCategory/ListOfAssets.tsx(178,41): error TS2339: Property 'assetType' does not exist on type 'void'.
src/pages/Assets/AssetsCategory/ListOfAssets.tsx(179,35): error TS2769: No overload matches this call.
  Overload 1 of 3, '(name: string, value: string | Blob): void', gave the following error.
    Argument of type 'number' is not assignable to parameter of type 'string | Blob'.
  Overload 2 of 3, '(name: string, value: string): void', gave the following error.
    Argument of type 'number' is not assignable to parameter of type 'string'.
  Overload 3 of 3, '(name: string, blobValue: Blob, filename?: string): void', gave the following error.
    Argument of type 'number' is not assignable to parameter of type 'Blob'.
src/pages/Assets/AssetsCategory/ListOfAssets.tsx(179,47): error TS2339: Property 'warranty' does not exist on type 'void'.
src/pages/Assets/AssetsCategory/ListOfAssets.tsx(180,45): error TS2339: Property 'ownershipType' does not exist on type 'void'.
src/pages/Assets/AssetsCategory/ListOfAssets.tsx(181,39): error TS2769: No overload matches this call.
  Overload 1 of 3, '(name: string, value: string | Blob): void', gave the following error.
    Argument of type 'number' is not assignable to parameter of type 'string | Blob'.
  Overload 2 of 3, '(name: string, value: string): void', gave the following error.
    Argument of type 'number' is not assignable to parameter of type 'string'.
  Overload 3 of 3, '(name: string, blobValue: Blob, filename?: string): void', gave the following error.
    Argument of type 'number' is not assignable to parameter of type 'Blob'.
src/pages/Assets/AssetsCategory/ListOfAssets.tsx(181,51): error TS2339: Property 'rentedMonths' does not exist on type 'void'.
src/pages/Assets/AssetsCategory/ListOfAssets.tsx(182,40): error TS2339: Property 'tangable' does not exist on type 'void'.
src/pages/Assets/AssetsCategory/ListOfAssets.tsx(183,42): error TS2339: Property 'floor' does not exist on type 'void'.
src/pages/Assets/AssetsCategory/ListOfAssets.tsx(184,16): error TS2339: Property 'warrantyDocument' does not exist on type 'void'.
src/pages/Assets/AssetsCategory/ListOfAssets.tsx(185,50): error TS2339: Property 'warrantyDocument' does not exist on type 'void'.
src/pages/Assets/AssetsCategory/ListOfAssets.tsx(210,42): error TS2339: Property 'status' does not exist on type 'any[]'.
src/pages/Assets/AssetsCategory/ListOfAssets.tsx(213,9): error TS2353: Object literal may only specify known properties, and 'assetMongoId' does not exist in type '{ departmentId: string; categoryId: string; subCategoryId: string; vendorId: string; name: string; purchaseDate: any; quantity: number; price: number; brand: string; assetType: string; warranty: number; ... 10 more ...; warrantyDocument: any; } | { ...; } | ResetAction<...>'.
src/pages/Assets/AssetsCategory/ListOfAssets.tsx(213,40): error TS2339: Property '_id' does not exist on type 'any[]'.
src/pages/Assets/AssetsCategory/ListOfAssets.tsx(214,40): error TS2339: Property 'department' does not exist on type 'any[]'.
src/pages/Assets/AssetsCategory/ListOfAssets.tsx(215,38): error TS2339: Property 'subCategory' does not exist on type 'any[]'.
src/pages/Assets/AssetsCategory/ListOfAssets.tsx(216,41): error TS2339: Property 'subCategory' does not exist on type 'any[]'.
src/pages/Assets/AssetsCategory/ListOfAssets.tsx(217,36): error TS2339: Property 'subCategory' does not exist on type 'any[]'.
src/pages/Assets/AssetsCategory/ListOfAssets.tsx(218,36): error TS2339: Property 'vendor' does not exist on type 'any[]'.
src/pages/Assets/AssetsCategory/ListOfAssets.tsx(219,32): error TS2339: Property 'name' does not exist on type 'any[]'.
src/pages/Assets/AssetsCategory/ListOfAssets.tsx(220,40): error TS2339: Property 'purchaseDate' does not exist on type 'any[]'.
src/pages/Assets/AssetsCategory/ListOfAssets.tsx(221,36): error TS2339: Property 'quantity' does not exist on type 'any[]'.
src/pages/Assets/AssetsCategory/ListOfAssets.tsx(222,33): error TS2339: Property 'price' does not exist on type 'any[]'.
src/pages/Assets/AssetsCategory/ListOfAssets.tsx(223,33): error TS2339: Property 'brand' does not exist on type 'any[]'.
src/pages/Assets/AssetsCategory/ListOfAssets.tsx(224,37): error TS2339: Property 'assetType' does not exist on type 'any[]'.
src/pages/Assets/AssetsCategory/ListOfAssets.tsx(225,36): error TS2339: Property 'warranty' does not exist on type 'any[]'.
src/pages/Assets/AssetsCategory/ListOfAssets.tsx(226,41): error TS2339: Property 'ownershipType' does not exist on type 'any[]'.
src/pages/Assets/AssetsCategory/ListOfAssets.tsx(227,40): error TS2339: Property 'rentedMonths' does not exist on type 'any[]'.
src/pages/Assets/AssetsCategory/ListOfAssets.tsx(229,35): error TS2339: Property 'tangable' does not exist on type 'any[]'.
src/pages/Assets/AssetsCategory/ListOfAssets.tsx(230,38): error TS2339: Property 'tangable' does not exist on type 'any[]'.
src/pages/Assets/AssetsCategory/ListOfAssets.tsx(232,38): error TS2339: Property 'location' does not exist on type 'any[]'.
src/pages/Assets/AssetsCategory/ListOfAssets.tsx(233,33): error TS2339: Property 'floor' does not exist on type 'any[]'.
src/pages/Assets/AssetsCategory/ListOfAssets.tsx(234,53): error TS2339: Property 'isUnderMaintenance' does not exist on type 'any[]'.
src/pages/Assets/AssetsCategory/ListOfAssets.tsx(235,38): error TS2339: Property 'isUnderMaintenance' does not exist on type 'any[]'.
src/pages/Assets/AssetsCategory/ListOfAssets.tsx(237,34): error TS2339: Property 'status' does not exist on type 'any[]'.
src/pages/Assets/AssetsCategory/ListOfAssets.tsx(238,44): error TS2339: Property 'isDamaged' does not exist on type 'any[]'.
src/pages/Assets/AssetsCategory/ListOfAssets.tsx(239,38): error TS2339: Property 'isDamaged' does not exist on type 'any[]'.
src/pages/Assets/AssetsCategory/ListOfAssets.tsx(254,42): error TS2339: Property 'categoryId' does not exist on type 'void'.
src/pages/Assets/AssetsCategory/ListOfAssets.tsx(255,45): error TS2339: Property 'subCatId' does not exist on type 'void'.
src/pages/Assets/AssetsCategory/ListOfAssets.tsx(256,40): error TS2339: Property 'vendorId' does not exist on type 'void'.
src/pages/Assets/AssetsCategory/ListOfAssets.tsx(257,36): error TS2339: Property 'name' does not exist on type 'void'.
src/pages/Assets/AssetsCategory/ListOfAssets.tsx(258,44): error TS2339: Property 'purchaseDate' does not exist on type 'void'.
src/pages/Assets/AssetsCategory/ListOfAssets.tsx(259,35): error TS2769: No overload matches this call.
  Overload 1 of 3, '(name: string, value: string | Blob): void', gave the following error.
    Argument of type 'number' is not assignable to parameter of type 'string | Blob'.
  Overload 2 of 3, '(name: string, value: string): void', gave the following error.
    Argument of type 'number' is not assignable to parameter of type 'string'.
  Overload 3 of 3, '(name: string, blobValue: Blob, filename?: string): void', gave the following error.
    Argument of type 'number' is not assignable to parameter of type 'Blob'.
src/pages/Assets/AssetsCategory/ListOfAssets.tsx(259,47): error TS2339: Property 'quantity' does not exist on type 'void'.
src/pages/Assets/AssetsCategory/ListOfAssets.tsx(260,32): error TS2769: No overload matches this call.
  Overload 1 of 3, '(name: string, value: string | Blob): void', gave the following error.
    Argument of type 'number' is not assignable to parameter of type 'string | Blob'.
  Overload 2 of 3, '(name: string, value: string): void', gave the following error.
    Argument of type 'number' is not assignable to parameter of type 'string'.
  Overload 3 of 3, '(name: string, blobValue: Blob, filename?: string): void', gave the following error.
    Argument of type 'number' is not assignable to parameter of type 'Blob'.
src/pages/Assets/AssetsCategory/ListOfAssets.tsx(260,44): error TS2339: Property 'price' does not exist on type 'void'.
src/pages/Assets/AssetsCategory/ListOfAssets.tsx(261,37): error TS2339: Property 'brand' does not exist on type 'void'.
src/pages/Assets/AssetsCategory/ListOfAssets.tsx(262,41): error TS2339: Property 'assetType' does not exist on type 'void'.
src/pages/Assets/AssetsCategory/ListOfAssets.tsx(263,35): error TS2769: No overload matches this call.
  Overload 1 of 3, '(name: string, value: string | Blob): void', gave the following error.
    Argument of type 'number' is not assignable to parameter of type 'string | Blob'.
  Overload 2 of 3, '(name: string, value: string): void', gave the following error.
    Argument of type 'number' is not assignable to parameter of type 'string'.
  Overload 3 of 3, '(name: string, blobValue: Blob, filename?: string): void', gave the following error.
    Argument of type 'number' is not assignable to parameter of type 'Blob'.
src/pages/Assets/AssetsCategory/ListOfAssets.tsx(263,47): error TS2339: Property 'warranty' does not exist on type 'void'.
src/pages/Assets/AssetsCategory/ListOfAssets.tsx(264,45): error TS2339: Property 'ownershipType' does not exist on type 'void'.
src/pages/Assets/AssetsCategory/ListOfAssets.tsx(265,39): error TS2769: No overload matches this call.
  Overload 1 of 3, '(name: string, value: string | Blob): void', gave the following error.
    Argument of type 'number' is not assignable to parameter of type 'string | Blob'.
  Overload 2 of 3, '(name: string, value: string): void', gave the following error.
    Argument of type 'number' is not assignable to parameter of type 'string'.
  Overload 3 of 3, '(name: string, blobValue: Blob, filename?: string): void', gave the following error.
    Argument of type 'number' is not assignable to parameter of type 'Blob'.
src/pages/Assets/AssetsCategory/ListOfAssets.tsx(265,51): error TS2339: Property 'rentedMonths' does not exist on type 'void'.
src/pages/Assets/AssetsCategory/ListOfAssets.tsx(266,38): error TS2339: Property 'status' does not exist on type 'void'.
src/pages/Assets/AssetsCategory/ListOfAssets.tsx(267,41): error TS2339: Property 'isDamaged' does not exist on type 'void'.
src/pages/Assets/AssetsCategory/ListOfAssets.tsx(268,50): error TS2339: Property 'isUnderMaintenance' does not exist on type 'void'.
src/pages/Assets/AssetsCategory/ListOfAssets.tsx(269,40): error TS2339: Property 'tangable' does not exist on type 'void'.
src/pages/Assets/AssetsCategory/ListOfAssets.tsx(270,42): error TS2339: Property 'locationId' does not exist on type 'void'.
src/pages/Assets/AssetsCategory/ListOfAssets.tsx(272,16): error TS2339: Property 'assetImage' does not exist on type 'void'.
src/pages/Assets/AssetsCategory/ListOfAssets.tsx(273,44): error TS2339: Property 'assetImage' does not exist on type 'void'.
src/pages/Assets/AssetsCategory/ListOfAssets.tsx(275,16): error TS2339: Property 'warrantyDocument' does not exist on type 'void'.
src/pages/Assets/AssetsCategory/ListOfAssets.tsx(276,50): error TS2339: Property 'warrantyDocument' does not exist on type 'void'.
src/pages/Assets/AssetsCategory/ListOfAssets.tsx(279,75): error TS2339: Property 'assetMongoId' does not exist on type 'void'.
src/pages/Assets/AssetsCategory/ListOfAssets.tsx(414,8): error TS2740: Type '{ search: true; dateColumn: string; tableTitle: string; buttonTitle: string; data: any; columns: ({ field: string; headerName: string; cellRenderer?: undefined; pinned?: undefined; } | { field: string; headerName: string; cellRenderer: (params: any) => string; pinned?: undefined; } | { ...; })[]; handleSubmit: () =>...' is missing the following properties from type '{ data?: any[]; columns?: any[]; dateColumn: any; formatTime?: boolean; formatDate?: boolean; tableHeight: any; tableTitle: any; buttonTitle: any; handleSubmit: any; checkbox: any; checkAll: any; key: any; exportData: any; ... 7 more ...; totalKey?: string; }': tableHeight, checkbox, checkAll, key, and 5 more.
src/pages/Assets/AssetsCategory/ListOfAssets.tsx(431,55): error TS2345: Argument of type '{ departmentId: string; categoryId: string; subCategoryId: string; vendorId: string; name: string; purchaseDate: any; quantity: number; price: number; brand: string; assetType: string; warranty: number; ... 6 more ...; warrantyDocument: any; }' is not assignable to parameter of type 'void'.
src/pages/Assets/AssetsCategory/ListOfAssets.tsx(548,23): error TS2322: Type 'string | FieldError | Merge<FieldError, FieldErrorsImpl<any>>' is not assignable to type 'ReactNode'.
  Type 'FieldError' is not assignable to type 'ReactNode'.
    Type 'FieldError' is missing the following properties from type 'ReactPortal': children, props, key
src/pages/Assets/AssetsCategory/ListOfAssets.tsx(722,24): error TS2769: No overload matches this call.
  Overload 2 of 3, '(props: { component: ElementType<any, keyof IntrinsicElements>; } & MenuItemOwnProps & Omit<ButtonBaseOwnProps, "classes"> & CommonProps & Omit<...>): Element', gave the following error.
    Type 'unknown' is not assignable to type 'Key'.
  Overload 2 of 3, '(props: { component: ElementType<any, keyof IntrinsicElements>; } & MenuItemOwnProps & Omit<ButtonBaseOwnProps, "classes"> & CommonProps & Omit<...>): Element', gave the following error.
    Type 'unknown' is not assignable to type 'ReactNode'.
src/pages/Assets/AssetsCategory/ListOfAssets.tsx(767,15): error TS2322: Type '"assetImage"' is not assignable to type '"name" | "location" | "departmentId" | "brand" | "price" | "quantity" | "purchaseDate" | "warranty" | "floor" | "assetType" | "ownershipType" | "tangable" | "categoryId" | "subCategoryId" | ... 5 more ... | `warrantyDocument.${string}`'.
src/pages/Assets/AssetsCategory/ListOfAssets.tsx(789,60): error TS2345: Argument of type '{ isDamaged: boolean; isUnderMaintenance: boolean; departmentId: string; categoryId: string; subCategoryId: string; vendorId: string; name: string; purchaseDate: any; quantity: number; price: number; ... 11 more ...; warrantyDocument: any; }' is not assignable to parameter of type 'void'.
src/pages/Assets/AssetsCategory/ListOfAssets.tsx(831,23): error TS2322: Type 'string | FieldError | Merge<FieldError, FieldErrorsImpl<any>>' is not assignable to type 'ReactNode'.
  Type 'FieldError' is not assignable to type 'ReactNode'.
    Type 'FieldError' is missing the following properties from type 'ReactPortal': children, props, key
src/pages/Assets/AssetsDashboard.tsx(69,52): error TS2339: Property 'permissions' does not exist on type 'unknown'.
src/pages/Assets/AssetsDashboard.tsx(87,31): error TS2339: Property 'ASSETS_VIEW_GRAPHS' does not exist on type '{ ASSETS_VIEW_ASSETS: { value: string; type: string; }; ASSETS_MANAGE_ASSETS: { value: string; type: string; }; ASSETS_ASSIGNED_UNASSIGNED: { value: string; type: string; }; ASSETS_ASSIGNED_ASSETS: { ...; }; ... 312 more ...; ACCESS_PERMISSIONS: { ...; }; }'.
src/pages/Assets/AssetsDashboard.tsx(107,39): error TS2339: Property 'some' does not exist on type 'unknown'.
src/pages/Assets/AssetsDashboard.tsx(110,33): error TS2339: Property 'map' does not exist on type 'unknown'.
src/pages/Assets/AssetsDashboard.tsx(523,12): error TS2740: Type '{ height: number; data: { name: string; data: (string | 0)[]; }[]; options: { chart: { type: string; fontFamily: string; toolbar: boolean; }; xaxis: { categories: string[]; }; yaxis: { max: number; title: { text: string; }; labels: { ...; }; }; dataLabels: { ...; }; tooltip: { ...; }; plotOptions: { ...; }; colors: ...' is missing the following properties from type '{ data: any; options: any; height: any; customLegend: any; firstParam: any; secondParam: any; year: any; departments: any; singleParam: any; doubleParam: any; }': customLegend, firstParam, secondParam, year, and 3 more.
src/pages/Assets/AssetsDashboard.tsx(610,12): error TS2739: Type '{ width: number; labels: any; series: any; tooltipValue: any; colors: any; centerLabel: string; title: string; }' is missing the following properties from type '{ centerLabel: any; labels: any; colors: any; series: any; tooltipValue: any; handleClick: any; onSliceClick: any; width: any; isMonetary?: boolean; }': handleClick, onSliceClick
src/pages/Assets/AssetsDashboard.tsx(624,13): error TS2322: Type '{ Title: string; columns: { id: string; label: string; }[]; rows: any; rowKey: string; rowsToDisplay: number; className: string; }' is not assignable to type 'IntrinsicAttributes & { Title: any; columns: any; rows: any; rowKey?: string; rowsToDisplay: any; scroll?: boolean; }'.
  Property 'className' does not exist on type 'IntrinsicAttributes & { Title: any; columns: any; rows: any; rowKey?: string; rowsToDisplay: any; scroll?: boolean; }'.
src/pages/Assets/AssetsHome.tsx(30,5): error TS2353: Object literal may only specify known properties, and 'onNotTop' does not exist in type '{ additionalTopUserIds?: any[]; additionalTopDepartmentIds?: any[]; }'.
src/pages/Assets/ManageAssets/Approvals.tsx(33,53): error TS2339: Property 'assets' does not exist on type 'unknown'.
src/pages/Assets/ManageAssets/Approvals.tsx(55,35): error TS2339: Property '_id' does not exist on type 'void'.
src/pages/Assets/ManageAssets/Approvals.tsx(73,35): error TS2339: Property '_id' does not exist on type 'void'.
src/pages/Assets/ManageAssets/Approvals.tsx(181,38): error TS2339: Property 'assignee' does not exist on type 'any[]'.
src/pages/Assets/ManageAssets/Approvals.tsx(185,38): error TS2339: Property 'name' does not exist on type 'any[]'.
src/pages/Assets/ManageAssets/Approvals.tsx(189,38): error TS2339: Property 'assetNumber' does not exist on type 'any[]'.
src/pages/Assets/ManageAssets/Approvals.tsx(193,38): error TS2339: Property 'assetType' does not exist on type 'any[]'.
src/pages/Assets/ManageAssets/Approvals.tsx(195,70): error TS2339: Property 'brand' does not exist on type 'any[]'.
src/pages/Assets/ManageAssets/Approvals.tsx(198,38): error TS2339: Property 'category' does not exist on type 'any[]'.
src/pages/Assets/ManageAssets/Approvals.tsx(202,38): error TS2339: Property 'subCategory' does not exist on type 'any[]'.
src/pages/Assets/ManageAssets/Approvals.tsx(206,48): error TS2339: Property 'createdAt' does not exist on type 'any[]'.
src/pages/Assets/ManageAssets/Approvals.tsx(210,38): error TS2339: Property 'isDamaged' does not exist on type 'any[]'.
src/pages/Assets/ManageAssets/Approvals.tsx(214,38): error TS2339: Property 'isRevoked' does not exist on type 'any[]'.
src/pages/Assets/ManageAssets/Approvals.tsx(218,38): error TS2339: Property 'isUnderMaintenance' does not exist on type 'any[]'.
src/pages/Assets/ManageAssets/AssignAssets.tsx(24,53): error TS2339: Property 'assets' does not exist on type 'unknown'.
src/pages/Assets/ManageAssets/AssignAssets.tsx(42,30): error TS2769: No overload matches this call.
  Overload 1 of 4, '(names: readonly ("unit" | "assetId" | "toDepartmentIdId" | "assignee" | "building")[], defaultValue?: { assetId?: string; toDepartmentIdId?: string; assignee?: string; building?: string; unit?: string; }): readonly string[]', gave the following error.
    Argument of type 'string' is not assignable to parameter of type 'readonly ("unit" | "assetId" | "toDepartmentIdId" | "assignee" | "building")[]'.
  Overload 2 of 4, '(name: "unit" | "assetId" | "toDepartmentIdId" | "assignee" | "building", defaultValue?: string): string', gave the following error.
    Argument of type '"floor"' is not assignable to parameter of type '"unit" | "assetId" | "toDepartmentIdId" | "assignee" | "building"'.
  Overload 3 of 4, '(callback: WatchObserver<{ assetId: string; toDepartmentIdId: string; assignee: string; building: string; unit: string; }>, defaultValues?: { assetId?: string; toDepartmentIdId?: string; assignee?: string; building?: string; unit?: string; }): Subscription', gave the following error.
    Argument of type 'string' is not assignable to parameter of type 'WatchObserver<{ assetId: string; toDepartmentIdId: string; assignee: string; building: string; unit: string; }>'.
src/pages/Assets/ManageAssets/AssignAssets.tsx(109,9): error TS2698: Spread types may only be created from object types.
src/pages/Assets/ManageAssets/AssignAssets.tsx(111,33): error TS2339: Property '_id' does not exist on type 'any[]'.
src/pages/Assets/ManageAssets/AssignAssets.tsx(236,38): error TS2339: Property 'assetId' does not exist on type 'any[]'.
src/pages/Assets/ManageAssets/AssignAssets.tsx(240,38): error TS2339: Property 'name' does not exist on type 'any[]'.
src/pages/Assets/ManageAssets/AssignAssets.tsx(244,38): error TS2339: Property 'assetType' does not exist on type 'any[]'.
src/pages/Assets/ManageAssets/AssignAssets.tsx(248,38): error TS2339: Property 'brand' does not exist on type 'any[]'.
src/pages/Assets/ManageAssets/AssignAssets.tsx(252,38): error TS2339: Property 'department' does not exist on type 'any[]'.
src/pages/Assets/ManageAssets/AssignAssets.tsx(256,38): error TS2339: Property 'isUnderMaintenance' does not exist on type 'any[]'.
src/pages/Assets/ManageAssets/AssignAssets.tsx(260,38): error TS2339: Property 'location' does not exist on type 'any[]'.
src/pages/Assets/ManageAssets/AssignAssets.tsx(264,38): error TS2339: Property 'ownershipType' does not exist on type 'any[]'.
src/pages/Assets/ManageAssets/AssignAssets.tsx(268,48): error TS2339: Property 'price' does not exist on type 'any[]'.
src/pages/Assets/ManageAssets/AssignAssets.tsx(272,48): error TS2339: Property 'purchaseDate' does not exist on type 'any[]'.
src/pages/Assets/ManageAssets/AssignAssets.tsx(276,38): error TS2339: Property 'status' does not exist on type 'any[]'.
src/pages/Assets/ManageAssets/AssignAssets.tsx(280,38): error TS2339: Property 'subCategory' does not exist on type 'any[]'.
src/pages/Assets/ManageAssets/AssignAssets.tsx(284,38): error TS2339: Property 'tangable' does not exist on type 'any[]'.
src/pages/Assets/ManageAssets/AssignAssets.tsx(292,58): error TS2345: Argument of type '{ assetId: string; toDepartmentIdId: string; assignee: string; building: string; unit: string; }' is not assignable to parameter of type 'void'.
src/pages/Assets/ManageAssets/AssignAssets.tsx(296,15): error TS2820: Type '"toDepartmentId"' is not assignable to type '"unit" | "assetId" | "toDepartmentIdId" | "assignee" | "building"'. Did you mean '"toDepartmentIdId"'?
src/pages/Assets/ManageAssets/AssignAssets.tsx(368,24): error TS2769: No overload matches this call.
  Overload 2 of 3, '(props: { component: ElementType<any, keyof IntrinsicElements>; } & MenuItemOwnProps & Omit<ButtonBaseOwnProps, "classes"> & CommonProps & Omit<...>): Element', gave the following error.
    Type 'unknown' is not assignable to type 'Key'.
  Overload 2 of 3, '(props: { component: ElementType<any, keyof IntrinsicElements>; } & MenuItemOwnProps & Omit<ButtonBaseOwnProps, "classes"> & CommonProps & Omit<...>): Element', gave the following error.
    Type 'unknown' is not assignable to type 'ReactNode'.
src/pages/Assets/ManageAssets/AssignAssets.tsx(378,15): error TS2322: Type '"location"' is not assignable to type '"unit" | "assetId" | "toDepartmentIdId" | "assignee" | "building"'.
src/pages/Assets/ManageAssets/AssignAssets.tsx(390,35): error TS2339: Property 'location' does not exist on type 'FieldErrors<{ assetId: string; toDepartmentIdId: string; assignee: string; building: string; unit: string; }>'.
src/pages/Assets/ManageAssets/AssignAssets.tsx(391,39): error TS2339: Property 'location' does not exist on type 'FieldErrors<{ assetId: string; toDepartmentIdId: string; assignee: string; building: string; unit: string; }>'.
src/pages/Assets/ManageAssets/AssignedAssets.tsx(33,53): error TS2339: Property 'assets' does not exist on type 'unknown'.
src/pages/Assets/ManageAssets/AssignedAssets.tsx(54,42): error TS2339: Property '_id' does not exist on type 'void'.
src/pages/Assets/ManageAssets/AssignedAssets.tsx(148,38): error TS2339: Property 'assignee' does not exist on type 'any[]'.
src/pages/Assets/ManageAssets/AssignedAssets.tsx(152,38): error TS2339: Property 'name' does not exist on type 'any[]'.
src/pages/Assets/ManageAssets/AssignedAssets.tsx(156,38): error TS2339: Property 'assetNumber' does not exist on type 'any[]'.
src/pages/Assets/ManageAssets/AssignedAssets.tsx(160,38): error TS2339: Property 'assetType' does not exist on type 'any[]'.
src/pages/Assets/ManageAssets/AssignedAssets.tsx(162,70): error TS2339: Property 'brand' does not exist on type 'any[]'.
src/pages/Assets/ManageAssets/AssignedAssets.tsx(165,38): error TS2339: Property 'category' does not exist on type 'any[]'.
src/pages/Assets/ManageAssets/AssignedAssets.tsx(169,38): error TS2339: Property 'subCategory' does not exist on type 'any[]'.
src/pages/Assets/ManageAssets/AssignedAssets.tsx(173,48): error TS2339: Property 'createdAt' does not exist on type 'any[]'.
src/pages/Assets/ManageAssets/AssignedAssets.tsx(177,38): error TS2339: Property 'isDamaged' does not exist on type 'any[]'.
src/pages/Assets/ManageAssets/AssignedAssets.tsx(181,38): error TS2339: Property 'isRevoked' does not exist on type 'any[]'.
src/pages/Assets/ManageAssets/AssignedAssets.tsx(185,38): error TS2339: Property 'isUnderMaintenance' does not exist on type 'any[]'.
src/pages/Assets/ManageAssets/ManageAssets.tsx(6,22): error TS2339: Property 'assets' does not exist on type 'unknown'.
src/pages/Assets/ManageAssetsHome.tsx(30,5): error TS2353: Object literal may only specify known properties, and 'onNotTop' does not exist in type '{ additionalTopUserIds?: any[]; additionalTopDepartmentIds?: any[]; }'.
src/pages/Calendar.tsx(183,32): error TS2322: Type '{ children: Element[]; column: true; }' is not assignable to type 'IntrinsicAttributes & FormGroupProps'.
  Property 'column' does not exist on type 'IntrinsicAttributes & FormGroupProps'.
src/pages/Calendar.tsx(225,39): error TS2322: Type '"#1E3D73"' is not assignable to type 'OverridableStringUnion<"error" | "primary" | "secondary" | "info" | "success" | "warning" | "inherit", CircularProgressPropsColorOverrides>'.
src/pages/Calendar.tsx(554,27): error TS2322: Type '"#1E3D73"' is not assignable to type 'OverridableStringUnion<"error" | "primary" | "secondary" | "info" | "success" | "warning" | "inherit", CircularProgressPropsColorOverrides>'.
src/pages/Dashboard/FrontendDashboard/CompanyLeads.tsx(16,56): error TS2339: Property 'company' does not exist on type 'unknown'.
src/pages/Dashboard/FrontendDashboard/CompanyLeads.tsx(50,37): error TS2559: Type 'string[]' has no properties in common with type 'InvalidateQueryFilters<readonly unknown[]>'.
src/pages/Dashboard/FrontendDashboard/CompanyLeads.tsx(54,23): error TS2339: Property 'response' does not exist on type 'Error'.
src/pages/Dashboard/FrontendDashboard/CompanyLeads.tsx(70,31): error TS2345: Argument of type '{ leadId: any; comment: any; }' is not assignable to parameter of type 'void'.
src/pages/Dashboard/FrontendDashboard/CompanyLeads.tsx(77,31): error TS2345: Argument of type '{ leadId: any; status: any; }' is not assignable to parameter of type 'void'.
src/pages/Dashboard/FrontendDashboard/CompanyLeads.tsx(171,10): error TS2740: Type '{ data: any[]; tableTitle: string; columns: ({ field: string; headerName: string; width: number; cellRenderer?: undefined; } | { field: string; headerName: string; width?: undefined; cellRenderer?: undefined; } | { ...; })[]; }' is missing the following properties from type '{ data?: any[]; columns?: any[]; dateColumn: any; formatTime?: boolean; formatDate?: boolean; tableHeight: any; tableTitle: any; buttonTitle: any; handleSubmit: any; checkbox: any; checkAll: any; key: any; exportData: any; ... 7 more ...; totalKey?: string; }': dateColumn, tableHeight, buttonTitle, handleSubmit, and 8 more.
src/pages/Dashboard/FrontendDashboard/CompanyLeads.tsx(209,43): error TS2339: Property 'isLoading' does not exist on type 'UseMutationResult<any, Error, void, unknown>'.
  Property 'isLoading' does not exist on type 'Override<MutationObserverIdleResult<any, Error, void, unknown>, { mutate: UseMutateFunction<any, Error, void, unknown>; }> & { ...; }'.
src/pages/Dashboard/FrontendDashboard/CompanyReviews.tsx(15,56): error TS2339: Property 'company' does not exist on type 'unknown'.
src/pages/Dashboard/FrontendDashboard/CompanyReviews.tsx(59,26): error TS2339: Property 'reviewId' does not exist on type 'void'.
src/pages/Dashboard/FrontendDashboard/CompanyReviews.tsx(59,36): error TS2339: Property 'status' does not exist on type 'void'.
src/pages/Dashboard/FrontendDashboard/CompanyReviews.tsx(67,37): error TS2559: Type 'string[]' has no properties in common with type 'InvalidateQueryFilters<readonly unknown[]>'.
src/pages/Dashboard/FrontendDashboard/CompanyReviews.tsx(71,23): error TS2339: Property 'response' does not exist on type 'Error'.
src/pages/Dashboard/FrontendDashboard/CompanyReviews.tsx(90,33): error TS2345: Argument of type '{ reviewId: any; status: any; }' is not assignable to parameter of type 'void'.
src/pages/Dashboard/FrontendDashboard/Data/FrontendWebsiteIssueReports.tsx(41,34): error TS2695: Left side of comma operator is unused and has no side effects.
src/pages/Dashboard/FrontendDashboard/EditNomadListing.tsx(174,24): error TS2339: Property 'response' does not exist on type 'Error'.
src/pages/Dashboard/FrontendDashboard/EditNomadListing.tsx(214,17): error TS2345: Argument of type 'FormData' is not assignable to parameter of type 'void'.
src/pages/Dashboard/FrontendDashboard/EditNomadListing.tsx(497,63): error TS2339: Property 'name' does not exist on type 'FieldError | Merge<FieldError, FieldErrorsImpl<any>>'.
  Property 'name' does not exist on type 'FieldError'.
src/pages/Dashboard/FrontendDashboard/EditNomadListing.tsx(498,60): error TS2339: Property 'name' does not exist on type 'FieldError | Merge<FieldError, FieldErrorsImpl<any>>'.
  Property 'name' does not exist on type 'FieldError'.
src/pages/Dashboard/FrontendDashboard/EditNomadListing.tsx(529,61): error TS2339: Property 'review' does not exist on type 'FieldError | Merge<FieldError, FieldErrorsImpl<any>>'.
  Property 'review' does not exist on type 'FieldError'.
src/pages/Dashboard/FrontendDashboard/EditNomadListing.tsx(530,58): error TS2339: Property 'review' does not exist on type 'FieldError | Merge<FieldError, FieldErrorsImpl<any>>'.
  Property 'review' does not exist on type 'FieldError'.
src/pages/Dashboard/FrontendDashboard/FrontendDashboard.tsx(31,48): error TS2339: Property 'company' does not exist on type 'unknown'.
src/pages/Dashboard/FrontendDashboard/FrontendDashboard.tsx(36,52): error TS2339: Property 'permissions' does not exist on type 'unknown'.
src/pages/Dashboard/FrontendDashboard/FrontendDashboard.tsx(597,13): error TS2322: Type '{ percent: any; data: any; options: any; width: any; }' is not assignable to type 'IntrinsicAttributes & PieChartMuiProps'.
  Property 'percent' does not exist on type 'IntrinsicAttributes & PieChartMuiProps'.
src/pages/Dashboard/FrontendDashboard/FrontendDashboard.tsx(618,14): error TS2740: Type '{ data: any; options: any; title: any; onYearChange: any; titleAmount: any; }' is missing the following properties from type '{ options: any; data: any; dataPoint: any; title: any; titleAmount: any; chartId: any; TitleAmountGreen: any; TitleAmountRed: any; responsiveResize?: boolean; secondParam?: boolean; chartHeight: any; currentYear: any; onYearChange: any; dateKey: any; }': dataPoint, chartId, TitleAmountGreen, TitleAmountRed, and 3 more.
src/pages/Dashboard/FrontendDashboard/FrontendFinance/FrontendBudget.tsx(68,26): error TS2339: Property 'utilisedBudget' does not exist on type '{ "FY 2024-25": { projectedBudget: any[]; utilisedBudget: any[]; }; "FY 2025-26": { projectedBudget: any[]; utilisedBudget: any[]; }; }'.
src/pages/Dashboard/FrontendDashboard/FrontendFinance/FrontendBudget.tsx(153,16): error TS2339: Property 'utilisedBudget' does not exist on type '{ "FY 2024-25": { projectedBudget: any[]; utilisedBudget: any[]; }; "FY 2025-26": { projectedBudget: any[]; utilisedBudget: any[]; }; }'.
src/pages/Dashboard/FrontendDashboard/FrontendFinance/FrontendBudget.tsx(221,37): error TS2339: Property 'tableData' does not exist on type 'unknown'.
src/pages/Dashboard/FrontendDashboard/FrontendFinance/FrontendBudget.tsx(230,17): error TS2339: Property 'tableData' does not exist on type 'unknown'.
src/pages/Dashboard/FrontendDashboard/FrontendFinance/FrontendBudget.tsx(234,9): error TS2698: Spread types may only be created from object types.
src/pages/Dashboard/FrontendDashboard/FrontendFinance/FrontendBudget.tsx(235,31): error TS2339: Property 'projectedAmount' does not exist on type 'unknown'.
src/pages/Dashboard/FrontendDashboard/FrontendFinance/FrontendBudget.tsx(236,30): error TS2339: Property 'amount' does not exist on type 'unknown'.
src/pages/Dashboard/FrontendDashboard/FrontendFinance/FrontendBudget.tsx(237,28): error TS2339: Property 'expanseType' does not exist on type 'unknown'.
src/pages/Dashboard/FrontendDashboard/FrontendFinance/FrontendBudget.tsx(239,19): error TS2339: Property 'tableData' does not exist on type 'unknown'.
src/pages/Dashboard/FrontendDashboard/FrontendFinance/FrontendBudget.tsx(263,14): error TS2740: Type '{ data: { name: string; group: string; data: any; }[]; options: { chart: { type: string; toolbar: { show: boolean; }; stacked: boolean; fontFamily: string; }; colors: string[]; plotOptions: { bar: { horizontal: boolean; columnWidth: string; borderRadius: number; borderRadiusApplication: string; dataLabels: { ...; };...' is missing the following properties from type '{ options: any; data: any; dataPoint: any; title: any; titleAmount: any; chartId: any; TitleAmountGreen: any; TitleAmountRed: any; responsiveResize?: boolean; secondParam?: boolean; chartHeight: any; currentYear: any; onYearChange: any; dateKey: any; }': dataPoint, chartId, TitleAmountGreen, TitleAmountRed, and 4 more.
src/pages/Dashboard/FrontendDashboard/FrontendFinance/FrontendBudget.tsx(284,12): error TS2739: Type '{ financialData: any[]; isLoading: boolean; variant: string; }' is missing the following properties from type '{ financialData: any; isLoading: any; variant: any; hideTitle: any; noInvoice?: boolean; noFilter?: boolean; annaualExpense?: boolean; showInvoice?: boolean; newTitle: any; }': hideTitle, newTitle
src/pages/Dashboard/FrontendDashboard/FrontendFinance/FrontendPayment.tsx(93,26): error TS2322: Type '{ children: Element[]; column: true; }' is not assignable to type 'IntrinsicAttributes & FormGroupProps'.
  Property 'column' does not exist on type 'IntrinsicAttributes & FormGroupProps'.
src/pages/Dashboard/FrontendDashboard/NomadListing.tsx(96,34): error TS2339: Property 'isLoading' does not exist on type 'UseMutationResult<any, Error, void, unknown>'.
src/pages/Dashboard/FrontendDashboard/NomadListing.tsx(108,24): error TS2339: Property 'response' does not exist on type 'Error'.
src/pages/Dashboard/FrontendDashboard/NomadListing.tsx(116,25): error TS2769: No overload matches this call.
  Overload 1 of 3, '(name: string, value: string | Blob): void', gave the following error.
    Argument of type 'unknown' is not assignable to parameter of type 'string | Blob'.
  Overload 2 of 3, '(name: string, value: string): void', gave the following error.
    Argument of type 'unknown' is not assignable to parameter of type 'string'.
  Overload 3 of 3, '(name: string, blobValue: Blob, filename?: string): void', gave the following error.
    Argument of type 'unknown' is not assignable to parameter of type 'Blob'.
      Type '{}' is missing the following properties from type 'Blob': size, type, arrayBuffer, bytes, and 3 more.
src/pages/Dashboard/FrontendDashboard/NomadListing.tsx(117,27): error TS2769: No overload matches this call.
  Overload 1 of 3, '(name: string, value: string | Blob): void', gave the following error.
    Argument of type 'unknown' is not assignable to parameter of type 'string | Blob'.
  Overload 2 of 3, '(name: string, value: string): void', gave the following error.
    Argument of type 'unknown' is not assignable to parameter of type 'string'.
  Overload 3 of 3, '(name: string, blobValue: Blob, filename?: string): void', gave the following error.
    Argument of type 'unknown' is not assignable to parameter of type 'Blob'.
      Type '{}' is missing the following properties from type 'Blob': size, type, arrayBuffer, bytes, and 3 more.
src/pages/Dashboard/FrontendDashboard/NomadListing.tsx(148,19): error TS2345: Argument of type 'FormData' is not assignable to parameter of type 'void'.
src/pages/Dashboard/FrontendDashboard/NomadListingsOverview.tsx(50,5): error TS2769: No overload matches this call.
  Overload 1 of 3, '(options: DefinedInitialDataOptions<unknown, Error, unknown, unknown[]>, queryClient?: QueryClient): DefinedUseQueryResult<unknown, Error>', gave the following error.
    Object literal may only specify known properties, and 'cacheTime' does not exist in type 'DefinedInitialDataOptions<unknown, Error, unknown, unknown[]>'.
  Overload 2 of 3, '(options: UndefinedInitialDataOptions<any, Error, any, unknown[]>, queryClient?: QueryClient): UseQueryResult<any, Error>', gave the following error.
    Object literal may only specify known properties, and 'cacheTime' does not exist in type 'UndefinedInitialDataOptions<any, Error, any, unknown[]>'.
  Overload 3 of 3, '(options: UseQueryOptions<any, Error, any, unknown[]>, queryClient?: QueryClient): UseQueryResult<any, Error>', gave the following error.
    Object literal may only specify known properties, and 'cacheTime' does not exist in type 'UseQueryOptions<any, Error, any, unknown[]>'.
src/pages/Dashboard/FrontendDashboard/NomadListingsOverview.tsx(77,17): error TS2339: Property 'map' does not exist on type 'unknown'.
src/pages/Dashboard/FrontendDashboard/NomadListingsOverview.tsx(115,53): error TS2345: Argument of type 'unknown' is not assignable to parameter of type 'string'.
src/pages/Dashboard/FrontendDashboard/NomadListingsOverview.tsx(138,34): error TS2345: Argument of type '{ businessId: any; status: boolean; }' is not assignable to parameter of type 'void'.
src/pages/Dashboard/FrontendDashboard/NomadListingsOverview.tsx(146,34): error TS2345: Argument of type '{ businessId: any; status: boolean; }' is not assignable to parameter of type 'void'.
src/pages/Dashboard/FrontendDashboard/PocDetails.tsx(123,17): error TS2322: Type 'unknown' is not assignable to type 'ReactNode'.
src/pages/Dashboard/FrontendDashboard/WebsiteBuilder/CreateWebsite.tsx(75,56): error TS2339: Property 'company' does not exist on type 'unknown'.
src/pages/Dashboard/FrontendDashboard/WebsiteBuilder/CreateWebsite.tsx(107,9): error TS2322: Type 'unknown' is not assignable to type 'string'.
src/pages/Dashboard/FrontendDashboard/WebsiteBuilder/CreateWebsite.tsx(108,9): error TS2322: Type 'unknown' is not assignable to type 'string'.
src/pages/Dashboard/FrontendDashboard/WebsiteBuilder/CreateWebsite.tsx(184,19): error TS2345: Argument of type 'FormData' is not assignable to parameter of type 'void'.
src/pages/Dashboard/FrontendDashboard/WebsiteBuilder/CreateWebsite.tsx(187,34): error TS2339: Property 'isLoading' does not exist on type 'UseMutationResult<any, Error, void, unknown>'.
src/pages/Dashboard/FrontendDashboard/WebsiteBuilder/CreateWebsite.tsx(201,26): error TS2339: Property 'response' does not exist on type 'Error'.
src/pages/Dashboard/FrontendDashboard/WebsiteBuilder/CreateWebsite.tsx(202,26): error TS2339: Property 'response' does not exist on type 'Error'.
src/pages/Dashboard/FrontendDashboard/WebsiteBuilder/CreateWebsite.tsx(216,7): error TS2322: Type 'unknown' is not assignable to type 'string'.
src/pages/Dashboard/FrontendDashboard/WebsiteBuilder/CreateWebsite.tsx(217,7): error TS2322: Type 'unknown' is not assignable to type 'string'.
src/pages/Dashboard/FrontendDashboard/WebsiteBuilder/CreateWebsite.tsx(587,25): error TS2322: Type '`products.${number}.files`' is not assignable to type '"title" | "companyLogo" | "address" | "about" | "companyName" | "phone" | "companyId" | "subTitle" | "CTAButtonText" | "productTitle" | "galleryTitle" | "testimonialTitle" | ... 25 more ... | `testimonials.${number}.testimony`'.
src/pages/Dashboard/FrontendDashboard/WebsiteBuilder/CreateWebsite.tsx(795,23): error TS2322: Type '`testimonials.${number}.file`' is not assignable to type '"title" | "companyLogo" | "address" | "about" | "companyName" | "phone" | "companyId" | "subTitle" | "CTAButtonText" | "productTitle" | "galleryTitle" | "testimonialTitle" | ... 25 more ... | `testimonials.${number}.testimony`'.
src/pages/Dashboard/FrontendDashboard/WebsiteBuilder/EditTemplate.tsx(160,39): error TS2448: Block-scoped variable 'loadEditorData' used before its declaration.
src/pages/Dashboard/FrontendDashboard/WebsiteBuilder/EditTemplate.tsx(310,34): error TS2345: Argument of type 'UseMutateFunction<any, Error, any, unknown>' is not assignable to parameter of type 'SubmitHandler<{ pageName: string; }>'.
  Types of parameters 'options' and 'event' are incompatible.
    Type 'BaseSyntheticEvent<object, any, any>' has no properties in common with type 'MutateOptions<any, Error, any, unknown>'.
src/pages/Dashboard/FrontendDashboard/WebsiteBuilder/EditWebsite.tsx(181,7): error TS2353: Object literal may only specify known properties, and 'companyLogo' does not exist in type '{ companyName: string; title: string; subTitle: string; CTAButtonText: string; about: any[]; productTitle: string; galleryTitle: string; testimonialTitle: string; contactTitle: string; mapUrl: string; ... 13 more ...; deletedTestimonialImageIds: any[]; } | { ...; } | ResetAction<...>'.
src/pages/Dashboard/FrontendDashboard/WebsiteBuilder/EditWebsite.tsx(253,24): error TS2339: Property 'response' does not exist on type 'Error'.
src/pages/Dashboard/FrontendDashboard/WebsiteBuilder/EditWebsite.tsx(363,20): error TS2345: Argument of type 'FormData' is not assignable to parameter of type 'void'.
src/pages/Dashboard/FrontendDashboard/WebsiteBuilder/EditWebsite.tsx(406,7): error TS2353: Object literal may only specify known properties, and 'companyLogo' does not exist in type '{ companyName: string; title: string; subTitle: string; CTAButtonText: string; about: any[]; productTitle: string; galleryTitle: string; testimonialTitle: string; contactTitle: string; mapUrl: string; ... 13 more ...; deletedTestimonialImageIds: any[]; } | { ...; } | ResetAction<...>'.
src/pages/Dashboard/FrontendDashboard/WebsiteBuilder/EditWebsite.tsx(535,19): error TS2322: Type '"companyLogo"' is not assignable to type '"title" | "address" | "about" | "email" | "companyName" | "phone" | "subTitle" | "CTAButtonText" | "productTitle" | "galleryTitle" | "testimonialTitle" | "contactTitle" | "mapUrl" | ... 49 more ... | `deletedTestimonialImageIds.${number}.${string}`'.
src/pages/Dashboard/FrontendDashboard/WebsiteBuilder/EditWebsite.tsx(563,19): error TS2322: Type '"heroImages"' is not assignable to type '"title" | "address" | "about" | "email" | "companyName" | "phone" | "subTitle" | "CTAButtonText" | "productTitle" | "galleryTitle" | "testimonialTitle" | "contactTitle" | "mapUrl" | ... 49 more ... | `deletedTestimonialImageIds.${number}.${string}`'.
src/pages/Dashboard/FrontendDashboard/WebsiteBuilder/EditWebsite.tsx(615,53): error TS2339: Property 'text' does not exist on type 'FieldError | Merge<FieldError, FieldErrorsImpl<any>>'.
  Property 'text' does not exist on type 'FieldError'.
src/pages/Dashboard/FrontendDashboard/WebsiteBuilder/EditWebsite.tsx(619,60): error TS2339: Property 'text' does not exist on type 'FieldError | Merge<FieldError, FieldErrorsImpl<any>>'.
  Property 'text' does not exist on type 'FieldError'.
src/pages/Dashboard/FrontendDashboard/WebsiteBuilder/EditWebsite.tsx(854,19): error TS2322: Type '"gallery"' is not assignable to type '"title" | "address" | "about" | "email" | "companyName" | "phone" | "subTitle" | "CTAButtonText" | "productTitle" | "galleryTitle" | "testimonialTitle" | "contactTitle" | "mapUrl" | ... 49 more ... | `deletedTestimonialImageIds.${number}.${string}`'.
src/pages/Dashboard/FrontendDashboard/WebsiteBuilder/InActiveWebsites.tsx(99,8): error TS2740: Type '{ data: any; columns: ({ headerName: string; field: string; flex: number; cellRenderer?: undefined; } | { headerName: string; field: string; flex: number; cellRenderer: (params: any) => Element; })[]; dateColumn: string; tableTitle: string; }' is missing the following properties from type '{ data?: any[]; columns?: any[]; dateColumn: any; formatTime?: boolean; formatDate?: boolean; tableHeight: any; tableTitle: any; buttonTitle: any; handleSubmit: any; checkbox: any; checkAll: any; key: any; exportData: any; ... 7 more ...; totalKey?: string; }': tableHeight, buttonTitle, handleSubmit, checkbox, and 7 more.
src/pages/Dashboard/FrontendDashboard/WebsiteBuilder/ViewTheme.tsx(215,30): error TS2339: Property 'onerror' does not exist on type 'EventTarget'.
src/pages/Dashboard/FrontendDashboard/WebsiteBuilder/ViewTheme.tsx(216,30): error TS2339: Property 'src' does not exist on type 'EventTarget'.
src/pages/HR/HrCommonAgreements.tsx(108,10): error TS2740: Type '{ key: any; search: true; tableTitle: string; data: any; dateColumn: string; columns: ({ headerName: string; field: string; maxWidth: number; flex?: undefined; cellRenderer?: undefined; } | { field: string; headerName: string; flex: number; cellRenderer: (params: any) => Element; maxWidth?: undefined; })[]; }' is missing the following properties from type '{ data?: any[]; columns?: any[]; dateColumn: any; formatTime?: boolean; formatDate?: boolean; tableHeight: any; tableTitle: any; buttonTitle: any; handleSubmit: any; checkbox: any; checkAll: any; key: any; exportData: any; ... 7 more ...; totalKey?: string; }': tableHeight, buttonTitle, handleSubmit, checkbox, and 6 more.
src/pages/HR/HrCommonAttandenceRequests.tsx(90,31): error TS2322: Type '"#1E3D73"' is not assignable to type 'OverridableStringUnion<"error" | "primary" | "secondary" | "info" | "success" | "warning" | "inherit", CircularProgressPropsColorOverrides>'.
src/pages/HR/HrCommonAttandenceRequests.tsx(94,14): error TS2740: Type '{ tableTitle: string; search: true; dateColumn: string; data: { id: any; srNo: number; employee: string; inTime: string; outTime: string; originalInTime: string; originalOutTime: string; reason: any; status: any; date: any; }[]; columns: ({ ...; } | ... 1 more ... | { ...; })[]; }' is missing the following properties from type '{ data?: any[]; columns?: any[]; dateColumn: any; formatTime?: boolean; formatDate?: boolean; tableHeight: any; tableTitle: any; buttonTitle: any; handleSubmit: any; checkbox: any; checkAll: any; key: any; exportData: any; ... 7 more ...; totalKey?: string; }': tableHeight, buttonTitle, handleSubmit, checkbox, and 7 more.
src/pages/HR/HrCommonAttendance.tsx(78,9): error TS2698: Spread types may only be created from object types.
src/pages/HR/HrCommonAttendance.tsx(95,16): error TS2339: Property 'response' does not exist on type 'Error'.
src/pages/HR/HrCommonAttendance.tsx(111,31): error TS2322: Type '"#1E3D73"' is not assignable to type 'OverridableStringUnion<"error" | "primary" | "secondary" | "info" | "success" | "warning" | "inherit", CircularProgressPropsColorOverrides>'.
src/pages/HR/HrCommonAttendance.tsx(114,12): error TS2740: Type '{ tableTitle: string; dateColumn: string; columns: ({ field: string; headerName: string; width: number; cellRenderer?: undefined; } | { field: string; headerName: string; width: number; cellRenderer: (params: any) => any; } | { ...; })[]; buttonTitle: string; handleSubmit: () => void; data: any; }' is missing the following properties from type '{ data?: any[]; columns?: any[]; dateColumn: any; formatTime?: boolean; formatDate?: boolean; tableHeight: any; tableTitle: any; buttonTitle: any; handleSubmit: any; checkbox: any; checkAll: any; key: any; exportData: any; ... 7 more ...; totalKey?: string; }': tableHeight, checkbox, checkAll, key, and 5 more.
src/pages/HR/HrCommonDocuments.tsx(74,10): error TS2740: Type '{ dateColumn: string; key: any; columns: ({ field: string; headerName: string; width: number; flex?: undefined; cellRenderer?: undefined; } | { field: string; headerName: string; flex: number; cellRenderer: (params: any) => Element; width?: undefined; } | { ...; })[]; data: any; tableTitle: string; search: true; }' is missing the following properties from type '{ data?: any[]; columns?: any[]; dateColumn: any; formatTime?: boolean; formatDate?: boolean; tableHeight: any; tableTitle: any; buttonTitle: any; handleSubmit: any; checkbox: any; checkAll: any; key: any; exportData: any; ... 7 more ...; totalKey?: string; }': tableHeight, buttonTitle, handleSubmit, checkbox, and 6 more.
src/pages/HR/HrCommonLeaves.tsx(132,9): error TS2698: Spread types may only be created from object types.
src/pages/HR/HrCommonLeaves.tsx(144,26): error TS2339: Property 'response' does not exist on type 'Error'.
src/pages/HR/HrCommonLeaves.tsx(154,8): error TS2740: Type '{ tableTitle: string; tableHeight: number; dateColumn: string; columns: ({ field: string; headerName: string; width?: undefined; pinned?: undefined; cellRenderer?: undefined; } | { field: string; headerName: string; width: number; pinned: string; cellRenderer: (params: any) => Element; })[]; buttonTitle: string; han...' is missing the following properties from type '{ data?: any[]; columns?: any[]; dateColumn: any; formatTime?: boolean; formatDate?: boolean; tableHeight: any; tableTitle: any; buttonTitle: any; handleSubmit: any; checkbox: any; checkAll: any; key: any; exportData: any; ... 7 more ...; totalKey?: string; }': checkbox, checkAll, key, exportData, and 4 more.
src/pages/HR/HrCommonPayslips.tsx(90,11): error TS2322: Type '{ key: number; search: true; tableHeight: number; searchColumn: string; tableTitle: string; data: any[]; columns: ({ field: string; headerName: string; width: number; cellRenderer?: undefined; flex?: undefined; } | { ...; } | { ...; } | { ...; })[]; isLoading: boolean; }' is not assignable to type 'IntrinsicAttributes & { data?: any[]; columns?: any[]; dateColumn: any; formatTime?: boolean; formatDate?: boolean; tableHeight: any; tableTitle: any; buttonTitle: any; handleSubmit: any; ... 11 more ...; totalKey?: string; }'.
  Property 'searchColumn' does not exist on type 'IntrinsicAttributes & { data?: any[]; columns?: any[]; dateColumn: any; formatTime?: boolean; formatDate?: boolean; tableHeight: any; tableTitle: any; buttonTitle: any; handleSubmit: any; ... 11 more ...; totalKey?: string; }'.
src/pages/LoginPage/ForgotPassword.tsx(46,15): error TS2339: Property 'response' does not exist on type 'Error'.
src/pages/LoginPage/ForgotPassword.tsx(54,15): error TS2345: Argument of type '{ email: string; }' is not assignable to parameter of type 'void'.
src/pages/LoginPage/ForgotPassword.tsx(180,14): error TS2769: No overload matches this call.
  Overload 1 of 2, '(props: { component: ElementType<any, keyof IntrinsicElements>; } & ContainerOwnProps & CommonProps & Omit<any, "children" | ... 6 more ... | "maxWidth">): Element', gave the following error.
    Property 'component' is missing in type '{ children: Element; maxWidth: "lg"; style: { padding: string; }; direction: { xs: string; md: string; }; }' but required in type '{ component: ElementType<any, keyof IntrinsicElements>; }'.
  Overload 2 of 2, '(props: DefaultComponentProps<ContainerTypeMap<{}, "div">>): Element', gave the following error.
    Type '{ children: Element; maxWidth: "lg"; style: { padding: string; }; direction: { xs: string; md: string; }; }' is not assignable to type 'IntrinsicAttributes & ContainerOwnProps & CommonProps & Omit<DetailedHTMLProps<HTMLAttributes<HTMLDivElement>, HTMLDivElement>, "children" | ... 6 more ... | "maxWidth">'.
      Property 'direction' does not exist on type 'IntrinsicAttributes & ContainerOwnProps & CommonProps & Omit<DetailedHTMLProps<HTMLAttributes<HTMLDivElement>, HTMLDivElement>, "children" | ... 6 more ... | "maxWidth">'.
src/pages/LoginPage/ForgotPassword.tsx(193,20): error TS2769: No overload matches this call.
  Overload 1 of 2, '(props: { component: ElementType<any, keyof IntrinsicElements>; } & GridBaseProps & { sx?: SxProps<Theme>; } & SystemProps<Theme> & Omit<...>): Element', gave the following error.
    Property 'component' is missing in type '{ children: Element; item: true; xs: number; }' but required in type '{ component: ElementType<any, keyof IntrinsicElements>; }'.
  Overload 2 of 2, '(props: DefaultComponentProps<GridTypeMap<{}, "div">>): Element', gave the following error.
    Type '{ children: Element; item: true; xs: number; }' is not assignable to type 'IntrinsicAttributes & GridBaseProps & { sx?: SxProps<Theme>; } & SystemProps<Theme> & Omit<DetailedHTMLProps<HTMLAttributes<HTMLDivElement>, HTMLDivElement>, "sx" | ... 1 more ... | keyof GridBaseProps>'.
      Property 'item' does not exist on type 'IntrinsicAttributes & GridBaseProps & { sx?: SxProps<Theme>; } & SystemProps<Theme> & Omit<DetailedHTMLProps<HTMLAttributes<HTMLDivElement>, HTMLDivElement>, "sx" | ... 1 more ... | keyof GridBaseProps>'.
src/pages/LoginPage/ForgotPassword.tsx(244,22): error TS2769: No overload matches this call.
  Overload 1 of 2, '(props: { component: ElementType<any, keyof IntrinsicElements>; } & GridBaseProps & { sx?: SxProps<Theme>; } & SystemProps<Theme> & Omit<...>): Element', gave the following error.
    Property 'component' is missing in type '{ children: Element; item: true; xs: number; }' but required in type '{ component: ElementType<any, keyof IntrinsicElements>; }'.
  Overload 2 of 2, '(props: DefaultComponentProps<GridTypeMap<{}, "div">>): Element', gave the following error.
    Type '{ children: Element; item: true; xs: number; }' is not assignable to type 'IntrinsicAttributes & GridBaseProps & { sx?: SxProps<Theme>; } & SystemProps<Theme> & Omit<DetailedHTMLProps<HTMLAttributes<HTMLDivElement>, HTMLDivElement>, "sx" | ... 1 more ... | keyof GridBaseProps>'.
      Property 'item' does not exist on type 'IntrinsicAttributes & GridBaseProps & { sx?: SxProps<Theme>; } & SystemProps<Theme> & Omit<DetailedHTMLProps<HTMLAttributes<HTMLDivElement>, HTMLDivElement>, "sx" | ... 1 more ... | keyof GridBaseProps>'.
src/pages/LoginPage/ForgotPassword.tsx(252,57): error TS2322: Type '"white"' is not assignable to type 'OverridableStringUnion<"error" | "primary" | "secondary" | "info" | "success" | "warning" | "inherit", CircularProgressPropsColorOverrides>'.
src/pages/LoginPage/LoginPage.tsx(88,51): error TS2339: Property 'map' does not exist on type 'unknown'.
src/pages/LoginPage/LoginPage.tsx(278,14): error TS2769: No overload matches this call.
  Overload 1 of 2, '(props: { component: ElementType<any, keyof IntrinsicElements>; } & ContainerOwnProps & CommonProps & Omit<any, "children" | ... 6 more ... | "maxWidth">): Element', gave the following error.
    Property 'component' is missing in type '{ children: Element; maxWidth: "lg"; style: { padding: string; }; direction: { xs: string; md: string; }; }' but required in type '{ component: ElementType<any, keyof IntrinsicElements>; }'.
  Overload 2 of 2, '(props: DefaultComponentProps<ContainerTypeMap<{}, "div">>): Element', gave the following error.
    Type '{ children: Element; maxWidth: "lg"; style: { padding: string; }; direction: { xs: string; md: string; }; }' is not assignable to type 'IntrinsicAttributes & ContainerOwnProps & CommonProps & Omit<DetailedHTMLProps<HTMLAttributes<HTMLDivElement>, HTMLDivElement>, "children" | ... 6 more ... | "maxWidth">'.
      Property 'direction' does not exist on type 'IntrinsicAttributes & ContainerOwnProps & CommonProps & Omit<DetailedHTMLProps<HTMLAttributes<HTMLDivElement>, HTMLDivElement>, "children" | ... 6 more ... | "maxWidth">'.
src/pages/LoginPage/LoginPage.tsx(291,20): error TS2769: No overload matches this call.
  Overload 1 of 2, '(props: { component: ElementType<any, keyof IntrinsicElements>; } & GridBaseProps & { sx?: SxProps<Theme>; } & SystemProps<Theme> & Omit<...>): Element', gave the following error.
    Property 'component' is missing in type '{ children: Element; item: true; xs: number; }' but required in type '{ component: ElementType<any, keyof IntrinsicElements>; }'.
  Overload 2 of 2, '(props: DefaultComponentProps<GridTypeMap<{}, "div">>): Element', gave the following error.
    Type '{ children: Element; item: true; xs: number; }' is not assignable to type 'IntrinsicAttributes & GridBaseProps & { sx?: SxProps<Theme>; } & SystemProps<Theme> & Omit<DetailedHTMLProps<HTMLAttributes<HTMLDivElement>, HTMLDivElement>, "sx" | ... 1 more ... | keyof GridBaseProps>'.
      Property 'item' does not exist on type 'IntrinsicAttributes & GridBaseProps & { sx?: SxProps<Theme>; } & SystemProps<Theme> & Omit<DetailedHTMLProps<HTMLAttributes<HTMLDivElement>, HTMLDivElement>, "sx" | ... 1 more ... | keyof GridBaseProps>'.
src/pages/LoginPage/LoginPage.tsx(302,20): error TS2769: No overload matches this call.
  Overload 1 of 2, '(props: { component: ElementType<any, keyof IntrinsicElements>; } & GridBaseProps & { sx?: SxProps<Theme>; } & SystemProps<Theme> & Omit<...>): Element', gave the following error.
    Property 'component' is missing in type '{ children: Element; item: true; xs: number; }' but required in type '{ component: ElementType<any, keyof IntrinsicElements>; }'.
  Overload 2 of 2, '(props: DefaultComponentProps<GridTypeMap<{}, "div">>): Element', gave the following error.
    Type '{ children: Element; item: true; xs: number; }' is not assignable to type 'IntrinsicAttributes & GridBaseProps & { sx?: SxProps<Theme>; } & SystemProps<Theme> & Omit<DetailedHTMLProps<HTMLAttributes<HTMLDivElement>, HTMLDivElement>, "sx" | ... 1 more ... | keyof GridBaseProps>'.
      Property 'item' does not exist on type 'IntrinsicAttributes & GridBaseProps & { sx?: SxProps<Theme>; } & SystemProps<Theme> & Omit<DetailedHTMLProps<HTMLAttributes<HTMLDivElement>, HTMLDivElement>, "sx" | ... 1 more ... | keyof GridBaseProps>'.
src/pages/LoginPage/LoginPage.tsx(343,22): error TS2769: No overload matches this call.
  Overload 1 of 2, '(props: { component: ElementType<any, keyof IntrinsicElements>; } & GridBaseProps & { sx?: SxProps<Theme>; } & SystemProps<Theme> & Omit<...>): Element', gave the following error.
    Property 'component' is missing in type '{ children: Element; item: true; xs: number; }' but required in type '{ component: ElementType<any, keyof IntrinsicElements>; }'.
  Overload 2 of 2, '(props: DefaultComponentProps<GridTypeMap<{}, "div">>): Element', gave the following error.
    Type '{ children: Element; item: true; xs: number; }' is not assignable to type 'IntrinsicAttributes & GridBaseProps & { sx?: SxProps<Theme>; } & SystemProps<Theme> & Omit<DetailedHTMLProps<HTMLAttributes<HTMLDivElement>, HTMLDivElement>, "sx" | ... 1 more ... | keyof GridBaseProps>'.
      Property 'item' does not exist on type 'IntrinsicAttributes & GridBaseProps & { sx?: SxProps<Theme>; } & SystemProps<Theme> & Omit<DetailedHTMLProps<HTMLAttributes<HTMLDivElement>, HTMLDivElement>, "sx" | ... 1 more ... | keyof GridBaseProps>'.
src/pages/LoginPage/LoginPage.tsx(352,57): error TS2322: Type '"white"' is not assignable to type 'OverridableStringUnion<"error" | "primary" | "secondary" | "info" | "success" | "warning" | "inherit", CircularProgressPropsColorOverrides>'.
src/pages/LoginPage/ResetPassword.tsx(42,24): error TS2339: Property 'password' does not exist on type 'void'.
src/pages/LoginPage/ResetPassword.tsx(43,31): error TS2339: Property 'confirmPassword' does not exist on type 'void'.
src/pages/LoginPage/ResetPassword.tsx(59,17): error TS2339: Property 'response' does not exist on type 'Error'.
src/pages/LoginPage/ResetPassword.tsx(60,40): error TS2339: Property 'response' does not exist on type 'Error'.
src/pages/LoginPage/ResetPassword.tsx(79,17): error TS2345: Argument of type '{ password: string; confirmPassword: string; }' is not assignable to parameter of type 'void'.
src/pages/LoginPage/ResetPassword.tsx(205,14): error TS2769: No overload matches this call.
  Overload 1 of 2, '(props: { component: ElementType<any, keyof IntrinsicElements>; } & ContainerOwnProps & CommonProps & Omit<any, "children" | ... 6 more ... | "maxWidth">): Element', gave the following error.
    Property 'component' is missing in type '{ children: Element; maxWidth: "lg"; style: { padding: string; }; direction: { xs: string; md: string; }; }' but required in type '{ component: ElementType<any, keyof IntrinsicElements>; }'.
  Overload 2 of 2, '(props: DefaultComponentProps<ContainerTypeMap<{}, "div">>): Element', gave the following error.
    Type '{ children: Element; maxWidth: "lg"; style: { padding: string; }; direction: { xs: string; md: string; }; }' is not assignable to type 'IntrinsicAttributes & ContainerOwnProps & CommonProps & Omit<DetailedHTMLProps<HTMLAttributes<HTMLDivElement>, HTMLDivElement>, "children" | ... 6 more ... | "maxWidth">'.
      Property 'direction' does not exist on type 'IntrinsicAttributes & ContainerOwnProps & CommonProps & Omit<DetailedHTMLProps<HTMLAttributes<HTMLDivElement>, HTMLDivElement>, "children" | ... 6 more ... | "maxWidth">'.
src/pages/LoginPage/ResetPassword.tsx(229,20): error TS2769: No overload matches this call.
  Overload 1 of 2, '(props: { component: ElementType<any, keyof IntrinsicElements>; } & GridBaseProps & { sx?: SxProps<Theme>; } & SystemProps<Theme> & Omit<...>): Element', gave the following error.
    Property 'component' is missing in type '{ children: Element; item: true; xs: number; }' but required in type '{ component: ElementType<any, keyof IntrinsicElements>; }'.
  Overload 2 of 2, '(props: DefaultComponentProps<GridTypeMap<{}, "div">>): Element', gave the following error.
    Type '{ children: Element; item: true; xs: number; }' is not assignable to type 'IntrinsicAttributes & GridBaseProps & { sx?: SxProps<Theme>; } & SystemProps<Theme> & Omit<DetailedHTMLProps<HTMLAttributes<HTMLDivElement>, HTMLDivElement>, "sx" | ... 1 more ... | keyof GridBaseProps>'.
      Property 'item' does not exist on type 'IntrinsicAttributes & GridBaseProps & { sx?: SxProps<Theme>; } & SystemProps<Theme> & Omit<DetailedHTMLProps<HTMLAttributes<HTMLDivElement>, HTMLDivElement>, "sx" | ... 1 more ... | keyof GridBaseProps>'.
src/pages/LoginPage/ResetPassword.tsx(257,20): error TS2769: No overload matches this call.
  Overload 1 of 2, '(props: { component: ElementType<any, keyof IntrinsicElements>; } & GridBaseProps & { sx?: SxProps<Theme>; } & SystemProps<Theme> & Omit<...>): Element', gave the following error.
    Property 'component' is missing in type '{ children: Element; item: true; xs: number; }' but required in type '{ component: ElementType<any, keyof IntrinsicElements>; }'.
  Overload 2 of 2, '(props: DefaultComponentProps<GridTypeMap<{}, "div">>): Element', gave the following error.
    Type '{ children: Element; item: true; xs: number; }' is not assignable to type 'IntrinsicAttributes & GridBaseProps & { sx?: SxProps<Theme>; } & SystemProps<Theme> & Omit<DetailedHTMLProps<HTMLAttributes<HTMLDivElement>, HTMLDivElement>, "sx" | ... 1 more ... | keyof GridBaseProps>'.
      Property 'item' does not exist on type 'IntrinsicAttributes & GridBaseProps & { sx?: SxProps<Theme>; } & SystemProps<Theme> & Omit<DetailedHTMLProps<HTMLAttributes<HTMLDivElement>, HTMLDivElement>, "sx" | ... 1 more ... | keyof GridBaseProps>'.
src/pages/LoginPage/ResetPassword.tsx(299,22): error TS2769: No overload matches this call.
  Overload 1 of 2, '(props: { component: ElementType<any, keyof IntrinsicElements>; } & GridBaseProps & { sx?: SxProps<Theme>; } & SystemProps<Theme> & Omit<...>): Element', gave the following error.
    Property 'component' is missing in type '{ children: Element; item: true; xs: number; }' but required in type '{ component: ElementType<any, keyof IntrinsicElements>; }'.
  Overload 2 of 2, '(props: DefaultComponentProps<GridTypeMap<{}, "div">>): Element', gave the following error.
    Type '{ children: Element; item: true; xs: number; }' is not assignable to type 'IntrinsicAttributes & GridBaseProps & { sx?: SxProps<Theme>; } & SystemProps<Theme> & Omit<DetailedHTMLProps<HTMLAttributes<HTMLDivElement>, HTMLDivElement>, "sx" | ... 1 more ... | keyof GridBaseProps>'.
      Property 'item' does not exist on type 'IntrinsicAttributes & GridBaseProps & { sx?: SxProps<Theme>; } & SystemProps<Theme> & Omit<DetailedHTMLProps<HTMLAttributes<HTMLDivElement>, HTMLDivElement>, "sx" | ... 1 more ... | keyof GridBaseProps>'.
src/pages/LoginPage/ResetPassword.tsx(307,57): error TS2322: Type '"white"' is not assignable to type 'OverridableStringUnion<"error" | "primary" | "secondary" | "info" | "success" | "warning" | "inherit", CircularProgressPropsColorOverrides>'.
src/pages/LogPage.tsx(179,8): error TS2740: Type '{ data: any; columns: ({ headerName: string; field: string; width: number; flex?: undefined; cellRenderer?: undefined; } | { headerName: string; field: string; flex: number; cellRenderer: (params: any) => Element; width?: undefined; } | { ...; } | { ...; })[]; ... 4 more ...; search: true; }' is missing the following properties from type '{ data?: any[]; columns?: any[]; dateColumn: any; formatTime?: boolean; formatDate?: boolean; tableHeight: any; tableTitle: any; buttonTitle: any; handleSubmit: any; checkbox: any; checkAll: any; key: any; exportData: any; ... 7 more ...; totalKey?: string; }': buttonTitle, handleSubmit, checkbox, checkAll, and 5 more.
src/pages/LogPage.tsx(198,73): error TS2322: Type 'unknown' is not assignable to type 'ReactNode'.
src/pages/Meetings/BookMeetings.tsx(45,39): error TS2339: Property 'workLocations' does not exist on type 'unknown'.
src/pages/Meetings/BookMeetings.tsx(46,40): error TS2339: Property 'companyName' does not exist on type 'unknown'.
src/pages/Meetings/BookMeetings.tsx(194,37): error TS2559: Type 'string[]' has no properties in common with type 'InvalidateQueryFilters<readonly unknown[]>'.
src/pages/Meetings/BookMeetings.tsx(199,25): error TS2339: Property 'response' does not exist on type 'Error'.
src/pages/Meetings/BookMeetings.tsx(219,15): error TS2345: Argument of type '{ meetingId: any; review: any; rate: any; reviewerEmail: unknown; reviewerName: string; }' is not assignable to parameter of type 'void'.
src/pages/Meetings/BookMeetings.tsx(244,27): error TS2345: Argument of type '{ meetingId: any; startDate: any; endDate: any; startTime: any; endTime: any; participants: any; }' is not assignable to parameter of type 'void'.
src/pages/Meetings/BookMeetings.tsx(440,14): error TS2740: Type '{ tableTitle: string; dateColumn: string; data: any[]; columns: ({ field: string; headerName: string; sort: string; flex?: undefined; cellRenderer?: undefined; } | { field: string; headerName: string; flex: number; sort?: undefined; cellRenderer?: undefined; } | { ...; } | { ...; })[]; search: true; }' is missing the following properties from type '{ data?: any[]; columns?: any[]; dateColumn: any; formatTime?: boolean; formatDate?: boolean; tableHeight: any; tableTitle: any; buttonTitle: any; handleSubmit: any; checkbox: any; checkAll: any; key: any; exportData: any; ... 7 more ...; totalKey?: string; }': tableHeight, buttonTitle, handleSubmit, checkbox, and 7 more.
src/pages/Meetings/BookMeetings.tsx(483,15): error TS2322: Type '"startDate"' is not assignable to type '"location" | "meetingRoom"'.
src/pages/Meetings/BookMeetings.tsx(499,15): error TS2322: Type '"endDate"' is not assignable to type '"location" | "meetingRoom"'.
src/pages/Meetings/BookMeetings.tsx(529,23): error TS2322: Type 'string | FieldError | Merge<FieldError, FieldErrorsImpl<any>>' is not assignable to type 'ReactNode'.
  Type 'FieldError' is not assignable to type 'ReactNode'.
    Type 'FieldError' is missing the following properties from type 'ReactPortal': children, props, key
src/pages/Meetings/BookMeetings.tsx(550,23): error TS2322: Type 'string | FieldError | Merge<FieldError, FieldErrorsImpl<any>>' is not assignable to type 'ReactNode'.
  Type 'FieldError' is not assignable to type 'ReactNode'.
    Type 'FieldError' is missing the following properties from type 'ReactPortal': children, props, key
src/pages/Meetings/BookMeetings.tsx(558,15): error TS2322: Type '"participants"' is not assignable to type '"location" | "meetingRoom"'.
src/pages/Meetings/BookMeetings.tsx(566,33): error TS2339: Property 'firstName' does not exist on type 'unknown'.
src/pages/Meetings/BookMeetings.tsx(566,57): error TS2339: Property 'lastName' does not exist on type 'unknown'.
src/pages/Meetings/BookMeetings.tsx(567,33): error TS2339: Property 'employeeName' does not exist on type 'unknown'.
src/pages/Meetings/BookMeetings.tsx(567,61): error TS2339: Property 'clientName' does not exist on type 'unknown'.
src/pages/Meetings/BookMeetings.tsx(571,64): error TS2339: Property '_id' does not exist on type 'unknown'.
src/pages/Meetings/BookMeetings.tsx(576,35): error TS2339: Property '_id' does not exist on type 'unknown'.
src/pages/Meetings/BookMeetings.tsx(579,39): error TS2339: Property 'firstName' does not exist on type 'unknown'.
src/pages/Meetings/BookMeetings.tsx(579,63): error TS2339: Property 'lastName' does not exist on type 'unknown'.
src/pages/Meetings/BookMeetings.tsx(580,39): error TS2339: Property 'employeeName' does not exist on type 'unknown'.
src/pages/Meetings/BookMeetings.tsx(581,38): error TS2339: Property 'clientName' does not exist on type 'unknown'.
src/pages/Meetings/BookMeetings.tsx(604,41): error TS2339: Property 'isLoading' does not exist on type 'UseMutationResult<any, Error, void, unknown>'.
  Property 'isLoading' does not exist on type 'Override<MutationObserverIdleResult<any, Error, void, unknown>, { mutate: UseMutateFunction<any, Error, void, unknown>; }> & { ...; }'.
src/pages/Meetings/Calendar.tsx(148,32): error TS2322: Type '{ children: Element[]; column: true; }' is not assignable to type 'IntrinsicAttributes & FormGroupProps'.
  Property 'column' does not exist on type 'IntrinsicAttributes & FormGroupProps'.
src/pages/Meetings/ExternalMeetingClients.tsx(276,11): error TS2698: Spread types may only be created from object types.
src/pages/Meetings/ExternalMeetingClients.tsx(297,46): error TS2339: Property 'get' does not exist on type 'void'.
src/pages/Meetings/ExternalMeetingClients.tsx(323,38): error TS2339: Property '_id' does not exist on type 'any[]'.
src/pages/Meetings/ExternalMeetingClients.tsx(356,65): error TS2339: Property 'startTime' does not exist on type 'any[]'.
src/pages/Meetings/ExternalMeetingClients.tsx(357,63): error TS2339: Property 'endTime' does not exist on type 'any[]'.
src/pages/Meetings/ExternalMeetingClients.tsx(378,21): error TS2345: Argument of type '{ meetingId: any; status: string; }' is not assignable to parameter of type 'void'.
src/pages/Meetings/ExternalMeetingClients.tsx(385,21): error TS2345: Argument of type '{ meetingId: any; status: string; }' is not assignable to parameter of type 'void'.
src/pages/Meetings/ExternalMeetingClients.tsx(502,33): error TS2345: Argument of type '{ meetingId: any; roomName: any; housekeepingTasks: { name: any; status: string; }[]; }' is not assignable to parameter of type 'void'.
src/pages/Meetings/ExternalMeetingClients.tsx(517,10): error TS2362: The left-hand side of an arithmetic operation must be of type 'any', 'number', 'bigint' or an enum type.
src/pages/Meetings/ExternalMeetingClients.tsx(520,46): error TS2363: The right-hand side of an arithmetic operation must be of type 'any', 'number', 'bigint' or an enum type.
src/pages/Meetings/ExternalMeetingClients.tsx(523,38): error TS2345: Argument of type 'number' is not assignable to parameter of type 'string'.
src/pages/Meetings/ExternalMeetingClients.tsx(693,12): error TS2740: Type '{ key: any; search: true; dateColumn: string; tableTitle: string; data: any; columns: ({ field: string; headerName: string; sort: string; cellRenderer?: undefined; cellStyle?: undefined; pinned?: undefined; } | ... 4 more ... | { ...; })[]; }' is missing the following properties from type '{ data?: any[]; columns?: any[]; dateColumn: any; formatTime?: boolean; formatDate?: boolean; tableHeight: any; tableTitle: any; buttonTitle: any; handleSubmit: any; checkbox: any; checkAll: any; key: any; exportData: any; ... 7 more ...; totalKey?: string; }': tableHeight, buttonTitle, handleSubmit, checkbox, and 6 more.
src/pages/Meetings/ExternalMeetingClients.tsx(795,19): error TS2322: Type '{ whiteSpace: string; }' is not assignable to type 'string'.
src/pages/Meetings/ExternalMeetingClients.tsx(837,40): error TS2339: Property 'title' does not exist on type 'any[]'.
src/pages/Meetings/ExternalMeetingClients.tsx(841,39): error TS2339: Property 'agenda' does not exist on type 'any[]'.
src/pages/Meetings/ExternalMeetingClients.tsx(843,69): error TS2339: Property 'date' does not exist on type 'any[]'.
src/pages/Meetings/ExternalMeetingClients.tsx(846,52): error TS2339: Property 'startTime' does not exist on type 'any[]'.
src/pages/Meetings/ExternalMeetingClients.tsx(847,33): error TS2339: Property 'endTime' does not exist on type 'any[]'.
src/pages/Meetings/ExternalMeetingClients.tsx(852,39): error TS2339: Property 'duration' does not exist on type 'any[]'.
src/pages/Meetings/ExternalMeetingClients.tsx(856,39): error TS2339: Property 'meetingStatus' does not exist on type 'any[]'.
src/pages/Meetings/ExternalMeetingClients.tsx(860,39): error TS2339: Property 'meetingType' does not exist on type 'any[]'.
src/pages/Meetings/ExternalMeetingClients.tsx(864,39): error TS2339: Property 'client' does not exist on type 'any[]'.
src/pages/Meetings/ExternalMeetingClients.tsx(934,39): error TS2339: Property 'bookedBy' does not exist on type 'any[]'.
src/pages/Meetings/ExternalMeetingClients.tsx(938,39): error TS2339: Property 'receptionist' does not exist on type 'any[]'.
src/pages/Meetings/ExternalMeetingClients.tsx(944,33): error TS2339: Property 'department' does not exist on type 'any[]'.
src/pages/Meetings/ExternalMeetingClients.tsx(951,33): error TS2339: Property 'client' does not exist on type 'any[]'.
src/pages/Meetings/ExternalMeetingClients.tsx(965,68): error TS2339: Property 'roomName' does not exist on type 'any[]'.
src/pages/Meetings/ExternalMeetingClients.tsx(968,42): error TS2339: Property 'location' does not exist on type 'any[]'.
src/pages/Meetings/ExternalMeetingClients.tsx(968,79): error TS2339: Property 'location' does not exist on type 'any[]'.
src/pages/Meetings/ExternalMeetingClients.tsx(972,39): error TS2339: Property 'location' does not exist on type 'any[]'.
src/pages/Meetings/ExternalMeetingClients.tsx(976,39): error TS2339: Property 'housekeepingStatus' does not exist on type 'any[]'.
src/pages/Meetings/ExternalMeetingClients.tsx(988,57): error TS2339: Property 'paymentAmount' does not exist on type 'any[]'.
src/pages/Meetings/ExternalMeetingClients.tsx(993,34): error TS2339: Property 'paymnetDiscountAmount' does not exist on type 'any[]'.
src/pages/Meetings/ExternalMeetingClients.tsx(998,40): error TS2339: Property 'paymentMode' does not exist on type 'any[]'.
src/pages/Meetings/ExternalMeetingClients.tsx(1003,40): error TS2339: Property 'paymentStatus' does not exist on type 'any[]'.
src/pages/Meetings/ExternalMeetingClients.tsx(1008,40): error TS2339: Property 'paymentVerification' does not exist on type 'any[]'.
src/pages/Meetings/ExternalMeetingClients.tsx(1010,31): error TS2339: Property 'paymentProofUrl' does not exist on type 'any[]'.
src/pages/Meetings/ExternalMeetingClients.tsx(1015,43): error TS2339: Property 'paymentProofUrl' does not exist on type 'any[]'.
src/pages/Meetings/ExternalMeetingClients.tsx(1032,31): error TS2345: Argument of type '{ meetingId: any; reason: string; }' is not assignable to parameter of type 'void'.
src/pages/Meetings/ExternalMeetingClients.tsx(1033,47): error TS2339: Property 'meetingId' does not exist on type 'any[]'.
src/pages/Meetings/ExternalMeetingClients.tsx(1074,31): error TS2345: Argument of type '{ meetingId: any; newEndTime: any; }' is not assignable to parameter of type 'void'.
src/pages/Meetings/ExternalMeetingClients.tsx(1075,47): error TS2339: Property '_id' does not exist on type 'any[]'.
src/pages/Meetings/ExternalMeetingClients.tsx(1088,55): error TS2339: Property 'startTime' does not exist on type 'any[]'.
src/pages/Meetings/ExternalMeetingClients.tsx(1094,55): error TS2339: Property 'endTime' does not exist on type 'any[]'.
src/pages/Meetings/ExternalMeetingClients.tsx(1104,53): error TS2339: Property 'endTime' does not exist on type 'any[]'.
src/pages/Meetings/ExternalMeetingClients.tsx(1105,63): error TS2339: Property 'endTime' does not exist on type 'any[]'.
src/pages/Meetings/ExternalMeetingClients.tsx(1122,25): error TS2322: Type 'string | FieldError | Merge<FieldError, FieldErrorsImpl<any>>' is not assignable to type 'ReactNode'.
  Type 'FieldError' is not assignable to type 'ReactNode'.
    Type 'FieldError' is missing the following properties from type 'ReactPortal': children, props, key
src/pages/Meetings/ExternalMeetingClients.tsx(1143,71): error TS2345: Argument of type '{ startTime: any; endTime: any; }' is not assignable to parameter of type 'void'.
src/pages/Meetings/ExternalMeetingClients.tsx(1159,25): error TS2322: Type 'string | FieldError | Merge<FieldError, FieldErrorsImpl<any>>' is not assignable to type 'ReactNode'.
  Type 'FieldError' is not assignable to type 'ReactNode'.
    Type 'FieldError' is missing the following properties from type 'ReactPortal': children, props, key
src/pages/Meetings/ExternalMeetingClients.tsx(1179,25): error TS2322: Type 'string | FieldError | Merge<FieldError, FieldErrorsImpl<any>>' is not assignable to type 'ReactNode'.
  Type 'FieldError' is not assignable to type 'ReactNode'.
    Type 'FieldError' is missing the following properties from type 'ReactPortal': children, props, key
src/pages/Meetings/ExternalMeetingClients.tsx(1220,27): error TS2345: Argument of type 'FormData' is not assignable to parameter of type 'void'.
src/pages/Meetings/ExternalMeetingClients.tsx(1364,17): error TS2322: Type 'string' is not assignable to type 'File'.
src/pages/Meetings/Forms/BookMeetingsForm.tsx(106,19): error TS2322: Type '{ renderInput: (params: any) => Element; onChange: (...event: any[]) => void; onBlur: Noop; value: any; disabled?: boolean; name: "date"; ref: RefCallBack; label: string; }' is not assignable to type 'IntrinsicAttributes & DesktopDatePickerProps<any, false> & RefAttributes<HTMLDivElement>'.
  Property 'renderInput' does not exist on type 'IntrinsicAttributes & DesktopDatePickerProps<any, false> & RefAttributes<HTMLDivElement>'.
src/pages/Meetings/Forms/BookMeetingsForm.tsx(122,21): error TS2322: Type '{ renderInput: (params: any) => Element; onChange: (...event: any[]) => void; onBlur: Noop; value: any; disabled?: boolean; name: "startTime"; ref: RefCallBack; label: string; }' is not assignable to type 'IntrinsicAttributes & TimePickerProps<any, false> & RefAttributes<HTMLDivElement>'.
  Property 'renderInput' does not exist on type 'IntrinsicAttributes & TimePickerProps<any, false> & RefAttributes<HTMLDivElement>'.
src/pages/Meetings/Forms/BookMeetingsForm.tsx(138,21): error TS2322: Type '{ slotProps: { textField: { size: "small"; }; }; renderInput: (params: any) => Element; onChange: (...event: any[]) => void; onBlur: Noop; value: any; disabled?: boolean; name: "endTime"; ref: RefCallBack; label: string; }' is not assignable to type 'IntrinsicAttributes & TimePickerProps<any, false> & RefAttributes<HTMLDivElement>'.
  Property 'renderInput' does not exist on type 'IntrinsicAttributes & TimePickerProps<any, false> & RefAttributes<HTMLDivElement>'.
src/pages/Meetings/ManageMeetings.tsx(146,11): error TS2698: Spread types may only be created from object types.
src/pages/Meetings/ManageMeetings.tsx(156,25): error TS2339: Property 'response' does not exist on type 'Error'.
src/pages/Meetings/ManageMeetings.tsx(262,25): error TS2339: Property 'response' does not exist on type 'Error'.
src/pages/Meetings/ManageMeetings.tsx(278,25): error TS2339: Property 'response' does not exist on type 'Error'.
src/pages/Meetings/ManageMeetings.tsx(295,27): error TS2339: Property 'response' does not exist on type 'Error'.
src/pages/Meetings/ManageMeetings.tsx(331,21): error TS2345: Argument of type '{ meetingId: any; status: string; }' is not assignable to parameter of type 'void'.
src/pages/Meetings/ManageMeetings.tsx(338,21): error TS2345: Argument of type '{ meetingId: any; status: string; }' is not assignable to parameter of type 'void'.
src/pages/Meetings/ManageMeetings.tsx(446,33): error TS2345: Argument of type '{ meetingId: any; roomName: any; housekeepingTasks: { name: any; status: string; }[]; }' is not assignable to parameter of type 'void'.
src/pages/Meetings/ManageMeetings.tsx(602,12): error TS2740: Type '{ search: true; dateColumn: string; tableTitle: string; data: any; columns: ({ field: string; headerName: string; sort: string; cellRenderer?: undefined; pinned?: undefined; } | { field: string; headerName: string; sort?: undefined; cellRenderer?: undefined; pinned?: undefined; } | { ...; } | { ...; })[]; }' is missing the following properties from type '{ data?: any[]; columns?: any[]; dateColumn: any; formatTime?: boolean; formatDate?: boolean; tableHeight: any; tableTitle: any; buttonTitle: any; handleSubmit: any; checkbox: any; checkAll: any; key: any; exportData: any; ... 7 more ...; totalKey?: string; }': tableHeight, buttonTitle, handleSubmit, checkbox, and 7 more.
src/pages/Meetings/ManageMeetings.tsx(703,19): error TS2322: Type '{ whiteSpace: string; }' is not assignable to type 'string'.
src/pages/Meetings/ManageMeetings.tsx(832,31): error TS2345: Argument of type '{ meetingId: any; reason: string; }' is not assignable to parameter of type 'void'.
src/pages/Meetings/ManageMeetings.tsx(874,31): error TS2345: Argument of type '{ meetingId: any; newEndTime: any; }' is not assignable to parameter of type 'void'.
src/pages/Meetings/ManageMeetings.tsx(922,25): error TS2322: Type 'string | FieldError | Merge<FieldError, FieldErrorsImpl<any>>' is not assignable to type 'ReactNode'.
  Type 'FieldError' is not assignable to type 'ReactNode'.
    Type 'FieldError' is missing the following properties from type 'ReactPortal': children, props, key
src/pages/Meetings/ManageMeetings.tsx(980,25): error TS2322: Type 'string | FieldError | Merge<FieldError, FieldErrorsImpl<any>>' is not assignable to type 'ReactNode'.
  Type 'FieldError' is not assignable to type 'ReactNode'.
    Type 'FieldError' is missing the following properties from type 'ReactPortal': children, props, key
src/pages/Meetings/ManageMeetings.tsx(1045,25): error TS2322: Type 'string | FieldError | Merge<FieldError, FieldErrorsImpl<any>>' is not assignable to type 'ReactNode'.
  Type 'FieldError' is not assignable to type 'ReactNode'.
    Type 'FieldError' is missing the following properties from type 'ReactPortal': children, props, key
src/pages/Meetings/MeetingDashboard.tsx(32,52): error TS2339: Property 'permissions' does not exist on type 'unknown'.
src/pages/Meetings/MeetingDashboard.tsx(538,21): error TS2365: Operator '+' cannot be applied to types 'unknown' and 'unknown'.
src/pages/Meetings/MeetingDashboard.tsx(1034,56): error TS2339: Property 'toFixed' does not exist on type 'unknown'.
src/pages/Meetings/MeetingDashboard.tsx(1150,8): error TS2740: Type '{ titleAmount: string; title: string; data: { group: any; data: any; }[]; options: { chart: { type: string; toolbar: boolean; fontFamily: string; events: { dataPointSelection: (event: any, chartContext: any, config: any) => void; }; }; ... 4 more ...; tooltip: { ...; }; }; onYearChange: (fyLabel: any) => void; }' is missing the following properties from type '{ options: any; data: any; dataPoint: any; title: any; titleAmount: any; chartId: any; TitleAmountGreen: any; TitleAmountRed: any; responsiveResize?: boolean; secondParam?: boolean; chartHeight: any; currentYear: any; onYearChange: any; dateKey: any; }': dataPoint, chartId, TitleAmountGreen, TitleAmountRed, and 3 more.
src/pages/Meetings/MeetingDashboard.tsx(1235,13): error TS2322: Type '{ data: { label: string; value: unknown; }[] | { name: string; data: { x: string; y: any; }[]; }[]; options: { chart: { fontFamily: string; }; labels: string[]; legend: { position: string; }; colors: string[]; dataLabels: { enabled: boolean; formatter: (val: any) => string; style: { ...; }; }; tooltip: { ...; }; } |...' is not assignable to type 'IntrinsicAttributes & { data: any; options: any; height: any; }'.
  Property 'width' does not exist on type 'IntrinsicAttributes & { data: any; options: any; height: any; }'.
src/pages/Meetings/MeetingDashboard.tsx(1241,13): error TS2322: Type '{ label: string; value: unknown; }[] | { name: string; data: { x: string; y: any; }[]; }[]' is not assignable to type 'PieChartItem[]'.
  Type '{ label: string; value: unknown; }[]' is not assignable to type 'PieChartItem[]'.
    Type '{ label: string; value: unknown; }' is not assignable to type 'PieChartItem'.
      Types of property 'value' are incompatible.
        Type 'unknown' is not assignable to type 'string | number'.
src/pages/Meetings/MeetingDashboard.tsx(1261,11): error TS2322: Type '{ title: string; data: { label: string; value: any; }[]; options: { chart: { fontFamily: string; }; labels: string[]; legend: { show: boolean; }; dataLabels: { enabled: boolean; formatter: (val: any) => string; }; tooltip: { ...; }; colors: string[]; }; }' is not assignable to type 'IntrinsicAttributes & PieChartMuiProps'.
  Property 'title' does not exist on type 'IntrinsicAttributes & PieChartMuiProps'.
src/pages/Meetings/MeetingDashboard.tsx(1275,10): error TS2739: Type '{ series: number[]; labels: string[]; colors: string[]; centerLabel: string; tooltipValue: number[]; width: number; }' is missing the following properties from type '{ centerLabel: any; labels: any; colors: any; series: any; tooltipValue: any; handleClick: any; onSliceClick: any; width: any; isMonetary?: boolean; }': handleClick, onSliceClick
src/pages/Meetings/MeetingFormLayout.tsx(57,32): error TS2339: Property 'map' does not exist on type 'unknown'.
src/pages/Meetings/MeetingFormLayout.tsx(97,43): error TS2339: Property 'some' does not exist on type 'unknown'.
src/pages/Meetings/MeetingFormLayout.tsx(103,16): error TS2345: Argument of type '"company"' is not assignable to parameter of type '"startTime" | "startDate" | "endDate" | "endTime" | "agenda" | `startTime.${string}` | `startDate.${string}` | `endDate.${string}` | `endTime.${string}` | "internalParticipants" | `internalParticipants.${number}` | `internalParticipants.${number}.${string}` | "meetingType" | ... 4 more ... | `externalParticipants.${...'.
src/pages/Meetings/MeetingFormLayout.tsx(112,25): error TS2769: No overload matches this call.
  Overload 1 of 4, '(names: readonly ("startTime" | "startDate" | "endDate" | "endTime" | "agenda" | `startTime.${string}` | `startDate.${string}` | `endDate.${string}` | `endTime.${string}` | "internalParticipants" | `internalParticipants.${number}` | `internalParticipants.${number}.${string}` | "meetingType" | ... 4 more ... | `externalParticipants.${number}.${string}`)[], defaultValue?: { ...; }): readonly any[]', gave the following error.
    Argument of type 'string' is not assignable to parameter of type 'readonly ("startTime" | "startDate" | "endDate" | "endTime" | "agenda" | `startTime.${string}` | `startDate.${string}` | `endDate.${string}` | `endTime.${string}` | "internalParticipants" | `internalParticipants.${number}` | `internalParticipants.${number}.${string}` | "meetingType" | ... 4 more ... | `externalParti...'.
  Overload 2 of 4, '(name: "startTime" | "startDate" | "endDate" | "endTime" | "agenda" | `startTime.${string}` | `startDate.${string}` | `endDate.${string}` | `endTime.${string}` | "internalParticipants" | `internalParticipants.${number}` | `internalParticipants.${number}.${string}` | "meetingType" | ... 4 more ... | `externalParticipants.${number}.${string}`, defaultValue?: any): any', gave the following error.
    Argument of type '"company"' is not assignable to parameter of type '"startTime" | "startDate" | "endDate" | "endTime" | "agenda" | `startTime.${string}` | `startDate.${string}` | `endDate.${string}` | `endTime.${string}` | "internalParticipants" | `internalParticipants.${number}` | `internalParticipants.${number}.${string}` | "meetingType" | ... 4 more ... | `externalParticipants.${...'.
  Overload 3 of 4, '(callback: WatchObserver<{ meetingType: string; startDate: any; endDate: any; startTime: any; endTime: any; subject: string; agenda: string; internalBooked: unknown; internalParticipants: any[]; externalParticipants: any[]; }>, defaultValues?: { ...; }): Subscription', gave the following error.
    Argument of type 'string' is not assignable to parameter of type 'WatchObserver<{ meetingType: string; startDate: any; endDate: any; startTime: any; endTime: any; subject: string; agenda: string; internalBooked: unknown; internalParticipants: any[]; externalParticipants: any[]; }>'.
src/pages/Meetings/MeetingFormLayout.tsx(113,21): error TS2367: This comparison appears to be unintentional because the types 'readonly any[]' and 'string' have no overlap.
src/pages/Meetings/MeetingFormLayout.tsx(114,33): error TS2769: No overload matches this call.
  Overload 1 of 4, '(names: readonly ("startTime" | "startDate" | "endDate" | "endTime" | "agenda" | `startTime.${string}` | `startDate.${string}` | `endDate.${string}` | `endTime.${string}` | "internalParticipants" | `internalParticipants.${number}` | `internalParticipants.${number}.${string}` | "meetingType" | ... 4 more ... | `externalParticipants.${number}.${string}`)[], defaultValue?: { ...; }): readonly any[]', gave the following error.
    Argument of type 'string' is not assignable to parameter of type 'readonly ("startTime" | "startDate" | "endDate" | "endTime" | "agenda" | `startTime.${string}` | `startDate.${string}` | `endDate.${string}` | `endTime.${string}` | "internalParticipants" | `internalParticipants.${number}` | `internalParticipants.${number}.${string}` | "meetingType" | ... 4 more ... | `externalParti...'.
  Overload 2 of 4, '(name: "startTime" | "startDate" | "endDate" | "endTime" | "agenda" | `startTime.${string}` | `startDate.${string}` | `endDate.${string}` | `endTime.${string}` | "internalParticipants" | `internalParticipants.${number}` | `internalParticipants.${number}.${string}` | "meetingType" | ... 4 more ... | `externalParticipants.${number}.${string}`, defaultValue?: any): any', gave the following error.
    Argument of type '"externalCompany"' is not assignable to parameter of type '"startTime" | "startDate" | "endDate" | "endTime" | "agenda" | `startTime.${string}` | `startDate.${string}` | `endDate.${string}` | `endTime.${string}` | "internalParticipants" | `internalParticipants.${number}` | `internalParticipants.${number}.${string}` | "meetingType" | ... 4 more ... | `externalParticipants.${...'.
  Overload 3 of 4, '(callback: WatchObserver<{ meetingType: string; startDate: any; endDate: any; startTime: any; endTime: any; subject: string; agenda: string; internalBooked: unknown; internalParticipants: any[]; externalParticipants: any[]; }>, defaultValues?: { ...; }): Subscription', gave the following error.
    Argument of type 'string' is not assignable to parameter of type 'WatchObserver<{ meetingType: string; startDate: any; endDate: any; startTime: any; endTime: any; subject: string; agenda: string; internalBooked: unknown; internalParticipants: any[]; externalParticipants: any[]; }>'.
src/pages/Meetings/MeetingFormLayout.tsx(137,11): error TS2367: This comparison appears to be unintentional because the types 'readonly any[]' and 'string' have no overlap.
src/pages/Meetings/MeetingFormLayout.tsx(189,7): error TS2769: No overload matches this call.
  Overload 1 of 3, '(options: DefinedInitialDataOptions<unknown, Error, unknown, any[]>, queryClient?: QueryClient): DefinedUseQueryResult<unknown, Error>', gave the following error.
    Object literal may only specify known properties, and 'onError' does not exist in type 'DefinedInitialDataOptions<unknown, Error, unknown, any[]>'.
  Overload 2 of 3, '(options: UndefinedInitialDataOptions<any, Error, any, any[]>, queryClient?: QueryClient): UseQueryResult<any, Error>', gave the following error.
    Object literal may only specify known properties, and 'onError' does not exist in type 'UndefinedInitialDataOptions<any, Error, any, any[]>'.
  Overload 3 of 3, '(options: UseQueryOptions<any, Error, any, any[]>, queryClient?: QueryClient): UseQueryResult<any, Error>', gave the following error.
    Object literal may only specify known properties, and 'onError' does not exist in type 'UseQueryOptions<any, Error, any, any[]>'.
src/pages/Meetings/MeetingFormLayout.tsx(223,27): error TS2339: Property 'meetingType' does not exist on type 'void'.
src/pages/Meetings/MeetingFormLayout.tsx(228,22): error TS2339: Property 'company' does not exist on type 'void'.
src/pages/Meetings/MeetingFormLayout.tsx(229,23): error TS2339: Property 'subject' does not exist on type 'void'.
src/pages/Meetings/MeetingFormLayout.tsx(230,22): error TS2339: Property 'agenda' does not exist on type 'void'.
src/pages/Meetings/MeetingFormLayout.tsx(231,36): error TS2339: Property 'internalParticipants' does not exist on type 'void'.
src/pages/Meetings/MeetingFormLayout.tsx(232,24): error TS2339: Property 'bookedBy' does not exist on type 'void'.
src/pages/Meetings/MeetingFormLayout.tsx(232,41): error TS2339: Property 'internalBooked' does not exist on type 'void'.
src/pages/Meetings/MeetingFormLayout.tsx(233,36): error TS2339: Property 'externalParticipants' does not exist on type 'void'.
src/pages/Meetings/MeetingFormLayout.tsx(234,31): error TS2339: Property 'externalCompany' does not exist on type 'void'.
src/pages/Meetings/MeetingFormLayout.tsx(244,25): error TS2339: Property 'response' does not exist on type 'Error'.
src/pages/Meetings/MeetingFormLayout.tsx(282,31): error TS2322: Type '"#1E3D73"' is not assignable to type 'OverridableStringUnion<"error" | "primary" | "secondary" | "info" | "success" | "warning" | "inherit", CircularProgressPropsColorOverrides>'.
src/pages/Meetings/MeetingFormLayout.tsx(477,23): error TS2322: Type '"company"' is not assignable to type '"startTime" | "startDate" | "endDate" | "endTime" | "agenda" | `startTime.${string}` | `startDate.${string}` | `endDate.${string}` | `endTime.${string}` | "internalParticipants" | `internalParticipants.${number}` | `internalParticipants.${number}.${string}` | "meetingType" | ... 4 more ... | `externalParticipants.${...'.
src/pages/Meetings/MeetingFormLayout.tsx(507,53): error TS2339: Property 'companyName' does not exist on type 'unknown'.
src/pages/Meetings/MeetingFormLayout.tsx(543,23): error TS2322: Type '"bookedBy"' is not assignable to type '"startTime" | "startDate" | "endDate" | "endTime" | "agenda" | `startTime.${string}` | `startDate.${string}` | `endDate.${string}` | `endTime.${string}` | "internalParticipants" | `internalParticipants.${number}` | `internalParticipants.${number}.${string}` | "meetingType" | ... 4 more ... | `externalParticipants.${...'.
src/pages/Meetings/MeetingFormLayout.tsx(584,41): error TS2339: Property 'firstName' does not exist on type 'unknown'.
src/pages/Meetings/MeetingFormLayout.tsx(584,65): error TS2339: Property 'lastName' does not exist on type 'unknown'.
src/pages/Meetings/MeetingFormLayout.tsx(585,41): error TS2339: Property 'employeeName' does not exist on type 'unknown'.
src/pages/Meetings/MeetingFormLayout.tsx(586,40): error TS2339: Property 'clientName' does not exist on type 'unknown'.
src/pages/Meetings/MeetingFormLayout.tsx(591,72): error TS2339: Property '_id' does not exist on type 'unknown'.
src/pages/Meetings/MeetingFormLayout.tsx(596,43): error TS2339: Property '_id' does not exist on type 'unknown'.
src/pages/Meetings/MeetingFormLayout.tsx(599,47): error TS2339: Property 'firstName' does not exist on type 'unknown'.
src/pages/Meetings/MeetingFormLayout.tsx(600,46): error TS2339: Property 'lastName' does not exist on type 'unknown'.
src/pages/Meetings/MeetingFormLayout.tsx(602,47): error TS2339: Property 'employeeName' does not exist on type 'unknown'.
src/pages/Meetings/MeetingFormLayout.tsx(603,46): error TS2339: Property 'clientName' does not exist on type 'unknown'.
src/pages/Meetings/MeetingFormLayout.tsx(631,21): error TS2322: Type '"externalCompany"' is not assignable to type '"startTime" | "startDate" | "endDate" | "endTime" | "agenda" | `startTime.${string}` | `startDate.${string}` | `endDate.${string}` | `endTime.${string}` | "internalParticipants" | `internalParticipants.${number}` | `internalParticipants.${number}.${string}` | "meetingType" | ... 4 more ... | `externalParticipants.${...'.
src/pages/Meetings/MeetingFormLayout.tsx(671,35): error TS2339: Property 'firstName' does not exist on type 'unknown'.
src/pages/Meetings/MeetingFormLayout.tsx(671,53): error TS2339: Property 'lastName' does not exist on type 'unknown'.
src/pages/Meetings/MeetingFormLayout.tsx(674,77): error TS2339: Property 'firstName' does not exist on type 'unknown'.
src/pages/Meetings/MeetingFormLayout.tsx(679,41): error TS2339: Property '_id' does not exist on type 'unknown'.
src/pages/Meetings/MeetingFormLayout.tsx(680,46): error TS2339: Property 'firstName' does not exist on type 'unknown'.
src/pages/Meetings/MeetingReports.tsx(49,49): error TS2339: Property 'map' does not exist on type 'unknown'.
src/pages/Meetings/MeetingReports.tsx(108,14): error TS2740: Type '{ search: true; exportData: true; dateColumn: string; tableTitle: string; data: any[]; columns: ({ field: string; headerName: string; cellRenderer?: undefined; } | { field: string; headerName: string; cellRenderer: (params: any) => Element; })[]; }' is missing the following properties from type '{ data?: any[]; columns?: any[]; dateColumn: any; formatTime?: boolean; formatDate?: boolean; tableHeight: any; tableTitle: any; buttonTitle: any; handleSubmit: any; checkbox: any; checkAll: any; key: any; exportData: any; ... 7 more ...; totalKey?: string; }': tableHeight, buttonTitle, handleSubmit, checkbox, and 6 more.
src/pages/Meetings/MeetingSettings.tsx(44,31): error TS2769: No overload matches this call.
  Overload 1 of 4, '(names: readonly ("description" | "roomName" | "seats")[], defaultValue?: { roomName?: string; seats?: number; description?: string; }): readonly (string | number)[]', gave the following error.
    Argument of type 'string' is not assignable to parameter of type 'readonly ("description" | "roomName" | "seats")[]'.
  Overload 2 of 4, '(name: "description" | "roomName" | "seats", defaultValue?: string | number): string | number', gave the following error.
    Argument of type '"location"' is not assignable to parameter of type '"description" | "roomName" | "seats"'.
  Overload 3 of 4, '(callback: WatchObserver<{ roomName: string; seats: number; description: string; }>, defaultValues?: { roomName?: string; seats?: number; description?: string; }): Subscription', gave the following error.
    Argument of type 'string' is not assignable to parameter of type 'WatchObserver<{ roomName: string; seats: number; description: string; }>'.
src/pages/Meetings/MeetingSettings.tsx(48,20): error TS2554: Expected 1 arguments, but got 0.
src/pages/Meetings/MeetingSettings.tsx(78,9): error TS2353: Object literal may only specify known properties, and 'unit' does not exist in type '{ roomName: string; seats: number; description: string; location: any; isActive: boolean; roomImage: any; } | { roomName?: string; seats?: number; description?: string; location?: any; isActive?: boolean; roomImage?: any; } | ResetAction<...>'.
src/pages/Meetings/MeetingSettings.tsx(105,26): error TS2339: Property 'id' does not exist on type 'void'.
src/pages/Meetings/MeetingSettings.tsx(105,30): error TS2339: Property 'formData' does not exist on type 'void'.
src/pages/Meetings/MeetingSettings.tsx(121,25): error TS2339: Property 'response' does not exist on type 'Error'.
src/pages/Meetings/MeetingSettings.tsx(131,33): error TS2769: No overload matches this call.
  Overload 1 of 3, '(name: string, value: string | Blob): void', gave the following error.
    Argument of type 'boolean' is not assignable to parameter of type 'string | Blob'.
  Overload 2 of 3, '(name: string, value: string): void', gave the following error.
    Argument of type 'boolean' is not assignable to parameter of type 'string'.
  Overload 3 of 3, '(name: string, blobValue: Blob, filename?: string): void', gave the following error.
    Argument of type 'boolean' is not assignable to parameter of type 'Blob'.
src/pages/Meetings/MeetingSettings.tsx(134,29): error TS2345: Argument of type '{ id: any; formData: FormData; }' is not assignable to parameter of type 'void'.
src/pages/Meetings/MeetingSettings.tsx(178,37): error TS2559: Type 'string[]' has no properties in common with type 'InvalidateQueryFilters<readonly unknown[]>'.
src/pages/Meetings/MeetingSettings.tsx(181,24): error TS2339: Property 'value' does not exist on type 'unknown'.
src/pages/Meetings/MeetingSettings.tsx(198,31): error TS2345: Argument of type 'FormData' is not assignable to parameter of type 'void'.
src/pages/Meetings/MeetingSettings.tsx(269,31): error TS2322: Type '"#1E3D73"' is not assignable to type 'OverridableStringUnion<"error" | "primary" | "secondary" | "info" | "success" | "warning" | "inherit", CircularProgressPropsColorOverrides>'.
src/pages/Meetings/MeetingSettings.tsx(347,17): error TS2322: Type '"location"' is not assignable to type '"description" | "roomName" | "seats"'.
src/pages/Meetings/MeetingSettings.tsx(355,42): error TS2339: Property 'workLocations' does not exist on type 'unknown'.
src/pages/Meetings/MeetingSettings.tsx(356,43): error TS2339: Property 'workLocations' does not exist on type 'unknown'.
src/pages/Meetings/MeetingSettings.tsx(370,17): error TS2322: Type '"unit"' is not assignable to type '"description" | "roomName" | "seats"'.
src/pages/Meetings/MeetingSettings.tsx(402,17): error TS2322: Type '"roomImage"' is not assignable to type '"description" | "roomName" | "seats"'.
src/pages/Meetings/MeetingSettings.tsx(518,42): error TS2339: Property 'workLocations' does not exist on type 'unknown'.
src/pages/Meetings/MeetingSettings.tsx(519,43): error TS2339: Property 'workLocations' does not exist on type 'unknown'.
src/pages/Meetings/MeetingSettings.tsx(532,17): error TS2322: Type '"unit"' is not assignable to type '"location" | "description" | "isActive" | "roomName" | "seats" | "roomImage" | `location.${string}` | `roomImage.${string}`'.
src/pages/Meetings/MeetingSettings.tsx(570,21): error TS2322: Type '"jpeg"' is not assignable to type 'PreviewType'.
src/pages/Meetings/Reviews.tsx(52,30): error TS2339: Property 'id' does not exist on type '{}'.
src/pages/Meetings/Reviews.tsx(53,21): error TS2339: Property 'reply' does not exist on type 'void'.
src/pages/Meetings/Reviews.tsx(62,37): error TS2559: Type 'string[]' has no properties in common with type 'InvalidateQueryFilters<readonly unknown[]>'.
src/pages/Meetings/Reviews.tsx(210,27): error TS2339: Property 'nameofreview' does not exist on type '{}'.
src/pages/Meetings/Reviews.tsx(213,29): error TS2339: Property 'rate' does not exist on type '{}'.
src/pages/Meetings/Reviews.tsx(216,30): error TS2339: Property 'Reviews' does not exist on type '{}'.
src/pages/Meetings/Reviews.tsx(220,40): error TS2345: Argument of type 'UseMutateFunction<any, Error, void, unknown>' is not assignable to parameter of type 'SubmitHandler<{ reply: string; }>'.
  Types of parameters 'variables' and 'data' are incompatible.
    Type '{ reply: string; }' is not assignable to type 'void'.
src/pages/Performance/DepartmentDetails/PerformanceAnnual.tsx(15,47): error TS2339: Property 'performance' does not exist on type 'unknown'.
src/pages/Performance/DepartmentDetails/PerformanceAnnual.tsx(69,10): error TS2740: Type '{ tableTitle: string; data: any[]; dateColumn: string; columns: ({ headerName: string; field: string; width: number; flex?: undefined; cellRenderer?: undefined; } | { headerName: string; field: string; flex: number; width?: undefined; cellRenderer?: undefined; } | { ...; } | { ...; })[]; }' is missing the following properties from type '{ data?: any[]; columns?: any[]; dateColumn: any; formatTime?: boolean; formatDate?: boolean; tableHeight: any; tableTitle: any; buttonTitle: any; handleSubmit: any; checkbox: any; checkAll: any; key: any; exportData: any; ... 7 more ...; totalKey?: string; }': tableHeight, buttonTitle, handleSubmit, checkbox, and 7 more.
src/pages/Performance/DepartmentDetails/PerformanceKra.tsx(30,47): error TS2339: Property 'performance' does not exist on type 'unknown'.
src/pages/Performance/DepartmentDetails/PerformanceKra.tsx(38,39): error TS2339: Property 'some' does not exist on type 'unknown'.
src/pages/Performance/DepartmentDetails/PerformanceKra.tsx(42,45): error TS2339: Property 'some' does not exist on type 'unknown'.
src/pages/Performance/DepartmentDetails/PerformanceKra.tsx(71,20): error TS2339: Property 'dailyKra' does not exist on type 'void'.
src/pages/Performance/DepartmentDetails/PerformanceKra.tsx(75,28): error TS2339: Property 'assignedDate' does not exist on type 'void'.
src/pages/Performance/DepartmentDetails/PerformanceKra.tsx(236,16): error TS2740: Type '{ formatTime: true; checkbox: any; buttonTitle: string; handleSubmit: () => void; tableTitle: string; data: any; dateColumn: string; columns: ({ headerName: string; field: string; width: number; flex?: undefined; cellRenderer?: undefined; } | { ...; } | { ...; } | { ...; })[]; }' is missing the following properties from type '{ data?: any[]; columns?: any[]; dateColumn: any; formatTime?: boolean; formatDate?: boolean; tableHeight: any; tableTitle: any; buttonTitle: any; handleSubmit: any; checkbox: any; checkAll: any; key: any; exportData: any; ... 7 more ...; totalKey?: string; }': tableHeight, checkAll, key, exportData, and 4 more.
src/pages/Performance/DepartmentDetails/PerformanceKra.tsx(266,18): error TS2740: Type '{ formatTime: true; tableTitle: string; exportData: boolean; checkAll: boolean; key: any; data: any; dateColumn: string; columns: ({ headerName: string; field: string; width: number; sort: string; flex?: undefined; cellRenderer?: undefined; } | { ...; } | { ...; } | { ...; })[]; }' is missing the following properties from type '{ data?: any[]; columns?: any[]; dateColumn: any; formatTime?: boolean; formatDate?: boolean; tableHeight: any; tableTitle: any; buttonTitle: any; handleSubmit: any; checkbox: any; checkAll: any; key: any; exportData: any; ... 7 more ...; totalKey?: string; }': tableHeight, buttonTitle, handleSubmit, checkbox, and 4 more.
src/pages/Performance/DepartmentDetails/PerformanceKra.tsx(326,13): error TS2322: Type '"assignedDate"' is not assignable to type '"description" | "dailyKra"'.
src/pages/Performance/DepartmentDetails/PerformanceMonthly.tsx(30,47): error TS2339: Property 'performance' does not exist on type 'unknown'.
src/pages/Performance/DepartmentDetails/PerformanceMonthly.tsx(37,39): error TS2339: Property 'some' does not exist on type 'unknown'.
src/pages/Performance/DepartmentDetails/PerformanceMonthly.tsx(41,46): error TS2339: Property 'some' does not exist on type 'unknown'.
src/pages/Performance/DepartmentDetails/PerformanceMonthly.tsx(71,20): error TS2339: Property 'kpaName' does not exist on type 'void'.
src/pages/Performance/DepartmentDetails/PerformanceMonthly.tsx(75,28): error TS2339: Property 'startDate' does not exist on type 'void'.
src/pages/Performance/DepartmentDetails/PerformanceMonthly.tsx(76,23): error TS2339: Property 'endDate' does not exist on type 'void'.
src/pages/Performance/DepartmentDetails/PerformanceMonthly.tsx(247,16): error TS2740: Type '{ checkbox: any; tableTitle: string; buttonTitle: string; handleSubmit: () => void; key: any; data: any[]; dateColumn: string; columns: ({ headerName: string; field: string; width: number; flex?: undefined; cellRenderer?: undefined; } | { ...; } | { ...; } | { ...; })[]; }' is missing the following properties from type '{ data?: any[]; columns?: any[]; dateColumn: any; formatTime?: boolean; formatDate?: boolean; tableHeight: any; tableTitle: any; buttonTitle: any; handleSubmit: any; checkbox: any; checkAll: any; key: any; exportData: any; ... 7 more ...; totalKey?: string; }': tableHeight, checkAll, exportData, handleBatchAction, and 3 more.
src/pages/Performance/DepartmentDetails/PerformanceMonthly.tsx(277,16): error TS2740: Type '{ exportData: boolean; tableTitle: string; key: any; data: any[]; dateColumn: string; columns: ({ headerName: string; field: string; width: number; sort: string; flex?: undefined; cellRenderer?: undefined; } | { ...; } | { ...; } | { ...; } | { ...; })[]; }' is missing the following properties from type '{ data?: any[]; columns?: any[]; dateColumn: any; formatTime?: boolean; formatDate?: boolean; tableHeight: any; tableTitle: any; buttonTitle: any; handleSubmit: any; checkbox: any; checkAll: any; key: any; exportData: any; ... 7 more ...; totalKey?: string; }': tableHeight, buttonTitle, handleSubmit, checkbox, and 5 more.
src/pages/Performance/PerformanceHome.tsx(26,5): error TS2353: Object literal may only specify known properties, and 'onNotTop' does not exist in type '{ additionalTopUserIds?: any[]; additionalTopDepartmentIds?: any[]; }'.
src/pages/Profile/AccessGrant.tsx(20,28): error TS2339: Property 'workLocations' does not exist on type 'unknown'.
src/pages/Profile/AccessGrant.tsx(388,46): error TS2339: Property 'url' does not exist on type 'unknown'.
src/pages/Profile/AccessGrant.tsx(390,57): error TS2339: Property 'url' does not exist on type 'unknown'.
src/pages/Profile/AccessGrant.tsx(392,39): error TS2339: Property 'charAt' does not exist on type 'unknown'.
src/pages/Profile/AccessGrant.tsx(407,47): error TS2322: Type 'unknown' is not assignable to type 'ReactNode'.
src/pages/Profile/AccessGrant.tsx(419,23): error TS2322: Type 'unknown' is not assignable to type 'ReactNode'.
src/pages/Profile/AccessGrant.tsx(420,23): error TS2322: Type 'unknown' is not assignable to type 'ReactNode'.
src/pages/Profile/AccessGrant.tsx(421,46): error TS2339: Property 'map' does not exist on type 'unknown'.
src/pages/Profile/MeetingRoomCredits.tsx(27,42): error TS2339: Property 'totalMeetingCredits' does not exist on type 'unknown'.
src/pages/Profile/MeetingRoomCredits.tsx(28,44): error TS2339: Property 'meetingCreditBalance' does not exist on type 'unknown'.
src/pages/Profile/MeetingRoomCredits.tsx(69,15): error TS2345: Argument of type '{ meetingId: any; review: any; rate: any; reviewerEmail: unknown; reviewerName: string; }' is not assignable to parameter of type 'void'.
src/pages/Profile/MeetingRoomCredits.tsx(183,18): error TS2740: Type '{ dateColumn: string; tableTitle: string; data: any[]; columns: ({ field: string; headerName: string; sort: string; flex?: undefined; cellRenderer?: undefined; } | { field: string; headerName: string; flex: number; sort?: undefined; cellRenderer?: undefined; } | { ...; } | { ...; })[]; search: true; }' is missing the following properties from type '{ data?: any[]; columns?: any[]; dateColumn: any; formatTime?: boolean; formatDate?: boolean; tableHeight: any; tableTitle: any; buttonTitle: any; handleSubmit: any; checkbox: any; checkAll: any; key: any; exportData: any; ... 7 more ...; totalKey?: string; }': tableHeight, buttonTitle, handleSubmit, checkbox, and 7 more.
src/pages/Profile/MyProfile.tsx(90,11): error TS2367: This comparison appears to be unintentional because the types 'boolean' and 'number' have no overlap.
src/pages/Profile/MyProfile.tsx(127,28): error TS2339: Property 'workLocations' does not exist on type 'unknown'.
src/pages/Profile/MyProfile.tsx(305,62): error TS2339: Property 'url' does not exist on type 'unknown'.
src/pages/Profile/MyProfile.tsx(308,46): error TS2339: Property 'url' does not exist on type 'unknown'.
src/pages/Profile/MyProfile.tsx(316,45): error TS2322: Type 'unknown' is not assignable to type 'ReactNode'.
src/pages/Profile/MyProfile.tsx(381,23): error TS2322: Type 'unknown' is not assignable to type 'ReactNode'.
src/pages/Profile/MyProfile.tsx(382,23): error TS2322: Type 'unknown' is not assignable to type 'ReactNode'.
src/pages/Profile/MyProfile.tsx(383,46): error TS2339: Property 'map' does not exist on type 'unknown'.
src/pages/Profile/MyProfile.tsx(438,48): error TS2322: Type '""' is not assignable to type '"reset" | "button" | "submit"'.
src/pages/Profile/Profile.tsx(51,14): error TS2741: Property 'handleClose' is missing in type '{ pageTitle: string; }' but required in type '{ handleClose: any; pageTitle: any; }'.
src/pages/Profile/TicketsHistory.tsx(119,33): error TS2322: Type '"black"' is not assignable to type 'OverridableStringUnion<"error" | "primary" | "secondary" | "info" | "success" | "warning" | "inherit", CircularProgressPropsColorOverrides>'.
src/pages/Profile/TicketsHistory.tsx(147,15): error TS2322: Type '{ dateColumn: string; key: any; search: true; data: any; columns: ({ field: string; headerName: string; width: number; sort: string; cellRenderer?: undefined; } | { field: string; headerName: string; width: number; sort?: undefined; cellRenderer?: undefined; } | { ...; } | { ...; })[]; paginationPageSize: number; }' is not assignable to type 'IntrinsicAttributes & { data?: any[]; columns?: any[]; dateColumn: any; formatTime?: boolean; formatDate?: boolean; tableHeight: any; tableTitle: any; buttonTitle: any; handleSubmit: any; ... 11 more ...; totalKey?: string; }'.
  Property 'paginationPageSize' does not exist on type 'IntrinsicAttributes & { data?: any[]; columns?: any[]; dateColumn: any; formatTime?: boolean; formatDate?: boolean; tableHeight: any; tableTitle: any; buttonTitle: any; handleSubmit: any; ... 11 more ...; totalKey?: string; }'.
src/pages/Profile/TicketsHistory.tsx(154,9): error TS2322: Type '{}' is not assignable to type 'boolean'.
src/pages/Profile/TicketsHistory.tsx(161,40): error TS2339: Property 'raisedBy' does not exist on type '{}'.
src/pages/Profile/TicketsHistory.tsx(165,40): error TS2339: Property 'raisedTo' does not exist on type '{}'.
src/pages/Profile/TicketsHistory.tsx(169,40): error TS2339: Property 'ticketTitle' does not exist on type '{}'.
src/pages/Profile/TicketsHistory.tsx(173,40): error TS2339: Property 'description' does not exist on type '{}'.
src/pages/Profile/TicketsHistory.tsx(175,71): error TS2339: Property 'status' does not exist on type '{}'.
src/pages/Profile/TicketsHistory.tsx(178,40): error TS2339: Property 'priority' does not exist on type '{}'.
src/pages/Profile/TicketsHistory.tsx(182,40): error TS2339: Property 'acceptedBy' does not exist on type '{}'.
src/pages/Profile/TicketsHistory.tsx(186,39): error TS2339: Property 'acceptedAt' does not exist on type '{}'.
src/pages/Profile/TicketsHistory.tsx(186,80): error TS2339: Property 'acceptedAt' does not exist on type '{}'.
src/pages/Profile/TicketsHistory.tsx(190,40): error TS2339: Property 'closedBy' does not exist on type '{}'.
src/pages/Profile/TicketsHistory.tsx(192,30): error TS2339: Property 'image' does not exist on type '{}'.
src/pages/Profile/TicketsHistory.tsx(195,40): error TS2339: Property 'image' does not exist on type '{}'.
src/pages/Profile/UserDetails.tsx(132,21): error TS2345: Argument of type '{ name: any; address: any; }' is not assignable to parameter of type 'void'.
src/pages/Profile/UserDetails.tsx(167,62): error TS2339: Property 'url' does not exist on type 'unknown'.
src/pages/Profile/UserDetails.tsx(170,46): error TS2339: Property 'url' does not exist on type 'unknown'.
src/pages/Profile/UserDetails.tsx(179,45): error TS2322: Type 'unknown' is not assignable to type 'ReactNode'.
src/pages/Profile/UserDetails.tsx(219,23): error TS2322: Type 'unknown' is not assignable to type 'ReactNode'.
src/pages/Profile/UserDetails.tsx(220,23): error TS2322: Type 'unknown' is not assignable to type 'ReactNode'.
src/pages/Profile/UserDetails.tsx(248,27): error TS2322: Type 'string' is not assignable to type 'never'.
src/pages/Profile/UserDetails.tsx(266,27): error TS2322: Type 'string' is not assignable to type 'never'.
src/pages/Tasks/DepartmentTasks/DepartmentTasks.tsx(22,5): error TS2353: Object literal may only specify known properties, and 'onNotTop' does not exist in type '{ additionalTopUserIds?: any[]; additionalTopDepartmentIds?: any[]; }'.
src/pages/Tasks/DepartmentTasks/TasksViewDepartment.tsx(35,47): error TS2339: Property 'performance' does not exist on type 'unknown'.
src/pages/Tasks/DepartmentTasks/TasksViewDepartment.tsx(45,53): error TS2339: Property 'some' does not exist on type 'unknown'.
src/pages/Tasks/DepartmentTasks/TasksViewDepartment.tsx(50,60): error TS2339: Property 'some' does not exist on type 'unknown'.
src/pages/Tasks/DepartmentTasks/TasksViewDepartment.tsx(57,30): error TS2339: Property 'find' does not exist on type 'unknown'.
src/pages/Tasks/DepartmentTasks/TasksViewDepartment.tsx(60,45): error TS2339: Property 'some' does not exist on type 'unknown'.
src/pages/Tasks/DepartmentTasks/TasksViewDepartment.tsx(92,24): error TS2339: Property 'taskName' does not exist on type 'void'.
src/pages/Tasks/DepartmentTasks/TasksViewDepartment.tsx(93,25): error TS2339: Property 'startDate' does not exist on type 'void'.
src/pages/Tasks/DepartmentTasks/TasksViewDepartment.tsx(94,23): error TS2339: Property 'endDate' does not exist on type 'void'.
src/pages/Tasks/DepartmentTasks/TasksViewDepartment.tsx(95,23): error TS2339: Property 'dueTime' does not exist on type 'void'.
src/pages/Tasks/DepartmentTasks/TasksViewDepartment.tsx(96,27): error TS2339: Property 'description' does not exist on type 'void'.
src/pages/Tasks/DepartmentTasks/TasksViewDepartment.tsx(306,18): error TS2740: Type '{ checkbox: any; buttonTitle: string; handleSubmit: () => void; tableTitle: string; data: any; dateColumn: string; columns: ({ headerName: string; field: string; width: number; sort: string; cellRenderer?: undefined; pinned?: undefined; } | ... 4 more ... | { ...; })[]; }' is missing the following properties from type '{ data?: any[]; columns?: any[]; dateColumn: any; formatTime?: boolean; formatDate?: boolean; tableHeight: any; tableTitle: any; buttonTitle: any; handleSubmit: any; checkbox: any; checkAll: any; key: any; exportData: any; ... 7 more ...; totalKey?: string; }': tableHeight, checkAll, key, exportData, and 4 more.
src/pages/Tasks/DepartmentTasks/TasksViewDepartment.tsx(340,18): error TS2740: Type '{ tableTitle: string; exportData: boolean; data: any; dateColumn: string; columns: ({ headerName: string; field: string; width: number; sort: string; cellRenderer?: undefined; } | { headerName: string; field: string; width: number; cellRenderer: (params: any) => Element; sort?: undefined; } | { ...; } | { ...; } | {...' is missing the following properties from type '{ data?: any[]; columns?: any[]; dateColumn: any; formatTime?: boolean; formatDate?: boolean; tableHeight: any; tableTitle: any; buttonTitle: any; handleSubmit: any; checkbox: any; checkAll: any; key: any; exportData: any; ... 7 more ...; totalKey?: string; }': tableHeight, buttonTitle, handleSubmit, checkbox, and 6 more.
src/pages/Tasks/DepartmentTasks/TasksViewDepartment.tsx(516,19): error TS2322: Type '{ slotProps: { textField: { size: "small"; }; }; renderInput: (params: any) => Element; onChange: (...event: any[]) => void; onBlur: Noop; value: any; disabled?: boolean; name: "dueTime"; ref: RefCallBack; label: string; }' is not assignable to type 'IntrinsicAttributes & TimePickerProps<any, false> & RefAttributes<HTMLDivElement>'.
  Property 'renderInput' does not exist on type 'IntrinsicAttributes & TimePickerProps<any, false> & RefAttributes<HTMLDivElement>'.
src/pages/Tasks/DepartmentTasks/TasksViewDepartment.tsx(554,39): error TS2339: Property 'taskName' does not exist on type '{}'.
src/pages/Tasks/DepartmentTasks/TasksViewDepartment.tsx(560,39): error TS2339: Property 'description' does not exist on type '{}'.
src/pages/Tasks/DepartmentTasks/TasksViewDepartment.tsx(565,47): error TS2339: Property 'assignedDate' does not exist on type '{}'.
src/pages/Tasks/DepartmentTasks/TasksViewDepartment.tsx(569,47): error TS2339: Property 'dueDate' does not exist on type '{}'.
src/pages/Tasks/DepartmentTasks/TasksViewDepartment.tsx(573,37): error TS2339: Property 'dueTime' does not exist on type '{}'.
src/pages/Tasks/DepartmentTasks/TasksViewDepartment.tsx(577,37): error TS2339: Property 'assignedBy' does not exist on type '{}'.
src/pages/Tasks/DepartmentTasks/TasksViewDepartment.tsx(580,70): error TS2339: Property 'status' does not exist on type '{}'.
src/pages/Tasks/DepartmentTasks/TasksViewDepartment.tsx(585,68): error TS2339: Property 'taskName' does not exist on type '{}'.
src/pages/Tasks/DepartmentTasks/TasksViewDepartment.tsx(588,37): error TS2339: Property 'assignedDate' does not exist on type '{}'.
src/pages/Tasks/DepartmentTasks/TasksViewDepartment.tsx(592,37): error TS2339: Property 'completedDate' does not exist on type '{}'.
src/pages/Tasks/DepartmentTasks/TasksViewDepartment.tsx(596,37): error TS2339: Property 'completedTime' does not exist on type '{}'.
src/pages/Tasks/DepartmentTasks/TasksViewDepartment.tsx(600,37): error TS2339: Property 'completedBy' does not exist on type '{}'.
src/pages/Tasks/DepartmentTasks/TasksViewDepartment.tsx(604,37): error TS2339: Property 'dueDate' does not exist on type '{}'.
src/pages/Tasks/DepartmentTasks/TasksViewDepartment.tsx(608,37): error TS2339: Property 'dueTime' does not exist on type '{}'.
src/pages/Tasks/DepartmentTasks/TasksViewDepartment.tsx(611,70): error TS2339: Property 'status' does not exist on type '{}'.
src/pages/Tasks/My-Tasklist/DailyTasks.tsx(41,47): error TS2339: Property 'performance' does not exist on type 'unknown'.
src/pages/Tasks/My-Tasklist/DailyTasks.tsx(92,24): error TS2339: Property 'taskName' does not exist on type 'void'.
src/pages/Tasks/My-Tasklist/DailyTasks.tsx(93,25): error TS2339: Property 'startDate' does not exist on type 'void'.
src/pages/Tasks/My-Tasklist/DailyTasks.tsx(94,23): error TS2339: Property 'endDate' does not exist on type 'void'.
src/pages/Tasks/My-Tasklist/DailyTasks.tsx(95,23): error TS2339: Property 'dueTime' does not exist on type 'void'.
src/pages/Tasks/My-Tasklist/DailyTasks.tsx(96,27): error TS2339: Property 'description' does not exist on type 'void'.
src/pages/Tasks/My-Tasklist/DailyTasks.tsx(318,14): error TS2740: Type '{ key: any; checkbox: true; tableTitle: string; buttonTitle: string; handleSubmit: () => void; data: any[]; dateColumn: string; columns: ({ headerName: string; field: string; width: number; sort: string; cellRenderer?: undefined; pinned?: undefined; } | { ...; } | { ...; } | { ...; } | { ...; })[]; }' is missing the following properties from type '{ data?: any[]; columns?: any[]; dateColumn: any; formatTime?: boolean; formatDate?: boolean; tableHeight: any; tableTitle: any; buttonTitle: any; handleSubmit: any; checkbox: any; checkAll: any; key: any; exportData: any; ... 7 more ...; totalKey?: string; }': tableHeight, checkAll, exportData, handleBatchAction, and 3 more.
src/pages/Tasks/My-Tasklist/DailyTasks.tsx(350,16): error TS2740: Type '{ exportData: boolean; key: any; tableTitle: string; data: any; dateColumn: string; columns: ({ headerName: string; field: string; width: number; sort: string; flex?: undefined; cellRenderer?: undefined; } | { ...; } | { ...; } | { ...; })[]; }' is missing the following properties from type '{ data?: any[]; columns?: any[]; dateColumn: any; formatTime?: boolean; formatDate?: boolean; tableHeight: any; tableTitle: any; buttonTitle: any; handleSubmit: any; checkbox: any; checkAll: any; key: any; exportData: any; ... 7 more ...; totalKey?: string; }': tableHeight, buttonTitle, handleSubmit, checkbox, and 5 more.
src/pages/Tasks/My-Tasklist/DailyTasks.tsx(361,33): error TS2322: Type '"black"' is not assignable to type 'OverridableStringUnion<"error" | "primary" | "secondary" | "info" | "success" | "warning" | "inherit", CircularProgressPropsColorOverrides>'.
src/pages/Tasks/My-Tasklist/DailyTasks.tsx(484,17): error TS2322: Type '"dueTime"' is not assignable to type '"description" | "startDate" | "endDate" | `startDate.${string}` | `endDate.${string}` | "taskName"'.
src/pages/Tasks/My-Tasklist/DailyTasks.tsx(493,21): error TS2322: Type '{ disabled: boolean; slotProps: { textField: { size: "small"; }; }; renderInput: (params: any) => Element; onChange: (...event: any[]) => void; onBlur: Noop; value: any; name: "description" | ... 4 more ... | "taskName"; ref: RefCallBack; label: string; }' is not assignable to type 'IntrinsicAttributes & TimePickerProps<any, false> & RefAttributes<HTMLDivElement>'.
  Property 'renderInput' does not exist on type 'IntrinsicAttributes & TimePickerProps<any, false> & RefAttributes<HTMLDivElement>'.
src/pages/Tasks/My-Tasklist/DailyTasks.tsx(498,45): error TS2339: Property 'dueTime' does not exist on type 'FieldErrors<{ taskName: string; startDate: any; endDate: any; description: string; }>'.
src/pages/Tasks/My-Tasklist/DailyTasks.tsx(499,42): error TS2339: Property 'dueTime' does not exist on type 'FieldErrors<{ taskName: string; startDate: any; endDate: any; description: string; }>'.
src/pages/Tasks/My-Tasklist/DailyTasks.tsx(517,68): error TS2339: Property 'taskList' does not exist on type '{}'.
src/pages/Tasks/My-Tasklist/DailyTasks.tsx(520,47): error TS2339: Property 'assignedDate' does not exist on type '{}'.
src/pages/Tasks/My-Tasklist/DailyTasks.tsx(524,47): error TS2339: Property 'dueDate' does not exist on type '{}'.
src/pages/Tasks/My-Tasklist/DailyTasks.tsx(528,37): error TS2339: Property 'dueTime' does not exist on type '{}'.
src/pages/Tasks/My-Tasklist/DailyTasks.tsx(532,37): error TS2339: Property 'assignedBy' does not exist on type '{}'.
src/pages/Tasks/My-Tasklist/DailyTasks.tsx(535,70): error TS2339: Property 'status' does not exist on type '{}'.
src/pages/Tasks/My-Tasklist/DailyTasks.tsx(540,68): error TS2339: Property 'taskList' does not exist on type '{}'.
src/pages/Tasks/My-Tasklist/DailyTasks.tsx(543,37): error TS2339: Property 'assignedDate' does not exist on type '{}'.
src/pages/Tasks/My-Tasklist/DailyTasks.tsx(547,37): error TS2339: Property 'completedDate' does not exist on type '{}'.
src/pages/Tasks/My-Tasklist/DailyTasks.tsx(551,37): error TS2339: Property 'completedDate' does not exist on type '{}'.
src/pages/Tasks/My-Tasklist/DailyTasks.tsx(555,37): error TS2339: Property 'dueDate' does not exist on type '{}'.
src/pages/Tasks/My-Tasklist/DailyTasks.tsx(559,37): error TS2339: Property 'dueTime' does not exist on type '{}'.
src/pages/Tasks/My-Tasklist/DailyTasks.tsx(563,37): error TS2339: Property 'completedBy' does not exist on type '{}'.
src/pages/Tasks/My-Tasklist/DailyTasks.tsx(566,70): error TS2339: Property 'status' does not exist on type '{}'.
src/pages/Tasks/ProjectList/EditProject.tsx(175,19): error TS2322: Type '{ label: string; value: any; slotProps: { textField: { size: "small"; }; }; onChange: (...event: any[]) => void; renderInput: (params: any) => Element; }' is not assignable to type 'IntrinsicAttributes & DesktopDatePickerProps<any, false> & RefAttributes<HTMLDivElement>'.
  Property 'renderInput' does not exist on type 'IntrinsicAttributes & DesktopDatePickerProps<any, false> & RefAttributes<HTMLDivElement>'.
src/pages/Tasks/ProjectList/ProjectList.tsx(184,27): error TS2339: Property 'title' does not exist on type 'void'.
src/pages/Tasks/ProjectList/ProjectList.tsx(185,27): error TS2339: Property 'description' does not exist on type 'void'.
src/pages/Tasks/ProjectList/ProjectList.tsx(186,26): error TS2339: Property 'department' does not exist on type 'void'.
src/pages/Tasks/ProjectList/ProjectList.tsx(187,25): error TS2339: Property 'assignees' does not exist on type 'void'.
src/pages/Tasks/ProjectList/ProjectList.tsx(188,28): error TS2339: Property 'assignedDate' does not exist on type 'void'.
src/pages/Tasks/ProjectList/ProjectList.tsx(189,23): error TS2339: Property 'dueDate' does not exist on type 'void'.
src/pages/Tasks/ProjectList/ProjectList.tsx(190,24): error TS2339: Property 'priority' does not exist on type 'void'.
src/pages/Tasks/ProjectList/ProjectList.tsx(191,22): error TS2339: Property 'status' does not exist on type 'void'.
src/pages/Tasks/ProjectList/ProjectList.tsx(358,12): error TS2741: Property 'isLoading' is missing in type '{ projects: ({ id: number; title: string; priority: string; startDate: string; deadline: string; assignees: { Aiwinraj: { dailyTasks: number; monthlyTasks: number; additionalTasks: number; }; Sankalp: { ...; }; ... 6 more ...; I?: undefined; }; status: string; } | { ...; } | { ...; })[]; }' but required in type '{ projects: any; isLoading: any; }'.
src/pages/Tasks/ProjectList/ProjectList.tsx(360,12): error TS2741: Property 'isLoading' is missing in type '{ projects: ({ id: number; title: string; priority: string; startDate: string; deadline: string; assignees: { Aiwinraj: { dailyTasks: number; monthlyTasks: number; additionalTasks: number; }; Sankalp: { ...; }; ... 6 more ...; I?: undefined; }; status: string; } | { ...; } | { ...; })[]; }' but required in type '{ projects: any; isLoading: any; }'.
src/pages/Tasks/ProjectList/ProjectList.tsx(370,13): error TS2322: Type '"department"' is not assignable to type '"title" | "status" | "description" | "assignees" | "priority" | "startDate" | `startDate.${string}` | "deadline" | `assignees.${number}` | `assignees.${number}.${string}` | `deadline.${string}`'.
src/pages/Tasks/ProjectList/ProjectList.tsx(373,37): error TS2339: Property 'length' does not exist on type 'unknown'.
src/pages/Tasks/ProjectList/ProjectList.tsx(383,49): error TS2339: Property 'length' does not exist on type 'unknown'.
src/pages/Tasks/ProjectList/ProjectList.tsx(387,40): error TS2339: Property 'length' does not exist on type 'unknown'.
src/pages/Tasks/ProjectList/ProjectList.tsx(401,48): error TS2339: Property 'map' does not exist on type 'unknown'.
src/pages/Tasks/ProjectList/ProjectList.tsx(500,15): error TS2322: Type '"assignedDate"' is not assignable to type '"title" | "status" | "description" | "assignees" | "priority" | "startDate" | `startDate.${string}` | "deadline" | `assignees.${number}` | `assignees.${number}.${string}` | `deadline.${string}`'.
src/pages/Tasks/ProjectList/ProjectList.tsx(508,19): error TS2322: Type '{ label: string; slotProps: { textField: { size: "small"; }; }; value: any; onChange: (...event: any[]) => void; renderInput: (params: any) => Element; }' is not assignable to type 'IntrinsicAttributes & DesktopDatePickerProps<any, false> & RefAttributes<HTMLDivElement>'.
  Property 'renderInput' does not exist on type 'IntrinsicAttributes & DesktopDatePickerProps<any, false> & RefAttributes<HTMLDivElement>'.
src/pages/Tasks/ProjectList/ProjectList.tsx(517,15): error TS2322: Type '"dueDate"' is not assignable to type '"title" | "status" | "description" | "assignees" | "priority" | "startDate" | `startDate.${string}` | "deadline" | `assignees.${number}` | `assignees.${number}.${string}` | `deadline.${string}`'.
src/pages/Tasks/ProjectList/ProjectList.tsx(525,19): error TS2322: Type '{ label: string; slotProps: { textField: { size: "small"; }; }; value: any; onChange: (...event: any[]) => void; renderInput: (params: any) => Element; }' is not assignable to type 'IntrinsicAttributes & DesktopDatePickerProps<any, false> & RefAttributes<HTMLDivElement>'.
  Property 'renderInput' does not exist on type 'IntrinsicAttributes & DesktopDatePickerProps<any, false> & RefAttributes<HTMLDivElement>'.
src/pages/Tasks/TaskReports/AssignedTaskReports.tsx(79,10): error TS2740: Type '{ exportData: true; search: true; dateColumn: string; tableTitle: string; data: any; columns: ({ field: string; headerName: string; width: number; cellRenderer?: undefined; } | { field: string; headerName: string; width: number; cellRenderer: (params: any) => Element; } | { ...; } | { ...; })[]; }' is missing the following properties from type '{ data?: any[]; columns?: any[]; dateColumn: any; formatTime?: boolean; formatDate?: boolean; tableHeight: any; tableTitle: any; buttonTitle: any; handleSubmit: any; checkbox: any; checkAll: any; key: any; exportData: any; ... 7 more ...; totalKey?: string; }': tableHeight, buttonTitle, handleSubmit, checkbox, and 6 more.
src/pages/Tasks/TaskReports/AssignedTaskReports.tsx(114,36): error TS2339: Property 'taskName' does not exist on type 'any[]'.
src/pages/Tasks/TaskReports/AssignedTaskReports.tsx(118,36): error TS2339: Property 'description' does not exist on type 'any[]'.
src/pages/Tasks/TaskReports/AssignedTaskReports.tsx(122,36): error TS2339: Property 'assignedBy' does not exist on type 'any[]'.
src/pages/Tasks/TaskReports/AssignedTaskReports.tsx(126,46): error TS2339: Property 'assignedDate' does not exist on type 'any[]'.
src/pages/Tasks/TaskReports/AssignedTaskReports.tsx(130,46): error TS2339: Property 'dueDate' does not exist on type 'any[]'.
src/pages/Tasks/TaskReports/AssignedTaskReports.tsx(134,46): error TS2339: Property 'completedDate' does not exist on type 'any[]'.
src/pages/Tasks/TaskReports/AssignedTaskReports.tsx(138,46): error TS2339: Property 'completedTime' does not exist on type 'any[]'.
src/pages/Tasks/TaskReports/AssignedTaskReports.tsx(142,36): error TS2339: Property 'department' does not exist on type 'any[]'.
src/pages/Tasks/TaskReports/AssignedTaskReports.tsx(144,69): error TS2339: Property 'priority' does not exist on type 'any[]'.
src/pages/Tasks/TaskReports/AssignedTaskReports.tsx(147,36): error TS2339: Property 'status' does not exist on type 'any[]'.
src/pages/Tasks/TaskReports/AssignedTaskReports.tsx(149,68): error TS2339: Property 'remarks' does not exist on type 'any[]'.
src/pages/Tasks/TaskReports/MyTaskReports.tsx(57,10): error TS2740: Type '{ exportData: true; search: true; dateColumn: string; tableTitle: string; data: any; columns: ({ field: string; headerName: string; width: number; cellRenderer?: undefined; } | { field: string; headerName: string; width: number; cellRenderer: (params: any) => Element; } | { ...; })[]; }' is missing the following properties from type '{ data?: any[]; columns?: any[]; dateColumn: any; formatTime?: boolean; formatDate?: boolean; tableHeight: any; tableTitle: any; buttonTitle: any; handleSubmit: any; checkbox: any; checkAll: any; key: any; exportData: any; ... 7 more ...; totalKey?: string; }': tableHeight, buttonTitle, handleSubmit, checkbox, and 6 more.
src/pages/Tasks/TasksDashboard.tsx(25,52): error TS2339: Property 'permissions' does not exist on type 'unknown'.
src/pages/Tasks/TasksDashboard.tsx(108,42): error TS2339: Property 'map' does not exist on type 'unknown'.
src/pages/Tasks/TasksDashboard.tsx(114,46): error TS2488: Type 'unknown' must have a '[Symbol.iterator]()' method that returns an iterator.
src/pages/Tasks/TasksDashboard.tsx(433,39): error TS2339: Property 'pending' does not exist on type 'unknown'.
src/pages/Tasks/TasksDashboard.tsx(433,54): error TS2339: Property 'total' does not exist on type 'unknown'.
src/pages/Tasks/TasksDashboard.tsx(436,19): error TS2339: Property 'pending' does not exist on type 'unknown'.
src/pages/Tasks/TasksDashboard.tsx(541,50): error TS2339: Property 'tasksAllocated' does not exist on type 'unknown'.
src/pages/Tasks/TasksDashboard.tsx(545,50): error TS2339: Property 'tasksCompleted' does not exist on type 'unknown'.
src/pages/Tasks/TasksDashboard.tsx(550,27): error TS2362: The left-hand side of an arithmetic operation must be of type 'any', 'number', 'bigint' or an enum type.
src/pages/Tasks/TasksDashboard.tsx(550,39): error TS2363: The right-hand side of an arithmetic operation must be of type 'any', 'number', 'bigint' or an enum type.
src/pages/Tasks/TasksDashboard.tsx(555,5): error TS2365: Operator '>' cannot be applied to types 'unknown' and 'number'.
src/pages/Tasks/TasksDashboard.tsx(555,22): error TS2362: The left-hand side of an arithmetic operation must be of type 'any', 'number', 'bigint' or an enum type.
src/pages/Tasks/TasksDashboard.tsx(555,46): error TS2363: The right-hand side of an arithmetic operation must be of type 'any', 'number', 'bigint' or an enum type.
src/pages/Tasks/TasksDashboard.tsx(559,5): error TS2365: Operator '>' cannot be applied to types 'unknown' and 'number'.
src/pages/Tasks/TasksDashboard.tsx(559,44): error TS2363: The right-hand side of an arithmetic operation must be of type 'any', 'number', 'bigint' or an enum type.
src/pages/Tasks/TasksDashboard.tsx(634,21): error TS2339: Property 'permission' does not exist on type '{ key: string; title: string; dataType: string; description: string; route: string; }'.
src/pages/Tasks/TasksDashboard.tsx(634,65): error TS2339: Property 'permission' does not exist on type '{ key: string; title: string; dataType: string; description: string; route: string; }'.
src/pages/Tasks/TasksDashboard.tsx(730,10): error TS2740: Type '{ key: any; data: any[]; responsiveResize: true; chartId: any; options: { chart: { type: string; stacked: boolean; fontFamily: string; toolbar: { show: boolean; }; }; colors: string[]; yaxis: { max: number; title: { ...; }; labels: { ...; }; }; ... 4 more ...; fill: { ...; }; }; title: any; titleAmount: string; onYe...' is missing the following properties from type '{ options: any; data: any; dataPoint: any; title: any; titleAmount: any; chartId: any; TitleAmountGreen: any; TitleAmountRed: any; responsiveResize?: boolean; secondParam?: boolean; chartHeight: any; currentYear: any; onYearChange: any; dateKey: any; }': dataPoint, TitleAmountGreen, TitleAmountRed, chartHeight, and 2 more.
src/pages/Tasks/TasksDashboard.tsx(809,36): error TS2339: Property 'key' does not exist on type '{ priority: { key: string; title: string; }; meeting: { key: string; title: string; }; }'.
src/pages/Tasks/TasksDashboard.tsx(811,25): error TS2339: Property 'length' does not exist on type '{ priority: { key: string; title: string; }; meeting: { key: string; title: string; }; }'.
src/pages/Tasks/TasksDashboard.tsx(826,13): error TS2322: Type '{ Title: string; columns: { id: string; label: string; }[]; rows: any; rowKey: string; rowsToDisplay: number; scroll: true; className: string; }' is not assignable to type 'IntrinsicAttributes & { Title: any; columns: any; rows: any; rowKey?: string; rowsToDisplay: any; scroll?: boolean; }'.
  Property 'className' does not exist on type 'IntrinsicAttributes & { Title: any; columns: any; rows: any; rowKey?: string; rowsToDisplay: any; scroll?: boolean; }'.
src/pages/Tasks/TasksDashboard.tsx(842,13): error TS2322: Type '{ Title: string; columns: ({ id: string; label: string; align?: undefined; renderCell?: undefined; } | { id: string; label: string; align: string; renderCell: (row: any) => Element; })[]; rows: any; rowKey: string; rowsToDisplay: number; scroll: true; className: string; }' is not assignable to type 'IntrinsicAttributes & { Title: any; columns: any; rows: any; rowKey?: string; rowsToDisplay: any; scroll?: boolean; }'.
  Property 'className' does not exist on type 'IntrinsicAttributes & { Title: any; columns: any; rows: any; rowKey?: string; rowsToDisplay: any; scroll?: boolean; }'.
src/pages/Tasks/TasksData.tsx(206,18): error TS2769: No overload matches this call.
  Overload 1 of 3, '(callbackfn: (previousValue: { gender: string; count: string; }, currentValue: { gender: string; count: string; }, currentIndex: number, array: { gender: string; count: string; }[]) => { gender: string; count: string; }, initialValue: { ...; }): { ...; }', gave the following error.
    Type 'string' is not assignable to type '{ gender: string; count: string; }'.
  Overload 2 of 3, '(callbackfn: (previousValue: number, currentValue: { gender: string; count: string; }, currentIndex: number, array: { gender: string; count: string; }[]) => number, initialValue: number): number', gave the following error.
    Type 'string' is not assignable to type 'number'.
src/pages/Tasks/TasksData.tsx(210,30): error TS2362: The left-hand side of an arithmetic operation must be of type 'any', 'number', 'bigint' or an enum type.
src/pages/Tasks/TasksData.tsx(210,43): error TS2363: The right-hand side of an arithmetic operation must be of type 'any', 'number', 'bigint' or an enum type.
src/pages/Tasks/TasksData.tsx(227,38): error TS2363: The right-hand side of an arithmetic operation must be of type 'any', 'number', 'bigint' or an enum type.
src/pages/Tickets/DepartmentWiseTickets.tsx(86,46): error TS2339: Property 'id' does not exist on type 'void'.
src/pages/Tickets/DepartmentWiseTickets.tsx(96,25): error TS2339: Property 'response' does not exist on type 'Error'.
src/pages/Tickets/DepartmentWiseTickets.tsx(103,46): error TS2339: Property 'id' does not exist on type 'void'.
src/pages/Tickets/DepartmentWiseTickets.tsx(113,25): error TS2339: Property 'response' does not exist on type 'Error'.
src/pages/Tickets/DepartmentWiseTickets.tsx(121,44): error TS2339: Property 'ticketId' does not exist on type 'void'.
src/pages/Tickets/DepartmentWiseTickets.tsx(123,27): error TS2339: Property 'assignedEmployees' does not exist on type 'void'.
src/pages/Tickets/DepartmentWiseTickets.tsx(136,25): error TS2339: Property 'response' does not exist on type 'Error'.
src/pages/Tickets/DepartmentWiseTickets.tsx(171,18): error TS2345: Argument of type '{ ticketId: any; assignedEmployees: string[]; }' is not assignable to parameter of type 'void'.
src/pages/Tickets/DepartmentWiseTickets.tsx(251,17): error TS2353: Object literal may only specify known properties, and 'isLoading' does not exist in type 'MenuItem'.
src/pages/Tickets/DepartmentWiseTickets.tsx(254,34): error TS2339: Property 'length' does not exist on type 'unknown'.
src/pages/Tickets/DepartmentWiseTickets.tsx(266,23): error TS2322: Type '{ label: string; onClick: () => void; } | { label: string; onClick: () => void; isLoading: boolean; }' is not assignable to type 'MenuItem'.
  Object literal may only specify known properties, and 'isLoading' does not exist in type 'MenuItem'.
src/pages/Tickets/DepartmentWiseTickets.tsx(285,31): error TS2322: Type '"black"' is not assignable to type 'OverridableStringUnion<"error" | "primary" | "secondary" | "info" | "success" | "warning" | "inherit", CircularProgressPropsColorOverrides>'.
src/pages/Tickets/DepartmentWiseTickets.tsx(303,21): error TS2322: Type '`selectedEmployees.${any}`' is not assignable to type '"selectedEmployees"'.
src/pages/Tickets/DepartmentWiseTickets.tsx(306,24): error TS2322: Type '{ checked: boolean; onChange: (...event: any[]) => void; onBlur: Noop; value: {}; disabled?: boolean; name: "selectedEmployees"; ref: RefCallBack; type: "checkbox"; }' is not assignable to type 'DetailedHTMLProps<InputHTMLAttributes<HTMLInputElement>, HTMLInputElement>'.
  Type '{ checked: boolean; onChange: (...event: any[]) => void; onBlur: Noop; value: {}; disabled?: boolean; name: "selectedEmployees"; ref: RefCallBack; type: "checkbox"; }' is not assignable to type 'InputHTMLAttributes<HTMLInputElement>'.
    Types of property 'value' are incompatible.
      Type '{}' is not assignable to type 'string | number | readonly string[]'.
src/pages/Tickets/DepartmentWiseTickets.tsx(317,33): error TS2322: Type '"#1E3D73"' is not assignable to type 'OverridableStringUnion<"error" | "primary" | "secondary" | "info" | "success" | "warning" | "inherit", CircularProgressPropsColorOverrides>'.
src/pages/Tickets/ManageTickets.tsx(22,52): error TS2339: Property 'permissions' does not exist on type 'unknown'.
src/pages/Tickets/ManageTickets.tsx(24,22): error TS2339: Property 'performance' does not exist on type 'unknown'.
src/pages/Tickets/ManageTickets.tsx(33,36): error TS2339: Property 'some' does not exist on type 'unknown'.
src/pages/Tickets/ManageTickets.tsx(81,12): error TS2741: Property 'route' is missing in type '{ title: string; titleColor: string; data: any; fontColor: string; fontFamily: string; }' but required in type 'TicketCardProps'.
src/pages/Tickets/ManageTickets.tsx(88,12): error TS2741: Property 'route' is missing in type '{ title: string; titleColor: string; data: any; fontColor: string; fontFamily: string; }' but required in type 'TicketCardProps'.
src/pages/Tickets/ManageTickets.tsx(95,12): error TS2741: Property 'route' is missing in type '{ title: string; titleColor: string; data: any; fontColor: string; fontFamily: string; }' but required in type 'TicketCardProps'.
src/pages/Tickets/ManageTickets.tsx(113,12): error TS2741: Property 'route' is missing in type '{ title: string; data: any; fontColor: string; fontFamily: string; titleColor: string; }' but required in type 'TicketCardProps'.
src/pages/Tickets/ManageTickets.tsx(120,12): error TS2741: Property 'route' is missing in type '{ title: string; data: any; fontColor: string; fontFamily: string; titleColor: string; }' but required in type 'TicketCardProps'.
src/pages/Tickets/ManageTickets.tsx(127,12): error TS2741: Property 'route' is missing in type '{ title: string; data: any; fontColor: string; fontFamily: string; titleColor: string; }' but required in type 'TicketCardProps'.
src/pages/Tickets/ManageTicketsHome.tsx(22,5): error TS2353: Object literal may only specify known properties, and 'onNotTop' does not exist in type '{ additionalTopUserIds?: any[]; additionalTopDepartmentIds?: any[]; }'.
src/pages/Tickets/RaiseTicket.tsx(37,20): error TS2554: Expected 1 arguments, but got 0.
src/pages/Tickets/RaiseTicket.tsx(81,44): error TS2339: Property 'department' does not exist on type 'void'.
src/pages/Tickets/RaiseTicket.tsx(82,37): error TS2339: Property 'ticketTitle' does not exist on type 'void'.
src/pages/Tickets/RaiseTicket.tsx(83,43): error TS2339: Property 'message' does not exist on type 'void'.
src/pages/Tickets/RaiseTicket.tsx(84,16): error TS2339: Property 'newIssue' does not exist on type 'void'.
src/pages/Tickets/RaiseTicket.tsx(85,42): error TS2339: Property 'newIssue' does not exist on type 'void'.
src/pages/Tickets/RaiseTicket.tsx(89,16): error TS2339: Property 'image' does not exist on type 'void'.
src/pages/Tickets/RaiseTicket.tsx(90,39): error TS2339: Property 'image' does not exist on type 'void'.
src/pages/Tickets/RaiseTicket.tsx(104,24): error TS2339: Property 'value' does not exist on type 'unknown'.
src/pages/Tickets/RaiseTicket.tsx(109,24): error TS2339: Property 'response' does not exist on type 'Error'.
src/pages/Tickets/RaiseTicket.tsx(144,20): error TS2345: Argument of type 'boolean' is not assignable to parameter of type '(prevState: undefined) => undefined'.
src/pages/Tickets/RaiseTicket.tsx(270,47): error TS2322: Type '"black"' is not assignable to type 'OverridableStringUnion<"error" | "primary" | "secondary" | "info" | "success" | "warning" | "inherit", CircularProgressPropsColorOverrides>'.
src/pages/Tickets/RaiseTicket.tsx(374,21): error TS2322: Type '"image"' is not assignable to type '"message" | "ticketTitle" | "department" | "newIssue" | "issue" | `issue.${string}`'.
src/pages/Tickets/RaiseTicket.tsx(380,27): error TS2322: Type 'RefObject<unknown>' is not assignable to type 'Ref<HTMLInputElement>'.
  Type 'RefObject<unknown>' is not assignable to type 'RefObject<HTMLInputElement>'.
    Type '{}' is missing the following properties from type 'HTMLInputElement': accept, align, alt, autocomplete, and 377 more.
src/pages/Tickets/RaiseTicket.tsx(391,48): error TS2339: Property 'value' does not exist on type 'unknown'.
src/pages/Tickets/RaiseTicket.tsx(505,33): error TS2322: Type '"black"' is not assignable to type 'OverridableStringUnion<"error" | "primary" | "secondary" | "info" | "success" | "warning" | "inherit", CircularProgressPropsColorOverrides>'.
src/pages/Tickets/RaiseTicket.tsx(531,15): error TS2322: Type '{ key: any; search: true; dropdownColumns: string[]; data: any; columns: ({ field: string; headerName: string; width: number; cellRenderer?: undefined; pinned?: undefined; } | { field: string; headerName: string; width: number; cellRenderer: (params: any) => string; pinned?: undefined; } | { ...; } | { ...; })[]; pa...' is not assignable to type 'IntrinsicAttributes & { data?: any[]; columns?: any[]; dateColumn: any; formatTime?: boolean; formatDate?: boolean; tableHeight: any; tableTitle: any; buttonTitle: any; handleSubmit: any; ... 11 more ...; totalKey?: string; }'.
  Property 'paginationPageSize' does not exist on type 'IntrinsicAttributes & { data?: any[]; columns?: any[]; dateColumn: any; formatTime?: boolean; formatDate?: boolean; tableHeight: any; tableTitle: any; buttonTitle: any; handleSubmit: any; ... 11 more ...; totalKey?: string; }'.
src/pages/Tickets/RaiseTicket.tsx(538,39): error TS2345: Argument of type 'boolean' is not assignable to parameter of type '(prevState: undefined) => undefined'.
src/pages/Tickets/RaiseTicket.tsx(543,40): error TS2339: Property 'ticketTitle' does not exist on type '{}'.
src/pages/Tickets/RaiseTicket.tsx(547,40): error TS2339: Property 'description' does not exist on type '{}'.
src/pages/Tickets/RaiseTicket.tsx(551,40): error TS2339: Property 'raisedBy' does not exist on type '{}'.
src/pages/Tickets/RaiseTicket.tsx(555,50): error TS2339: Property 'raisedAt' does not exist on type '{}'.
src/pages/Tickets/RaiseTicket.tsx(559,40): error TS2339: Property 'raisedTo' does not exist on type '{}'.
src/pages/Tickets/RaiseTicket.tsx(562,71): error TS2339: Property 'status' does not exist on type '{}'.
src/pages/Tickets/RaiseTicket.tsx(565,40): error TS2339: Property 'priority' does not exist on type '{}'.
src/pages/Tickets/RaiseTicket.tsx(569,40): error TS2339: Property 'acceptedBy' does not exist on type '{}'.
src/pages/Tickets/RaiseTicket.tsx(573,50): error TS2339: Property 'acceptedAt' does not exist on type '{}'.
src/pages/Tickets/RaiseTicket.tsx(577,50): error TS2339: Property 'acceptedAt' does not exist on type '{}'.
src/pages/Tickets/RaiseTicket.tsx(581,40): error TS2339: Property 'closedBy' does not exist on type '{}'.
src/pages/Tickets/RaiseTicket.tsx(583,30): error TS2339: Property 'image' does not exist on type '{}'.
src/pages/Tickets/RaiseTicket.tsx(586,40): error TS2339: Property 'image' does not exist on type '{}'.
src/pages/Tickets/Tables/AcceptedTickets.tsx(118,23): error TS2339: Property 'response' does not exist on type 'Error'.
src/pages/Tickets/Tables/AcceptedTickets.tsx(137,15): error TS2339: Property 'response' does not exist on type 'Error'.
src/pages/Tickets/Tables/AcceptedTickets.tsx(146,36): error TS2339: Property 'description' does not exist on type 'void'.
src/pages/Tickets/Tables/AcceptedTickets.tsx(147,39): error TS2339: Property 'departmentIds' does not exist on type 'void'.
src/pages/Tickets/Tables/AcceptedTickets.tsx(159,25): error TS2339: Property 'response' does not exist on type 'Error'.
src/pages/Tickets/Tables/AcceptedTickets.tsx(173,16): error TS2345: Argument of type '{ ticketId: any; reason: any; }' is not assignable to parameter of type 'void'.
src/pages/Tickets/Tables/AcceptedTickets.tsx(177,20): error TS2345: Argument of type '{ ticketId: any; description: any; departmentIds: any; }' is not assignable to parameter of type 'void'.
src/pages/Tickets/Tables/AcceptedTickets.tsx(276,29): error TS2322: Type '"black"' is not assignable to type 'OverridableStringUnion<"error" | "primary" | "secondary" | "info" | "success" | "warning" | "inherit", LinearProgressPropsColorOverrides>'.
src/pages/Tickets/Tables/AssignedTickets.tsx(260,23): error TS2339: Property 'response' does not exist on type 'Error'.
src/pages/Tickets/Tables/AssignedTickets.tsx(290,44): error TS2339: Property 'ticketId' does not exist on type 'void'.
src/pages/Tickets/Tables/AssignedTickets.tsx(292,27): error TS2339: Property 'assignedEmployees' does not exist on type 'void'.
src/pages/Tickets/Tables/AssignedTickets.tsx(306,25): error TS2339: Property 'response' does not exist on type 'Error'.
src/pages/Tickets/Tables/AssignedTickets.tsx(320,18): error TS2345: Argument of type '{ ticketId: any; assignedEmployees: string[]; }' is not assignable to parameter of type 'void'.
src/pages/Tickets/Tables/AssignedTickets.tsx(356,36): error TS2339: Property 'description' does not exist on type 'void'.
src/pages/Tickets/Tables/AssignedTickets.tsx(357,38): error TS2339: Property 'departmentIds' does not exist on type 'void'.
src/pages/Tickets/Tables/AssignedTickets.tsx(369,25): error TS2339: Property 'response' does not exist on type 'Error'.
src/pages/Tickets/Tables/AssignedTickets.tsx(375,20): error TS2345: Argument of type '{ ticketId: any; description: any; departmentIds: any; }' is not assignable to parameter of type 'void'.
src/pages/Tickets/Tables/AssignedTickets.tsx(402,31): error TS2322: Type '"#1E3D73"' is not assignable to type 'OverridableStringUnion<"error" | "primary" | "secondary" | "info" | "success" | "warning" | "inherit", CircularProgressPropsColorOverrides>'.
src/pages/Tickets/Tables/AssignedTickets.tsx(417,21): error TS2322: Type '`selectedEmployees.${any}`' is not assignable to type '"selectedEmployees"'.
src/pages/Tickets/Tables/AssignedTickets.tsx(420,24): error TS2322: Type '{ checked: boolean; onChange: (...event: any[]) => void; onBlur: Noop; value: {}; disabled?: boolean; name: "selectedEmployees"; ref: RefCallBack; type: "checkbox"; }' is not assignable to type 'DetailedHTMLProps<InputHTMLAttributes<HTMLInputElement>, HTMLInputElement>'.
  Type '{ checked: boolean; onChange: (...event: any[]) => void; onBlur: Noop; value: {}; disabled?: boolean; name: "selectedEmployees"; ref: RefCallBack; type: "checkbox"; }' is not assignable to type 'InputHTMLAttributes<HTMLInputElement>'.
    Types of property 'value' are incompatible.
      Type '{}' is not assignable to type 'string | number | readonly string[]'.
src/pages/Tickets/Tables/AssignedTickets.tsx(431,33): error TS2322: Type '"#1E3D73"' is not assignable to type 'OverridableStringUnion<"error" | "primary" | "secondary" | "info" | "success" | "warning" | "inherit", CircularProgressPropsColorOverrides>'.
src/pages/Tickets/Tables/AssignedTickets.tsx(460,57): error TS2339: Property 'department' does not exist on type 'unknown'.
src/pages/Tickets/Tables/AssignedTickets.tsx(463,55): error TS2339: Property 'department' does not exist on type 'unknown'.
src/pages/Tickets/Tables/AssignedTickets.tsx(469,39): error TS2339: Property 'department' does not exist on type 'unknown'.
src/pages/Tickets/Tables/AssignedTickets.tsx(470,44): error TS2339: Property 'department' does not exist on type 'unknown'.
src/pages/Tickets/Tables/ClosedTickets.tsx(102,31): error TS2322: Type '"black"' is not assignable to type 'OverridableStringUnion<"error" | "primary" | "secondary" | "info" | "success" | "warning" | "inherit", CircularProgressPropsColorOverrides>'.
src/pages/Tickets/Tables/ClosedTickets.tsx(117,9): error TS2322: Type '{}' is not assignable to type 'boolean'.
src/pages/Tickets/Tables/ClosedTickets.tsx(124,40): error TS2339: Property 'ticketTitle' does not exist on type '{}'.
src/pages/Tickets/Tables/ClosedTickets.tsx(128,40): error TS2339: Property 'description' does not exist on type '{}'.
src/pages/Tickets/Tables/ClosedTickets.tsx(132,40): error TS2339: Property 'raisedBy' does not exist on type '{}'.
src/pages/Tickets/Tables/ClosedTickets.tsx(136,49): error TS2339: Property 'createdAt' does not exist on type '{}'.
src/pages/Tickets/Tables/ClosedTickets.tsx(140,40): error TS2339: Property 'fromDepartment' does not exist on type '{}'.
src/pages/Tickets/Tables/ClosedTickets.tsx(144,39): error TS2339: Property 'raisedToDepartment' does not exist on type '{}'.
src/pages/Tickets/Tables/ClosedTickets.tsx(146,71): error TS2339: Property 'status' does not exist on type '{}'.
src/pages/Tickets/Tables/ClosedTickets.tsx(149,40): error TS2339: Property 'priority' does not exist on type '{}'.
src/pages/Tickets/Tables/ClosedTickets.tsx(153,40): error TS2339: Property 'acceptedBy' does not exist on type '{}'.
src/pages/Tickets/Tables/ClosedTickets.tsx(157,40): error TS2339: Property 'acceptedAt' does not exist on type '{}'.
src/pages/Tickets/Tables/ClosedTickets.tsx(161,40): error TS2339: Property 'closedBy' does not exist on type '{}'.
src/pages/Tickets/Tables/ClosedTickets.tsx(165,40): error TS2339: Property 'closedAt' does not exist on type '{}'.
src/pages/Tickets/Tables/EscalatedTickets.tsx(53,23): error TS2339: Property 'response' does not exist on type 'Error'.
src/pages/Tickets/Tables/RecievedTickets.tsx(38,17): error TS2345: Argument of type 'boolean' is not assignable to parameter of type '(prevState: undefined) => undefined'.
src/pages/Tickets/Tables/RecievedTickets.tsx(60,46): error TS2339: Property 'id' does not exist on type 'void'.
src/pages/Tickets/Tables/RecievedTickets.tsx(71,25): error TS2339: Property 'response' does not exist on type 'Error'.
src/pages/Tickets/Tables/RecievedTickets.tsx(78,46): error TS2339: Property 'id' does not exist on type 'void'.
src/pages/Tickets/Tables/RecievedTickets.tsx(79,26): error TS2339: Property 'specifiedReason' does not exist on type 'void'.
src/pages/Tickets/Tables/RecievedTickets.tsx(90,25): error TS2339: Property 'response' does not exist on type 'Error'.
src/pages/Tickets/Tables/RecievedTickets.tsx(98,44): error TS2339: Property 'ticketId' does not exist on type 'void'.
src/pages/Tickets/Tables/RecievedTickets.tsx(100,27): error TS2339: Property 'assignedEmployees' does not exist on type 'void'.
src/pages/Tickets/Tables/RecievedTickets.tsx(113,25): error TS2339: Property 'response' does not exist on type 'Error'.
src/pages/Tickets/Tables/RecievedTickets.tsx(150,18): error TS2345: Argument of type '{ ticketId: any; assignedEmployees: string[]; }' is not assignable to parameter of type 'void'.
src/pages/Tickets/Tables/RecievedTickets.tsx(184,7): error TS2345: Argument of type '{ id: any; specifiedReason: string; }' is not assignable to parameter of type 'void'.
src/pages/Tickets/Tables/RecievedTickets.tsx(247,36): error TS2339: Property 'length' does not exist on type 'unknown'.
src/pages/Tickets/Tables/RecievedTickets.tsx(257,25): error TS2322: Type '({ label: string; onClick: () => void; isLoading: boolean; } | { label: string; onClick: () => void; })[]' is not assignable to type 'MenuItem[]'.
  Type '{ label: string; onClick: () => void; isLoading: boolean; } | { label: string; onClick: () => void; }' is not assignable to type 'MenuItem'.
    Object literal may only specify known properties, and 'isLoading' does not exist in type 'MenuItem'.
src/pages/Tickets/Tables/RecievedTickets.tsx(268,36): error TS2339: Property 'length' does not exist on type 'unknown'.
src/pages/Tickets/Tables/RecievedTickets.tsx(299,31): error TS2322: Type '"black"' is not assignable to type 'OverridableStringUnion<"error" | "primary" | "secondary" | "info" | "success" | "warning" | "inherit", CircularProgressPropsColorOverrides>'.
src/pages/Tickets/Tables/RecievedTickets.tsx(314,36): error TS2345: Argument of type 'boolean' is not assignable to parameter of type '(prevState: undefined) => undefined'.
src/pages/Tickets/Tables/RecievedTickets.tsx(369,21): error TS2322: Type '`selectedEmployees.${any}`' is not assignable to type '"selectedEmployees"'.
src/pages/Tickets/Tables/RecievedTickets.tsx(372,24): error TS2322: Type '{ checked: boolean; onChange: (...event: any[]) => void; onBlur: Noop; value: {}; disabled?: boolean; name: "selectedEmployees"; ref: RefCallBack; type: "checkbox"; }' is not assignable to type 'DetailedHTMLProps<InputHTMLAttributes<HTMLInputElement>, HTMLInputElement>'.
  Type '{ checked: boolean; onChange: (...event: any[]) => void; onBlur: Noop; value: {}; disabled?: boolean; name: "selectedEmployees"; ref: RefCallBack; type: "checkbox"; }' is not assignable to type 'InputHTMLAttributes<HTMLInputElement>'.
    Types of property 'value' are incompatible.
      Type '{}' is not assignable to type 'string | number | readonly string[]'.
src/pages/Tickets/Tables/RecievedTickets.tsx(383,33): error TS2322: Type '"#1E3D73"' is not assignable to type 'OverridableStringUnion<"error" | "primary" | "secondary" | "info" | "success" | "warning" | "inherit", CircularProgressPropsColorOverrides>'.
src/pages/Tickets/Tables/SupportTickets.tsx(122,23): error TS2339: Property 'response' does not exist on type 'Error'.
src/pages/Tickets/Tables/SupportTickets.tsx(150,44): error TS2339: Property 'ticketId' does not exist on type 'void'.
src/pages/Tickets/Tables/SupportTickets.tsx(152,27): error TS2339: Property 'assignedEmployees' does not exist on type 'void'.
src/pages/Tickets/Tables/SupportTickets.tsx(166,25): error TS2339: Property 'response' does not exist on type 'Error'.
src/pages/Tickets/Tables/SupportTickets.tsx(180,18): error TS2345: Argument of type '{ ticketId: any; assignedEmployees: string[]; }' is not assignable to parameter of type 'void'.
src/pages/Tickets/Tables/SupportTickets.tsx(216,36): error TS2339: Property 'description' does not exist on type 'void'.
src/pages/Tickets/Tables/SupportTickets.tsx(217,38): error TS2339: Property 'departmentIds' does not exist on type 'void'.
src/pages/Tickets/Tables/SupportTickets.tsx(229,25): error TS2339: Property 'response' does not exist on type 'Error'.
src/pages/Tickets/Tables/SupportTickets.tsx(235,20): error TS2345: Argument of type '{ ticketId: any; description: any; departmentIds: any; }' is not assignable to parameter of type 'void'.
src/pages/Tickets/Tables/SupportTickets.tsx(371,31): error TS2322: Type '"#1E3D73"' is not assignable to type 'OverridableStringUnion<"error" | "primary" | "secondary" | "info" | "success" | "warning" | "inherit", CircularProgressPropsColorOverrides>'.
src/pages/Tickets/Tables/SupportTickets.tsx(386,21): error TS2322: Type '`selectedEmployees.${any}`' is not assignable to type '"selectedEmployees"'.
src/pages/Tickets/Tables/SupportTickets.tsx(389,24): error TS2322: Type '{ checked: boolean; onChange: (...event: any[]) => void; onBlur: Noop; value: {}; disabled?: boolean; name: "selectedEmployees"; ref: RefCallBack; type: "checkbox"; }' is not assignable to type 'DetailedHTMLProps<InputHTMLAttributes<HTMLInputElement>, HTMLInputElement>'.
  Type '{ checked: boolean; onChange: (...event: any[]) => void; onBlur: Noop; value: {}; disabled?: boolean; name: "selectedEmployees"; ref: RefCallBack; type: "checkbox"; }' is not assignable to type 'InputHTMLAttributes<HTMLInputElement>'.
    Types of property 'value' are incompatible.
      Type '{}' is not assignable to type 'string | number | readonly string[]'.
src/pages/Tickets/Tables/SupportTickets.tsx(400,33): error TS2322: Type '"#1E3D73"' is not assignable to type 'OverridableStringUnion<"error" | "primary" | "secondary" | "info" | "success" | "warning" | "inherit", CircularProgressPropsColorOverrides>'.
src/pages/Tickets/Tables/SupportTickets.tsx(429,57): error TS2339: Property 'name' does not exist on type 'unknown'.
src/pages/Tickets/Tables/SupportTickets.tsx(432,55): error TS2339: Property '_id' does not exist on type 'unknown'.
src/pages/Tickets/Tables/SupportTickets.tsx(438,39): error TS2339: Property '_id' does not exist on type 'unknown'.
src/pages/Tickets/Tables/SupportTickets.tsx(439,44): error TS2339: Property 'name' does not exist on type 'unknown'.
src/pages/Tickets/TeamMembers.tsx(19,35): error TS2339: Property 'map' does not exist on type 'unknown'.
src/pages/Tickets/TicketDashboard.tsx(24,52): error TS2339: Property 'permissions' does not exist on type 'unknown'.
src/pages/Tickets/TicketDashboard.tsx(65,32): error TS2339: Property 'map' does not exist on type 'unknown'.
src/pages/Tickets/TicketDashboard.tsx(66,39): error TS2339: Property 'map' does not exist on type 'unknown'.
src/pages/Tickets/TicketDashboard.tsx(84,35): error TS2339: Property 'departmentsIsLoading' does not exist on type 'UseQueryResult<any, Error>'.
src/pages/Tickets/TicketDashboard.tsx(134,43): error TS2339: Property 'map' does not exist on type 'unknown'.
src/pages/Tickets/TicketDashboard.tsx(445,15): error TS2322: Type 'string' is not assignable to type 'TimeFilter'.
src/pages/Tickets/TicketDashboard.tsx(520,12): error TS2739: Type '{ centerLabel: string; labels: any[] | string[]; colors: string[]; series: any[]; tooltipValue: any[]; onSliceClick: (index: any) => void; }' is missing the following properties from type '{ centerLabel: any; labels: any; colors: any; series: any; tooltipValue: any; handleClick: any; onSliceClick: any; width: any; isMonetary?: boolean; }': handleClick, width
src/pages/Tickets/TicketDashboard.tsx(537,11): error TS2322: Type '{ layout: number; key: string; cardTitle: string; timePeriod: string; highlightNegativePositive: boolean; disableColorChange: boolean; descriptionData: { title: string; value: any; route: string; }[]; }' is not assignable to type 'IntrinsicAttributes & FinanceCardProps'.
  Property 'layout' does not exist on type 'IntrinsicAttributes & FinanceCardProps'.
src/pages/Tickets/TicketReports.tsx(32,70): error TS2339: Property 'map' does not exist on type 'unknown'.
src/pages/Tickets/TicketReports.tsx(96,15): error TS2322: Type '{ search: true; exportData: boolean; tableTitle: string; hideFilter: boolean; data: any[]; dateColumn: string; columns: ({ field: string; headerName: string; flex: number; cellRenderer?: undefined; } | { ...; } | { ...; })[]; }' is not assignable to type 'IntrinsicAttributes & { data?: any[]; columns?: any[]; dateColumn: any; formatTime?: boolean; formatDate?: boolean; tableHeight: any; tableTitle: any; buttonTitle: any; handleSubmit: any; ... 11 more ...; totalKey?: string; }'.
  Property 'hideFilter' does not exist on type 'IntrinsicAttributes & { data?: any[]; columns?: any[]; dateColumn: any; formatTime?: boolean; formatDate?: boolean; tableHeight: any; tableTitle: any; buttonTitle: any; handleSubmit: any; ... 11 more ...; totalKey?: string; }'.
src/pages/Tickets/TicketSettings.tsx(15,6): error TS2695: Left side of comma operator is unused and has no side effects.
src/pages/Tickets/TicketSettings.tsx(120,11): error TS2322: Type '{ title: string; bgcolor: string; data: string; titleColor: string; fontColor: string; height: string; fontFamily: string; }' is not assignable to type 'IntrinsicAttributes & CardProps'.
  Property 'data' does not exist on type 'IntrinsicAttributes & CardProps'.
src/pages/Tickets/TicketSettings.tsx(128,11): error TS2322: Type '{ title: string; data: string; bgcolor: string; titleColor: string; fontColor: string; height: string; fontFamily: string; }' is not assignable to type 'IntrinsicAttributes & CardProps'.
  Property 'data' does not exist on type 'IntrinsicAttributes & CardProps'.
src/pages/Tickets/TicketSettings.tsx(137,11): error TS2322: Type '{ title: string; data: string; bgcolor: string; titleColor: string; fontColor: string; height: string; fontFamily: string; }' is not assignable to type 'IntrinsicAttributes & CardProps'.
  Property 'data' does not exist on type 'IntrinsicAttributes & CardProps'.
src/pages/Tickets/TicketSettings.tsx(147,11): error TS2322: Type '{ title: string; bgcolor: string; data: string; titleColor: string; fontColor: string; height: string; fontFamily: string; }' is not assignable to type 'IntrinsicAttributes & CardProps'.
  Property 'data' does not exist on type 'IntrinsicAttributes & CardProps'.
src/pages/Tickets/TicketSettingsnew.tsx(53,64): error TS2339: Property 'length' does not exist on type 'unknown'.
src/pages/Tickets/TicketSettingsnew.tsx(197,35): error TS2339: Property 'ticketsDataIsLoading' does not exist on type 'UseQueryResult<any, Error>'.
src/pages/Tickets/TicketSettingsnew.tsx(223,23): error TS2339: Property 'response' does not exist on type 'Error'.
src/pages/Tickets/TicketSettingsnew.tsx(239,23): error TS2339: Property 'response' does not exist on type 'Error'.
src/pages/Visitors/ExternalClients.tsx(63,9): error TS2353: Object literal may only specify known properties, and 'id' does not exist in type '{ firstName: string; lastName: string; email: string; phoneNumber: string; purposeOfVisit: string; toMeet: string; checkIn: string; checkOut: string; checkOutRaw: any; paymentStatus: string; paymentAmount: number; paymentMode: string; brandName: string; registeredClientCompany: string; } | { ...; } | ResetAction<...>'.
src/pages/Visitors/ExternalClients.tsx(63,30): error TS2339: Property 'mongoId' does not exist on type 'any[]'.
src/pages/Visitors/ExternalClients.tsx(64,36): error TS2339: Property 'firstName' does not exist on type 'any[]'.
src/pages/Visitors/ExternalClients.tsx(65,35): error TS2339: Property 'lastName' does not exist on type 'any[]'.
src/pages/Visitors/ExternalClients.tsx(66,34): error TS2339: Property 'address' does not exist on type 'any[]'.
src/pages/Visitors/ExternalClients.tsx(67,32): error TS2339: Property 'email' does not exist on type 'any[]'.
src/pages/Visitors/ExternalClients.tsx(68,38): error TS2339: Property 'phoneNumber' does not exist on type 'any[]'.
src/pages/Visitors/ExternalClients.tsx(69,41): error TS2339: Property 'purposeOfVisit' does not exist on type 'any[]'.
src/pages/Visitors/ExternalClients.tsx(70,33): error TS2339: Property 'toMeet' does not exist on type 'any[]'.
src/pages/Visitors/ExternalClients.tsx(71,34): error TS2339: Property 'checkIn' does not exist on type 'any[]'.
src/pages/Visitors/ExternalClients.tsx(71,60): error TS2339: Property 'checkIn' does not exist on type 'any[]'.
src/pages/Visitors/ExternalClients.tsx(72,39): error TS2339: Property 'checkOutRaw' does not exist on type 'any[]'.
src/pages/Visitors/ExternalClients.tsx(73,35): error TS2339: Property 'checkOutRaw' does not exist on type 'any[]'.
src/pages/Visitors/ExternalClients.tsx(83,57): error TS2339: Property 'mongoId' does not exist on type 'any[]'.
src/pages/Visitors/ExternalClients.tsx(164,13): error TS2322: Type '{ children: Element; role: "button"; disabled: any; onClick: (e: MouseEvent<HTMLDivElement, MouseEvent>) => void; className: string; }' is not assignable to type 'DetailedHTMLProps<HTMLAttributes<HTMLDivElement>, HTMLDivElement>'.
  Property 'disabled' does not exist on type 'DetailedHTMLProps<HTMLAttributes<HTMLDivElement>, HTMLDivElement>'.
src/pages/Visitors/ExternalClients.tsx(179,45): error TS2339: Property 'firstName' does not exist on type 'any[]'.
src/pages/Visitors/ExternalClients.tsx(180,44): error TS2339: Property 'lastName' does not exist on type 'any[]'.
src/pages/Visitors/ExternalClients.tsx(181,41): error TS2339: Property 'email' does not exist on type 'any[]'.
src/pages/Visitors/ExternalClients.tsx(182,47): error TS2339: Property 'phoneNumber' does not exist on type 'any[]'.
src/pages/Visitors/ExternalClients.tsx(183,50): error TS2339: Property 'purposeOfVisit' does not exist on type 'any[]'.
src/pages/Visitors/ExternalClients.tsx(186,25): error TS2339: Property 'checkOutRaw' does not exist on type 'any[]'.
src/pages/Visitors/ExternalClients.tsx(186,61): error TS2339: Property 'checkOutRaw' does not exist on type 'any[]'.
src/pages/Visitors/ExternalClients.tsx(188,49): error TS2339: Property 'paymentStatus' does not exist on type 'any[]'.
src/pages/Visitors/ExternalClients.tsx(189,45): error TS2339: Property 'brandName' does not exist on type 'any[]'.
src/pages/Visitors/ExternalClients.tsx(190,59): error TS2339: Property 'registeredClientCompany' does not exist on type 'any[]'.
src/pages/Visitors/ExternalClients.tsx(224,14): error TS2345: Argument of type '{ firstName: any; lastName: any; email: any; phoneNumber: any; purposeOfVisit: any; checkOut: string; paymentStatus: any; paymentAmount: any; paymentMode: any; brandName: any; registeredClientCompany: any; }' is not assignable to parameter of type 'void'.
src/pages/Visitors/ExternalClients.tsx(272,11): error TS2322: Type '{ search: true; tableTitle: string; dateColumn: string; data: any[]; columns: ({ field: string; headerName: string; sort: string; cellRenderer?: undefined; } | { field: string; headerName: string; sort?: undefined; cellRenderer?: undefined; } | { ...; } | { ...; })[]; handleClick: () => void; }' is not assignable to type 'IntrinsicAttributes & { data?: any[]; columns?: any[]; dateColumn: any; formatTime?: boolean; formatDate?: boolean; tableHeight: any; tableTitle: any; buttonTitle: any; handleSubmit: any; ... 11 more ...; totalKey?: string; }'.
  Property 'handleClick' does not exist on type 'IntrinsicAttributes & { data?: any[]; columns?: any[]; dateColumn: any; formatTime?: boolean; formatDate?: boolean; tableHeight: any; tableTitle: any; buttonTitle: any; handleSubmit: any; ... 11 more ...; totalKey?: string; }'.
src/pages/Visitors/ExternalClients.tsx(301,45): error TS2339: Property 'firstName' does not exist on type 'any[]'.
src/pages/Visitors/ExternalClients.tsx(322,45): error TS2339: Property 'lastName' does not exist on type 'any[]'.
src/pages/Visitors/ExternalClients.tsx(344,45): error TS2339: Property 'phoneNumber' does not exist on type 'any[]'.
src/pages/Visitors/ExternalClients.tsx(366,45): error TS2339: Property 'email' does not exist on type 'any[]'.
src/pages/Visitors/ExternalClients.tsx(387,45): error TS2339: Property 'purposeOfVisit' does not exist on type 'any[]'.
src/pages/Visitors/ExternalClients.tsx(407,45): error TS2339: Property 'brandName' does not exist on type 'any[]'.
src/pages/Visitors/ExternalClients.tsx(427,45): error TS2339: Property 'registeredClientCompany' does not exist on type 'any[]'.
src/pages/Visitors/ExternalClients.tsx(442,27): error TS2322: Type '{ label: string; value: Dayjs; onChange: (...event: any[]) => void; slotProps: { textField: { size: "small"; }; }; renderInput: (params: any) => Element; }' is not assignable to type 'IntrinsicAttributes & TimePickerProps<any, false> & RefAttributes<HTMLDivElement>'.
  Property 'renderInput' does not exist on type 'IntrinsicAttributes & TimePickerProps<any, false> & RefAttributes<HTMLDivElement>'.
src/pages/Visitors/ExternalClients.tsx(452,42): error TS2339: Property 'checkOutRaw' does not exist on type 'any[]'.
src/pages/Visitors/ExternalClients.tsx(453,55): error TS2339: Property 'checkOutRaw' does not exist on type 'any[]'.
src/pages/Visitors/Forms/AddClient.tsx(117,11): error TS2698: Spread types may only be created from object types.
src/pages/Visitors/Forms/AddClient.tsx(119,61): error TS2339: Property 'toMeet' does not exist on type 'void'.
src/pages/Visitors/Forms/AddClient.tsx(553,23): error TS2322: Type 'string' is not assignable to type 'File'.
src/pages/Visitors/Forms/AddClient.tsx(632,23): error TS2322: Type 'string' is not assignable to type 'File'.
src/pages/Visitors/Forms/AddClient.tsx(740,23): error TS2322: Type 'string' is not assignable to type 'File'.
src/pages/Visitors/Forms/AddClient.tsx(773,29): error TS2322: Type 'string | FieldError | Merge<FieldError, FieldErrorsImpl<any>>' is not assignable to type 'ReactNode'.
  Type 'FieldError' is not assignable to type 'ReactNode'.
    Type 'FieldError' is missing the following properties from type 'ReactPortal': children, props, key
src/pages/Visitors/Forms/AddClient.tsx(799,25): error TS2322: Type '{ label: string; slotProps: { textField: { size: "small"; fullWidth: true; }; }; render: (params: any) => Element; onChange: (...event: any[]) => void; onBlur: Noop; value: any; disabled?: boolean; name: "checkOut"; ref: RefCallBack; }' is not assignable to type 'IntrinsicAttributes & TimePickerProps<any, false> & RefAttributes<HTMLDivElement>'.
  Property 'render' does not exist on type 'IntrinsicAttributes & TimePickerProps<any, false> & RefAttributes<HTMLDivElement>'.
src/pages/Visitors/Forms/AddVisitor.tsx(77,39): error TS2339: Property 'clientCompaniesIsLoading' does not exist on type 'UseQueryResult<any, Error>'.
src/pages/Visitors/Forms/AddVisitor.tsx(122,9): error TS2698: Spread types may only be created from object types.
src/pages/Visitors/Forms/AddVisitor.tsx(124,59): error TS2339: Property 'toMeet' does not exist on type 'void'.
src/pages/Visitors/Forms/AddVisitor.tsx(503,33): error TS2322: Type 'string | FieldError | Merge<FieldError, FieldErrorsImpl<any>>' is not assignable to type 'ReactNode'.
  Type 'FieldError' is not assignable to type 'ReactNode'.
    Type 'FieldError' is missing the following properties from type 'ReactPortal': children, props, key
src/pages/Visitors/Forms/AddVisitor.tsx(525,31): error TS2322: Type 'string | FieldError | Merge<FieldError, FieldErrorsImpl<any>>' is not assignable to type 'ReactNode'.
  Type 'FieldError' is not assignable to type 'ReactNode'.
    Type 'FieldError' is missing the following properties from type 'ReactPortal': children, props, key
src/pages/Visitors/Forms/AddVisitor.tsx(547,31): error TS2322: Type 'string | FieldError | Merge<FieldError, FieldErrorsImpl<any>>' is not assignable to type 'ReactNode'.
  Type 'FieldError' is not assignable to type 'ReactNode'.
    Type 'FieldError' is missing the following properties from type 'ReactPortal': children, props, key
src/pages/Visitors/Forms/ViewVisitorDetails.tsx(197,31): error TS2769: No overload matches this call.
  Overload 1 of 2, '(props: { component: ElementType<any, keyof IntrinsicElements>; } & FormHelperTextOwnProps & CommonProps & Omit<...>): Element', gave the following error.
    Type 'string | FieldError | Merge<FieldError, FieldErrorsImpl<any>>' is not assignable to type 'ReactNode'.
      Type 'FieldError' is not assignable to type 'ReactNode'.
        Type 'FieldError' is missing the following properties from type 'ReactPortal': children, props, key
  Overload 2 of 2, '(props: DefaultComponentProps<FormHelperTextTypeMap<{}, "p">>): Element', gave the following error.
    Type 'string | FieldError | Merge<FieldError, FieldErrorsImpl<any>>' is not assignable to type 'ReactNode'.
      Type 'FieldError' is not assignable to type 'ReactNode'.
        Type 'FieldError' is missing the following properties from type 'ReactPortal': children, props, key
src/pages/Visitors/Forms/ViewVisitorDetails.tsx(217,31): error TS2769: No overload matches this call.
  Overload 1 of 2, '(props: { component: ElementType<any, keyof IntrinsicElements>; } & FormHelperTextOwnProps & CommonProps & Omit<...>): Element', gave the following error.
    Type 'string | FieldError | Merge<FieldError, FieldErrorsImpl<any>>' is not assignable to type 'ReactNode'.
      Type 'FieldError' is not assignable to type 'ReactNode'.
        Type 'FieldError' is missing the following properties from type 'ReactPortal': children, props, key
  Overload 2 of 2, '(props: DefaultComponentProps<FormHelperTextTypeMap<{}, "p">>): Element', gave the following error.
    Type 'string | FieldError | Merge<FieldError, FieldErrorsImpl<any>>' is not assignable to type 'ReactNode'.
      Type 'FieldError' is not assignable to type 'ReactNode'.
        Type 'FieldError' is missing the following properties from type 'ReactPortal': children, props, key
src/pages/Visitors/Forms/ViewVisitorDetails.tsx(234,19): error TS2322: Type 'string | FieldError | Merge<FieldError, FieldErrorsImpl<any>>' is not assignable to type 'ReactNode'.
  Type 'FieldError' is not assignable to type 'ReactNode'.
    Type 'FieldError' is missing the following properties from type 'ReactPortal': children, props, key
src/pages/Visitors/Forms/ViewVisitorDetails.tsx(250,19): error TS2322: Type 'string | FieldError | Merge<FieldError, FieldErrorsImpl<any>>' is not assignable to type 'ReactNode'.
  Type 'FieldError' is not assignable to type 'ReactNode'.
    Type 'FieldError' is missing the following properties from type 'ReactPortal': children, props, key
src/pages/Visitors/Forms/ViewVisitorDetails.tsx(270,19): error TS2322: Type 'string | FieldError | Merge<FieldError, FieldErrorsImpl<any>>' is not assignable to type 'ReactNode'.
  Type 'FieldError' is not assignable to type 'ReactNode'.
    Type 'FieldError' is missing the following properties from type 'ReactPortal': children, props, key
src/pages/Visitors/Forms/ViewVisitorDetails.tsx(288,19): error TS2322: Type 'string | FieldError | Merge<FieldError, FieldErrorsImpl<any>>' is not assignable to type 'ReactNode'.
  Type 'FieldError' is not assignable to type 'ReactNode'.
    Type 'FieldError' is missing the following properties from type 'ReactPortal': children, props, key
src/pages/Visitors/Forms/ViewVisitorDetails.tsx(323,19): error TS2322: Type 'string | FieldError | Merge<FieldError, FieldErrorsImpl<any>>' is not assignable to type 'ReactNode'.
  Type 'FieldError' is not assignable to type 'ReactNode'.
    Type 'FieldError' is missing the following properties from type 'ReactPortal': children, props, key
src/pages/Visitors/ManageVisitors.tsx(124,10): error TS2740: Type '{ dateColumn: string; search: true; tableTitle: string; data: any; columns: ({ field: string; headerName: string; cellRenderer?: undefined; } | { field: string; headerName: string; cellRenderer: (params: any) => string; } | { ...; })[]; }' is missing the following properties from type '{ data?: any[]; columns?: any[]; dateColumn: any; formatTime?: boolean; formatDate?: boolean; tableHeight: any; tableTitle: any; buttonTitle: any; handleSubmit: any; checkbox: any; checkAll: any; key: any; exportData: any; ... 7 more ...; totalKey?: string; }': tableHeight, buttonTitle, handleSubmit, checkbox, and 7 more.
src/pages/Visitors/VisitorDashboard.tsx(28,52): error TS2339: Property 'permissions' does not exist on type 'unknown'.
src/pages/Visitors/VisitorDashboard.tsx(175,23): error TS2365: Operator '+' cannot be applied to types 'number' and 'unknown'.
src/pages/Visitors/VisitorDashboard.tsx(179,18): error TS2362: The left-hand side of an arithmetic operation must be of type 'any', 'number', 'bigint' or an enum type.
src/pages/Visitors/VisitorDashboard.tsx(363,20): error TS2365: Operator '+' cannot be applied to types 'number' and 'unknown'.
src/pages/Visitors/VisitorDashboard.tsx(369,14): error TS2362: The left-hand side of an arithmetic operation must be of type 'any', 'number', 'bigint' or an enum type.
src/pages/Visitors/VisitorDashboard.tsx(412,17): error TS2365: Operator '+' cannot be applied to types 'number' and 'unknown'.
src/pages/Visitors/VisitorDashboard.tsx(417,18): error TS2362: The left-hand side of an arithmetic operation must be of type 'any', 'number', 'bigint' or an enum type.
src/pages/Visitors/VisitorDashboard.tsx(431,35): error TS2365: Operator '>' cannot be applied to types 'unknown' and 'number'.
src/pages/Visitors/VisitorDashboard.tsx(812,14): error TS2739: Type '{ centerLabel: string; labels: string[]; colors: string[]; series: unknown[]; tooltipValue: string[]; }' is missing the following properties from type '{ centerLabel: any; labels: any; colors: any; series: any; tooltipValue: any; handleClick: any; onSliceClick: any; width: any; isMonetary?: boolean; }': handleClick, onSliceClick, width
src/pages/Visitors/VisitorDashboard.tsx(830,15): error TS2322: Type 'string' is not assignable to type 'number'.
src/pages/Visitors/VisitorDashboard.tsx(883,13): error TS2322: Type '{ id: number; value: string; actualCount: any; label: string; color: string; }[] | { label: string; value: unknown; }[]' is not assignable to type 'PieChartItem[]'.
  Type '{ label: string; value: unknown; }[]' is not assignable to type 'PieChartItem[]'.
    Type '{ label: string; value: unknown; }' is not assignable to type 'PieChartItem'.
      Types of property 'value' are incompatible.
        Type 'unknown' is not assignable to type 'string | number'.
src/pages/Visitors/VisitorDashboard.tsx(904,15): error TS2322: Type '{ Title: string; columns: ({ id: string; label: string; minWidth: number; align?: undefined; width?: undefined; } | { id: string; label: string; align: string; minWidth: number; width?: undefined; } | { id: string; label: string; width: number; minWidth?: undefined; align?: undefined; })[]; ... 4 more ...; className...' is not assignable to type 'IntrinsicAttributes & { Title: any; columns: any; rows: any; rowKey?: string; rowsToDisplay: any; scroll?: boolean; }'.
  Property 'className' does not exist on type 'IntrinsicAttributes & { Title: any; columns: any; rows: any; rowKey?: string; rowsToDisplay: any; scroll?: boolean; }'.
src/pages/Visitors/VisitorReports.tsx(89,13): error TS2322: Type '{ exportData: true; dateColumn: string; search: true; searchColumn: string; tableTitle: string; data: any; columns: ({ field: string; headerName: string; cellRenderer?: undefined; } | { field: string; headerName: string; cellRenderer: (params: any) => Element; } | { ...; })[]; loading: boolean; }' is not assignable to type 'IntrinsicAttributes & { data?: any[]; columns?: any[]; dateColumn: any; formatTime?: boolean; formatDate?: boolean; tableHeight: any; tableTitle: any; buttonTitle: any; handleSubmit: any; ... 11 more ...; totalKey?: string; }'.
  Property 'searchColumn' does not exist on type 'IntrinsicAttributes & { data?: any[]; columns?: any[]; dateColumn: any; formatTime?: boolean; formatDate?: boolean; tableHeight: any; tableTitle: any; buttonTitle: any; handleSubmit: any; ... 11 more ...; totalKey?: string; }'.
src/pages/Visitors/VisitorReviews.tsx(51,30): error TS2339: Property 'id' does not exist on type '{}'.
src/pages/Visitors/VisitorReviews.tsx(52,21): error TS2339: Property 'reply' does not exist on type 'void'.
src/pages/Visitors/VisitorReviews.tsx(61,37): error TS2559: Type 'string[]' has no properties in common with type 'InvalidateQueryFilters<readonly unknown[]>'.
src/pages/Visitors/VisitorReviews.tsx(210,27): error TS2339: Property 'nameofreview' does not exist on type '{}'.
src/pages/Visitors/VisitorReviews.tsx(213,29): error TS2339: Property 'rate' does not exist on type '{}'.
src/pages/Visitors/VisitorReviews.tsx(216,30): error TS2339: Property 'Reviews' does not exist on type '{}'.
src/pages/Visitors/VisitorReviews.tsx(220,40): error TS2345: Argument of type 'UseMutateFunction<any, Error, void, unknown>' is not assignable to parameter of type 'SubmitHandler<{ reply: string; }>'.
  Types of parameters 'variables' and 'data' are incompatible.
    Type '{ reply: string; }' is not assignable to type 'void'.
src/routes/Routes.tsx(445,31): error TS2741: Property 'pageTitle' is missing in type '{}' but required in type '{ pageTitle: any; }'.
src/routes/Routes.tsx(546,31): error TS2741: Property 'title' is missing in type '{}' but required in type '{ title: any; }'.
src/utils/calculateAverageAttendance .ts(16,27): error TS2339: Property 'size' does not exist on type 'unknown'.
src/utils/calculateAverageDailyWorkingHours .ts(66,23): error TS2362: The left-hand side of an arithmetic operation must be of type 'any', 'number', 'bigint' or an enum type.
src/utils/dateFormat.ts(55,26): error TS2339: Property 'duration' does not exist on type 'typeof import("D:/HostPanel/client/node_modules/dayjs/index.d.ts")'.
src/utils/humanDateForamt.ts(9,15): error TS2345: Argument of type 'Date' is not assignable to parameter of type 'number'.
